
> web@0.1.0 build C:\Users\user\Desktop\deybis\tote-bag\apps\web
> next build

▲ Next.js 16.2.3 (Turbopack)
- Environments: .env

  Creating an optimized production build ...
✓ Compiled successfully in 25.7s
  Running TypeScript ...
  Finished TypeScript in 39.8s ...
  Collecting page data using 7 workers ...
  Generating static pages using 7 workers (0/55) ...
🌐 i18next is maintained with support from Locize — consider powering your project with managed localization (AI, CDN, integrations): https://locize.com 💙
🌐 i18next is maintained with support from Locize — consider powering your project with managed localization (AI, CDN, integrations): https://locize.com 💙
🌐 i18next is maintained with support from Locize — consider powering your project with managed localization (AI, CDN, integrations): https://locize.com 💙
  Generating static pages using 7 workers (13/55) 
  Generating static pages using 7 workers (27/55) 
  Generating static pages using 7 workers (41/55) 
✓ Generating static pages using 7 workers (55/55) in 3.3s
  Finalizing page optimization ...

Route (app)                                                 Revalidate  Expire
┌ ○ /
├ ○ /_not-found
├ ○ /about
├ ƒ /api/payments/wompi/webhook
├ ƒ /api/proxy/[...path]
├ ƒ /api/v1/[...path]
├ ƒ /auth/signout
├ ƒ /b2b
├ ○ /beneficios
├ ƒ /catalog
├ ƒ /catalog/[slug]
├ ○ /checkout
├ ○ /checkout/confirmacion
├ ○ /corporativo
├ ƒ /dashboard
├ ƒ /dashboard/audit
├ ƒ /dashboard/b2b
├ ƒ /dashboard/compras/facturacion
├ ƒ /dashboard/compras/recepcion
├ ƒ /dashboard/conocimiento
├ ƒ /dashboard/customers
├ ƒ /dashboard/finanzas
├ ƒ /dashboard/finanzas/cash-flow
├ ƒ /dashboard/finanzas/nomina
├ ƒ /dashboard/finanzas/opex
├ ƒ /dashboard/logistica/envios
├ ƒ /dashboard/logistica/insumos
├ ƒ /dashboard/logistica/inventario
├ ƒ /dashboard/logistica/inventario/salidas-no-comerciales
├ ƒ /dashboard/logistica/proveedores
├ ƒ /dashboard/orders
├ ƒ /dashboard/orders/new
├ ƒ /dashboard/personalizaciones
├ ƒ /dashboard/personalizaciones/nueva
├ ƒ /dashboard/pqrs
├ ƒ /dashboard/products
├ ƒ /dashboard/products/[id]/edit
├ ƒ /dashboard/products/new
├ ƒ /dashboard/reportes
├ ƒ /dashboard/settings
├ ƒ /dashboard/settings/users
├ ƒ /dashboard/strategy/pricing
├ ○ /envios
├ ○ /forgot-password
├ ○ /legal/cookies
├ ○ /legal/data-processing
├ ○ /legal/privacy
├ ƒ /linea/[slug]
├ ○ /lineas
├ ○ /login
├ ƒ /personaliza
├ ƒ /personaliza/configurador
├ ○ /pqrs
├ ○ /profile
├ ○ /register
├ ○ /reset-password
├ ○ /robots.txt
└ ○ /sitemap.xml                                                    1h      1y


ƒ Proxy (Middleware)

○  (Static)   prerendered as static content
ƒ  (Dynamic)  server-rendered on demand

