
> api@0.0.1 start C:\Users\user\Desktop\deybis\tote-bag\apps\api
> nest start

[Nest] 2026-03-11T19:49:16.992Z [32minfo[39m [NestFactory] Starting Nest application... +0ms
[Nest] 2026-03-11T19:49:17.116Z [32minfo[39m [InstanceLoader] SentryModule dependencies initialized +123ms
[Nest] 2026-03-11T19:49:17.117Z [32minfo[39m [InstanceLoader] PrismaModule dependencies initialized +1ms
[Nest] 2026-03-11T19:49:17.119Z [32minfo[39m [InstanceLoader] CartModule dependencies initialized +2ms
[Nest] 2026-03-11T19:49:17.120Z [32minfo[39m [InstanceLoader] AdminModule dependencies initialized +1ms
[Nest] 2026-03-11T19:49:17.124Z [32minfo[39m [InstanceLoader] ConfigHostModule dependencies initialized +4ms
[Nest] 2026-03-11T19:49:17.125Z [32minfo[39m [InstanceLoader] ThrottlerModule dependencies initialized +1ms
[Nest] 2026-03-11T19:49:17.127Z [32minfo[39m [InstanceLoader] PrometheusModule dependencies initialized +2ms
[Nest] 2026-03-11T19:49:17.127Z [32minfo[39m [InstanceLoader] RolesModule dependencies initialized +0ms
[Nest] 2026-03-11T19:49:17.153Z [32minfo[39m [InstanceLoader] ConfigModule dependencies initialized +26ms
[Nest] 2026-03-11T19:49:17.153Z [32minfo[39m [InstanceLoader] ConfigModule dependencies initialized +0ms
[Nest] 2026-03-11T19:49:17.156Z [32minfo[39m [InstanceLoader] DashboardModule dependencies initialized +3ms
[Nest] 2026-03-11T19:49:17.156Z [32minfo[39m [InstanceLoader] PricingModule dependencies initialized +0ms
[Nest] 2026-03-11T19:49:17.157Z [32minfo[39m [InstanceLoader] AuthModule dependencies initialized +1ms
[Nest] 2026-03-11T19:49:17.157Z [32minfo[39m [InstanceLoader] LocationsModule dependencies initialized +0ms
[Nest] 2026-03-11T19:49:17.158Z [32minfo[39m [InstanceLoader] AuditModule dependencies initialized +1ms
[Nest] 2026-03-11T19:49:17.158Z [32minfo[39m [InstanceLoader] ConfigurationModule dependencies initialized +0ms
[Nest] 2026-03-11T19:49:17.158Z [32minfo[39m [InstanceLoader] PersonalizationsModule dependencies initialized +0ms
[Nest] 2026-03-11T19:49:17.159Z [32minfo[39m [InstanceLoader] CollectionsModule dependencies initialized +1ms
[Nest] 2026-03-11T19:49:17.159Z [32minfo[39m [InstanceLoader] WizardModule dependencies initialized +0ms
[Nest] 2026-03-11T19:49:17.159Z [32minfo[39m [InstanceLoader] UsersModule dependencies initialized +0ms
[Nest] 2026-03-11T19:49:17.160Z [32minfo[39m [InstanceLoader] StorageModule dependencies initialized +1ms
[Nest] 2026-03-11T19:49:17.160Z [32minfo[39m [InstanceLoader] InventoryModule dependencies initialized +0ms
[Nest] 2026-03-11T19:49:17.160Z [32minfo[39m [InstanceLoader] ProfilesModule dependencies initialized +0ms
[Nest] 2026-03-11T19:49:17.160Z [32minfo[39m [InstanceLoader] ShippingModule dependencies initialized +0ms
[Nest] 2026-03-11T19:49:17.161Z [32minfo[39m [InstanceLoader] AddressesModule dependencies initialized +1ms
[Nest] 2026-03-11T19:49:17.163Z [32minfo[39m [InstanceLoader] OrdersModule dependencies initialized +2ms
[Nest] 2026-03-11T19:49:17.163Z [32minfo[39m [InstanceLoader] AppModule dependencies initialized +0ms
[Nest] 2026-03-11T19:49:17.165Z [32minfo[39m [InstanceLoader] B2BModule dependencies initialized +2ms
[Nest] 2026-03-11T19:49:17.165Z [32minfo[39m [InstanceLoader] PaymentsModule dependencies initialized +0ms
[Nest] 2026-03-11T19:49:18.172Z [32minfo[39m [InstanceLoader] CacheModule dependencies initialized +1s
[Nest] 2026-03-11T19:49:18.172Z [32minfo[39m [InstanceLoader] CatalogModule dependencies initialized +0ms
[Nest] 2026-03-11T19:49:18.187Z [33mwarn[39m [LegacyRouteConverter] Unsupported route path: "/api/*". In previous versions, the symbols ?, *, and + were used to denote optional or repeating path parameters. The latest version of "path-to-regexp" now requires the use of named parameters. For example, instead of using a route like /users/* to capture all routes starting with "/users", you should use /users/*path. For more details, refer to the migration guide. Attempting to auto-convert... +15ms
[Nest] 2026-03-11T19:49:18.189Z [32minfo[39m [RoutesResolver] AppController {/api} (version: 1): +2ms
[Nest] 2026-03-11T19:49:18.194Z [32minfo[39m [RouterExplorer] Mapped {/api, GET} (version: 1) route +5ms
[Nest] 2026-03-11T19:49:18.195Z [32minfo[39m [RouterExplorer] Mapped {/api/debug-sentry, GET} (version: 1) route +1ms
[Nest] 2026-03-11T19:49:18.195Z [32minfo[39m [RoutesResolver] PrometheusController {/api/metrics} (version: 1): +0ms
[Nest] 2026-03-11T19:49:18.196Z [32minfo[39m [RouterExplorer] Mapped {/api/metrics, GET} (version: 1) route +1ms
[Nest] 2026-03-11T19:49:18.197Z [32minfo[39m [RoutesResolver] DashboardController {/api/dashboard} (version: 1): +1ms
[Nest] 2026-03-11T19:49:18.198Z [32minfo[39m [RouterExplorer] Mapped {/api/dashboard/stats, GET} (version: 1) route +1ms
[Nest] 2026-03-11T19:49:18.198Z [32minfo[39m [RoutesResolver] B2bController {/api/b2b} (version: 1): +0ms
[Nest] 2026-03-11T19:49:18.199Z [32minfo[39m [RouterExplorer] Mapped {/api/b2b/quote, POST} (version: 1) route +1ms
[Nest] 2026-03-11T19:49:18.200Z [32minfo[39m [RouterExplorer] Mapped {/api/b2b/quotes, GET} (version: 1) route +1ms
[Nest] 2026-03-11T19:49:18.200Z [32minfo[39m [RouterExplorer] Mapped {/api/b2b/quotes/:id/approve, PATCH} (version: 1) route +1ms
[Nest] 2026-03-11T19:49:18.201Z [32minfo[39m [RoutesResolver] PricingController {/api/pricing} (version: 1): +0ms
[Nest] 2026-03-11T19:49:18.202Z [32minfo[39m [RouterExplorer] Mapped {/api/pricing/quote, POST} (version: 1) route +1ms
[Nest] 2026-03-11T19:49:18.202Z [32minfo[39m [RoutesResolver] AuthController {/api/auth} (version: 1): +0ms
[Nest] 2026-03-11T19:49:18.203Z [32minfo[39m [RouterExplorer] Mapped {/api/auth/register, POST} (version: 1) route +1ms
[Nest] 2026-03-11T19:49:18.204Z [32minfo[39m [RouterExplorer] Mapped {/api/auth/login, POST} (version: 1) route +1ms
[Nest] 2026-03-11T19:49:18.204Z [32minfo[39m [RouterExplorer] Mapped {/api/auth/forgot-password, POST} (version: 1) route +0ms
[Nest] 2026-03-11T19:49:18.205Z [32minfo[39m [RoutesResolver] OrdersController {/api/orders} (version: 1): +1ms
[Nest] 2026-03-11T19:49:18.205Z [32minfo[39m [RouterExplorer] Mapped {/api/orders, POST} (version: 1) route +0ms
[Nest] 2026-03-11T19:49:18.206Z [32minfo[39m [RouterExplorer] Mapped {/api/orders, GET} (version: 1) route +1ms
[Nest] 2026-03-11T19:49:18.206Z [32minfo[39m [RouterExplorer] Mapped {/api/orders/user/:userId, GET} (version: 1) route +0ms
[Nest] 2026-03-11T19:49:18.207Z [32minfo[39m [RouterExplorer] Mapped {/api/orders/:id, GET} (version: 1) route +1ms
[Nest] 2026-03-11T19:49:18.207Z [32minfo[39m [RouterExplorer] Mapped {/api/orders/:id, PATCH} (version: 1) route +0ms
[Nest] 2026-03-11T19:49:18.208Z [32minfo[39m [RouterExplorer] Mapped {/api/orders/:id/receipt, GET} (version: 1) route +1ms
[Nest] 2026-03-11T19:49:18.208Z [32minfo[39m [RoutesResolver] InventoryController {/api/inventory} (version: 1): +0ms
[Nest] 2026-03-11T19:49:18.209Z [32minfo[39m [RouterExplorer] Mapped {/api/inventory/detailed, GET} (version: 1) route +1ms
[Nest] 2026-03-11T19:49:18.210Z [32minfo[39m [RouterExplorer] Mapped {/api/inventory/movements, GET} (version: 1) route +1ms
[Nest] 2026-03-11T19:49:18.210Z [32minfo[39m [RouterExplorer] Mapped {/api/inventory/products/:productId/average-cost, GET} (version: 1) route +0ms
[Nest] 2026-03-11T19:49:18.211Z [32minfo[39m [RouterExplorer] Mapped {/api/inventory/batch, POST} (version: 1) route +1ms
[Nest] 2026-03-11T19:49:18.211Z [32minfo[39m [RouterExplorer] Mapped {/api/inventory/receive-batch, POST} (version: 1) route +0ms
[Nest] 2026-03-11T19:49:18.212Z [32minfo[39m [RouterExplorer] Mapped {/api/inventory/batches, POST} (version: 1) route +1ms
[Nest] 2026-03-11T19:49:18.213Z [32minfo[39m [RouterExplorer] Mapped {/api/inventory/batches, GET} (version: 1) route +1ms
[Nest] 2026-03-11T19:49:18.213Z [32minfo[39m [RouterExplorer] Mapped {/api/inventory/suppliers, GET} (version: 1) route +0ms
[Nest] 2026-03-11T19:49:18.214Z [32minfo[39m [RouterExplorer] Mapped {/api/inventory/suppliers, POST} (version: 1) route +1ms
[Nest] 2026-03-11T19:49:18.216Z [32minfo[39m [RouterExplorer] Mapped {/api/inventory/suppliers/:id, GET} (version: 1) route +2ms
[Nest] 2026-03-11T19:49:18.217Z [32minfo[39m [RouterExplorer] Mapped {/api/inventory/suppliers/:id/payments, POST} (version: 1) route +1ms
[Nest] 2026-03-11T19:49:18.218Z [32minfo[39m [RouterExplorer] Mapped {/api/inventory/finance/summary, GET} (version: 1) route +1ms
[Nest] 2026-03-11T19:49:18.218Z [32minfo[39m [RouterExplorer] Mapped {/api/inventory/finance/cash-flow, GET} (version: 1) route +0ms
[Nest] 2026-03-11T19:49:18.219Z [32minfo[39m [RouterExplorer] Mapped {/api/inventory/finance/opex-categories, GET} (version: 1) route +1ms
[Nest] 2026-03-11T19:49:18.219Z [32minfo[39m [RouterExplorer] Mapped {/api/inventory/finance/opex-transactions, GET} (version: 1) route +0ms
[Nest] 2026-03-11T19:49:18.220Z [32minfo[39m [RouterExplorer] Mapped {/api/inventory/finance/opex, POST} (version: 1) route +1ms
[Nest] 2026-03-11T19:49:18.220Z [32minfo[39m [RoutesResolver] ReportingController {/api/inventory/reporting} (version: 1): +0ms
[Nest] 2026-03-11T19:49:18.221Z [32minfo[39m [RouterExplorer] Mapped {/api/inventory/reporting/closing, GET} (version: 1) route +1ms
[Nest] 2026-03-11T19:49:18.221Z [32minfo[39m [RouterExplorer] Mapped {/api/inventory/reporting/valuation, GET} (version: 1) route +0ms
[Nest] 2026-03-11T19:49:18.222Z [32minfo[39m [RouterExplorer] Mapped {/api/inventory/reporting/accounting, GET} (version: 1) route +1ms
[Nest] 2026-03-11T19:49:18.222Z [32minfo[39m [RouterExplorer] Mapped {/api/inventory/reporting/accounting/export/excel, GET} (version: 1) route +0ms
[Nest] 2026-03-11T19:49:18.223Z [32minfo[39m [RouterExplorer] Mapped {/api/inventory/reporting/accounting/export/pdf, GET} (version: 1) route +1ms
[Nest] 2026-03-11T19:49:18.223Z [32minfo[39m [RoutesResolver] FinanceController {/api/finance} (version: 1): +0ms
[Nest] 2026-03-11T19:49:18.224Z [32minfo[39m [RouterExplorer] Mapped {/api/finance/report-preview, GET} (version: 1) route +1ms
[Nest] 2026-03-11T19:49:18.224Z [32minfo[39m [RouterExplorer] Mapped {/api/finance/export-report, GET} (version: 1) route +0ms
[Nest] 2026-03-11T19:49:18.225Z [32minfo[39m [RoutesResolver] ProfilesController {/api/profiles} (version: 1): +1ms
[Nest] 2026-03-11T19:49:18.225Z [32minfo[39m [RouterExplorer] Mapped {/api/profiles/me, GET} (version: 1) route +0ms
[Nest] 2026-03-11T19:49:18.225Z [32minfo[39m [RouterExplorer] Mapped {/api/profiles/me, PATCH} (version: 1) route +0ms
[Nest] 2026-03-11T19:49:18.226Z [32minfo[39m [RouterExplorer] Mapped {/api/profiles, GET} (version: 1) route +1ms
[Nest] 2026-03-11T19:49:18.226Z [32minfo[39m [RouterExplorer] Mapped {/api/profiles/:id, GET} (version: 1) route +0ms
[Nest] 2026-03-11T19:49:18.227Z [32minfo[39m [RoutesResolver] PaymentsController {/api/payments} (version: 1): +1ms
[Nest] 2026-03-11T19:49:18.227Z [32minfo[39m [RouterExplorer] Mapped {/api/payments/signature/:orderId, GET} (version: 1) route +0ms
[Nest] 2026-03-11T19:49:18.227Z [32minfo[39m [RouterExplorer] Mapped {/api/payments/webhook/wompi, POST} (version: 1) route +0ms
[Nest] 2026-03-11T19:49:18.228Z [32minfo[39m [RouterExplorer] Mapped {/api/payments/upload-receipt/:entityType/:entityId, POST} (version: 1) route +1ms
[Nest] 2026-03-11T19:49:18.228Z [32minfo[39m [RoutesResolver] LocationsController {/api/locations} (version: 1): +0ms
[Nest] 2026-03-11T19:49:18.229Z [32minfo[39m [RouterExplorer] Mapped {/api/locations/departments, GET} (version: 1) route +1ms
[Nest] 2026-03-11T19:49:18.230Z [32minfo[39m [RouterExplorer] Mapped {/api/locations/municipalities/:departmentId, GET} (version: 1) route +1ms
[Nest] 2026-03-11T19:49:18.230Z [32minfo[39m [RoutesResolver] AddressesController {/api/addresses} (version: 1): +0ms
[Nest] 2026-03-11T19:49:18.230Z [32minfo[39m [RouterExplorer] Mapped {/api/addresses, POST} (version: 1) route +0ms
[Nest] 2026-03-11T19:49:18.231Z [32minfo[39m [RouterExplorer] Mapped {/api/addresses, GET} (version: 1) route +1ms
[Nest] 2026-03-11T19:49:18.232Z [32minfo[39m [RouterExplorer] Mapped {/api/addresses/:id, GET} (version: 1) route +1ms
[Nest] 2026-03-11T19:49:18.232Z [32minfo[39m [RouterExplorer] Mapped {/api/addresses/:id, PATCH} (version: 1) route +0ms
[Nest] 2026-03-11T19:49:18.233Z [32minfo[39m [RouterExplorer] Mapped {/api/addresses/:id, DELETE} (version: 1) route +1ms
[Nest] 2026-03-11T19:49:18.233Z [32minfo[39m [RoutesResolver] AuditController {/api/audit} (version: 1): +0ms
[Nest] 2026-03-11T19:49:18.234Z [32minfo[39m [RouterExplorer] Mapped {/api/audit, GET} (version: 1) route +1ms
[Nest] 2026-03-11T19:49:18.234Z [32minfo[39m [RouterExplorer] Mapped {/api/audit/:id, GET} (version: 1) route +0ms
[Nest] 2026-03-11T19:49:18.234Z [32minfo[39m [RoutesResolver] ConfigurationController {/api/configuration} (version: 1): +0ms
[Nest] 2026-03-11T19:49:18.235Z [32minfo[39m [RouterExplorer] Mapped {/api/configuration/products/:slug, GET} (version: 1) route +1ms
[Nest] 2026-03-11T19:49:18.235Z [32minfo[39m [RouterExplorer] Mapped {/api/configuration/options/:productId, GET} (version: 1) route +0ms
[Nest] 2026-03-11T19:49:18.236Z [32minfo[39m [RoutesResolver] CatalogController {/api/catalog} (version: 1): +1ms
[Nest] 2026-03-11T19:49:18.236Z [32minfo[39m [RouterExplorer] Mapped {/api/catalog, POST} (version: 1) route +0ms
[Nest] 2026-03-11T19:49:18.236Z [32minfo[39m [RouterExplorer] Mapped {/api/catalog/products, GET} (version: 1) route +0ms
[Nest] 2026-03-11T19:49:18.237Z [32minfo[39m [RouterExplorer] Mapped {/api/catalog/search, GET} (version: 1) route +1ms
[Nest] 2026-03-11T19:49:18.237Z [32minfo[39m [RouterExplorer] Mapped {/api/catalog/slug/:slug, GET} (version: 1) route +0ms
[Nest] 2026-03-11T19:49:18.238Z [32minfo[39m [RouterExplorer] Mapped {/api/catalog/products/:slug/config, GET} (version: 1) route +1ms
[Nest] 2026-03-11T19:49:18.238Z [32minfo[39m [RouterExplorer] Mapped {/api/catalog/:id, GET} (version: 1) route +0ms
[Nest] 2026-03-11T19:49:18.238Z [32minfo[39m [RouterExplorer] Mapped {/api/catalog/:id, PATCH} (version: 1) route +0ms
[Nest] 2026-03-11T19:49:18.239Z [32minfo[39m [RouterExplorer] Mapped {/api/catalog/:id, DELETE} (version: 1) route +1ms
[Nest] 2026-03-11T19:49:18.239Z [32minfo[39m [RoutesResolver] PersonalizationsController {/api/personalizations} (version: 1): +0ms
[Nest] 2026-03-11T19:49:18.240Z [32minfo[39m [RouterExplorer] Mapped {/api/personalizations, GET} (version: 1) route +1ms
[Nest] 2026-03-11T19:49:18.240Z [32minfo[39m [RouterExplorer] Mapped {/api/personalizations, POST} (version: 1) route +0ms
[Nest] 2026-03-11T19:49:18.241Z [32minfo[39m [RouterExplorer] Mapped {/api/personalizations/:id, PUT} (version: 1) route +1ms
[Nest] 2026-03-11T19:49:18.241Z [32minfo[39m [RouterExplorer] Mapped {/api/personalizations/:id, DELETE} (version: 1) route +0ms
[Nest] 2026-03-11T19:49:18.241Z [32minfo[39m [RoutesResolver] CollectionsController {/api/collections} (version: 1): +0ms
[Nest] 2026-03-11T19:49:18.242Z [32minfo[39m [RouterExplorer] Mapped {/api/collections, GET} (version: 1) route +1ms
[Nest] 2026-03-11T19:49:18.242Z [32minfo[39m [RouterExplorer] Mapped {/api/collections, POST} (version: 1) route +0ms
[Nest] 2026-03-11T19:49:18.242Z [32minfo[39m [RouterExplorer] Mapped {/api/collections/:id, PATCH} (version: 1) route +0ms
[Nest] 2026-03-11T19:49:18.243Z [32minfo[39m [RouterExplorer] Mapped {/api/collections/:id, DELETE} (version: 1) route +1ms
[Nest] 2026-03-11T19:49:18.243Z [32minfo[39m [RoutesResolver] WizardController {/api/wizard-options} (version: 1): +0ms
[Nest] 2026-03-11T19:49:18.244Z [32minfo[39m [RouterExplorer] Mapped {/api/wizard-options, GET} (version: 1) route +1ms
[Nest] 2026-03-11T19:49:18.244Z [32minfo[39m [RouterExplorer] Mapped {/api/wizard-options/grouped, GET} (version: 1) route +0ms
[Nest] 2026-03-11T19:49:18.244Z [32minfo[39m [RouterExplorer] Mapped {/api/wizard-options/:id, GET} (version: 1) route +0ms
[Nest] 2026-03-11T19:49:18.245Z [32minfo[39m [RouterExplorer] Mapped {/api/wizard-options, POST} (version: 1) route +1ms
[Nest] 2026-03-11T19:49:18.245Z [32minfo[39m [RouterExplorer] Mapped {/api/wizard-options/:id, PATCH} (version: 1) route +0ms
[Nest] 2026-03-11T19:49:18.246Z [32minfo[39m [RouterExplorer] Mapped {/api/wizard-options/:id, DELETE} (version: 1) route +1ms
[Nest] 2026-03-11T19:49:18.247Z [32minfo[39m [RoutesResolver] UsersController {/api/users} (version: 1): +1ms
[Nest] 2026-03-11T19:49:18.247Z [32minfo[39m [RouterExplorer] Mapped {/api/users, GET} (version: 1) route +0ms
[Nest] 2026-03-11T19:49:18.248Z [32minfo[39m [RouterExplorer] Mapped {/api/users/:id/role, PATCH} (version: 1) route +1ms
[Nest] 2026-03-11T19:49:18.249Z [32minfo[39m [RoutesResolver] ShippingController {/api/shipping} (version: 1): +1ms
[Nest] 2026-03-11T19:49:18.250Z [32minfo[39m [RouterExplorer] Mapped {/api/shipping/providers, POST} (version: 1) route +1ms
[Nest] 2026-03-11T19:49:18.250Z [32minfo[39m [RouterExplorer] Mapped {/api/shipping/providers, GET} (version: 1) route +0ms
[Nest] 2026-03-11T19:49:18.251Z [32minfo[39m [RouterExplorer] Mapped {/api/shipping/providers/:id, GET} (version: 1) route +1ms
[Nest] 2026-03-11T19:49:18.251Z [32minfo[39m [RouterExplorer] Mapped {/api/shipping/providers/:id, PATCH} (version: 1) route +0ms
[Nest] 2026-03-11T19:49:18.252Z [32minfo[39m [RouterExplorer] Mapped {/api/shipping/providers/:id, DELETE} (version: 1) route +1ms
[Nest] 2026-03-11T19:49:18.252Z [32minfo[39m [RouterExplorer] Mapped {/api/shipping/shipments/pending, GET} (version: 1) route +0ms
[Nest] 2026-03-11T19:49:18.252Z [32minfo[39m [RouterExplorer] Mapped {/api/shipping/shipments, GET} (version: 1) route +0ms
[Nest] 2026-03-11T19:49:18.253Z [32minfo[39m [RouterExplorer] Mapped {/api/shipping/shipments/:orderId, PATCH} (version: 1) route +1ms
[Nest] 2026-03-11T19:49:18.253Z [32minfo[39m [RouterExplorer] Mapped {/api/shipping/shipments/:orderId/process-return, POST} (version: 1) route +0ms
[Nest] 2026-03-11T19:49:18.254Z [32minfo[39m [RouterExplorer] Mapped {/api/shipping/shipments/:orderId/label, GET} (version: 1) route +1ms
[Nest] 2026-03-11T19:49:18.359Z [32minfo[39m [NestApplication] Nest application successfully started +105ms
🚀 Application is running on: http://localhost:4004
[Nest] 2026-03-11T19:50:57.773Z [32minfo[39m [HTTP] GET /api/v1/catalog/slug/tote-bag-clasica 200 - node 127.0.0.1 +1413ms +2m
[Nest] 2026-03-11T19:54:11.965Z [32minfo[39m [HTTP] GET /api/locations/departments 404 - Mozilla/5.0 (Windows NT; Windows NT 10.0; es-CO) WindowsPowerShell/5.1.19041.6456 127.0.0.1 +7ms +3m
[Nest] 2026-03-11T19:54:28.307Z [32minfo[39m [HTTP] GET /api/locations/departments 404 - Mozilla/5.0 (Windows NT; Windows NT 10.0; es-CO) WindowsPowerShell/5.1.19041.6456 127.0.0.1 +2ms +16s
C:\Users\user\Desktop\deybis\tote-bag\apps\api:
 ERR_PNPM_RECURSIVE_RUN_FIRST_FAIL  api@0.0.1 start: `nest start`
Exit status 4294967295
