
> api@0.0.1 start C:\Users\user\Desktop\deybis\tote-bag\apps\api
> nest start

[Nest] 2026-03-11T19:54:28.488Z [32minfo[39m [NestFactory] Starting Nest application... +0ms
[Nest] 2026-03-11T19:54:28.657Z [32minfo[39m [InstanceLoader] SentryModule dependencies initialized +169ms
[Nest] 2026-03-11T19:54:28.658Z [32minfo[39m [InstanceLoader] PrismaModule dependencies initialized +1ms
[Nest] 2026-03-11T19:54:28.660Z [32minfo[39m [InstanceLoader] CartModule dependencies initialized +2ms
[Nest] 2026-03-11T19:54:28.662Z [32minfo[39m [InstanceLoader] AdminModule dependencies initialized +2ms
[Nest] 2026-03-11T19:54:28.665Z [32minfo[39m [InstanceLoader] ConfigHostModule dependencies initialized +3ms
[Nest] 2026-03-11T19:54:28.666Z [32minfo[39m [InstanceLoader] ThrottlerModule dependencies initialized +1ms
[Nest] 2026-03-11T19:54:28.667Z [32minfo[39m [InstanceLoader] PrometheusModule dependencies initialized +1ms
[Nest] 2026-03-11T19:54:28.668Z [32minfo[39m [InstanceLoader] RolesModule dependencies initialized +1ms
[Nest] 2026-03-11T19:54:28.708Z [32minfo[39m [InstanceLoader] ConfigModule dependencies initialized +40ms
[Nest] 2026-03-11T19:54:28.710Z [32minfo[39m [InstanceLoader] ConfigModule dependencies initialized +2ms
[Nest] 2026-03-11T19:54:28.713Z [32minfo[39m [InstanceLoader] DashboardModule dependencies initialized +3ms
[Nest] 2026-03-11T19:54:28.713Z [32minfo[39m [InstanceLoader] PricingModule dependencies initialized +0ms
[Nest] 2026-03-11T19:54:28.713Z [32minfo[39m [InstanceLoader] AuthModule dependencies initialized +0ms
[Nest] 2026-03-11T19:54:28.714Z [32minfo[39m [InstanceLoader] LocationsModule dependencies initialized +1ms
[Nest] 2026-03-11T19:54:28.714Z [32minfo[39m [InstanceLoader] AuditModule dependencies initialized +0ms
[Nest] 2026-03-11T19:54:28.715Z [32minfo[39m [InstanceLoader] ConfigurationModule dependencies initialized +1ms
[Nest] 2026-03-11T19:54:28.715Z [32minfo[39m [InstanceLoader] PersonalizationsModule dependencies initialized +0ms
[Nest] 2026-03-11T19:54:28.715Z [32minfo[39m [InstanceLoader] CollectionsModule dependencies initialized +0ms
[Nest] 2026-03-11T19:54:28.716Z [32minfo[39m [InstanceLoader] WizardModule dependencies initialized +1ms
[Nest] 2026-03-11T19:54:28.716Z [32minfo[39m [InstanceLoader] UsersModule dependencies initialized +0ms
[Nest] 2026-03-11T19:54:28.716Z [32minfo[39m [InstanceLoader] StorageModule dependencies initialized +0ms
[Nest] 2026-03-11T19:54:28.717Z [32minfo[39m [InstanceLoader] InventoryModule dependencies initialized +1ms
[Nest] 2026-03-11T19:54:28.718Z [32minfo[39m [InstanceLoader] ProfilesModule dependencies initialized +1ms
[Nest] 2026-03-11T19:54:28.718Z [32minfo[39m [InstanceLoader] ShippingModule dependencies initialized +0ms
[Nest] 2026-03-11T19:54:28.720Z [32minfo[39m [InstanceLoader] AddressesModule dependencies initialized +2ms
[Nest] 2026-03-11T19:54:28.723Z [32minfo[39m [InstanceLoader] OrdersModule dependencies initialized +3ms
[Nest] 2026-03-11T19:54:28.724Z [32minfo[39m [InstanceLoader] AppModule dependencies initialized +1ms
[Nest] 2026-03-11T19:54:28.725Z [32minfo[39m [InstanceLoader] B2BModule dependencies initialized +1ms
[Nest] 2026-03-11T19:54:28.726Z [32minfo[39m [InstanceLoader] PaymentsModule dependencies initialized +1ms
[Nest] 2026-03-11T19:54:29.761Z [32minfo[39m [InstanceLoader] CacheModule dependencies initialized +1s
[Nest] 2026-03-11T19:54:29.761Z [32minfo[39m [InstanceLoader] CatalogModule dependencies initialized +0ms
[Nest] 2026-03-11T19:54:29.774Z [33mwarn[39m [LegacyRouteConverter] Unsupported route path: "/api/*". In previous versions, the symbols ?, *, and + were used to denote optional or repeating path parameters. The latest version of "path-to-regexp" now requires the use of named parameters. For example, instead of using a route like /users/* to capture all routes starting with "/users", you should use /users/*path. For more details, refer to the migration guide. Attempting to auto-convert... +13ms
[Nest] 2026-03-11T19:54:29.777Z [32minfo[39m [RoutesResolver] AppController {/api} (version: 1): +3ms
[Nest] 2026-03-11T19:54:29.784Z [32minfo[39m [RouterExplorer] Mapped {/api, GET} (version: 1) route +7ms
[Nest] 2026-03-11T19:54:29.785Z [32minfo[39m [RouterExplorer] Mapped {/api/debug-sentry, GET} (version: 1) route +1ms
[Nest] 2026-03-11T19:54:29.786Z [32minfo[39m [RoutesResolver] PrometheusController {/api/metrics} (version: 1): +1ms
[Nest] 2026-03-11T19:54:29.787Z [32minfo[39m [RouterExplorer] Mapped {/api/metrics, GET} (version: 1) route +1ms
[Nest] 2026-03-11T19:54:29.787Z [32minfo[39m [RoutesResolver] DashboardController {/api/dashboard} (version: 1): +1ms
[Nest] 2026-03-11T19:54:29.789Z [32minfo[39m [RouterExplorer] Mapped {/api/dashboard/stats, GET} (version: 1) route +1ms
[Nest] 2026-03-11T19:54:29.789Z [32minfo[39m [RoutesResolver] B2bController {/api/b2b} (version: 1): +0ms
[Nest] 2026-03-11T19:54:29.791Z [32minfo[39m [RouterExplorer] Mapped {/api/b2b/quote, POST} (version: 1) route +2ms
[Nest] 2026-03-11T19:54:29.793Z [32minfo[39m [RouterExplorer] Mapped {/api/b2b/quotes, GET} (version: 1) route +2ms
[Nest] 2026-03-11T19:54:29.795Z [32minfo[39m [RouterExplorer] Mapped {/api/b2b/quotes/:id/approve, PATCH} (version: 1) route +2ms
[Nest] 2026-03-11T19:54:29.795Z [32minfo[39m [RoutesResolver] PricingController {/api/pricing} (version: 1): +0ms
[Nest] 2026-03-11T19:54:29.796Z [32minfo[39m [RouterExplorer] Mapped {/api/pricing/quote, POST} (version: 1) route +1ms
[Nest] 2026-03-11T19:54:29.797Z [32minfo[39m [RoutesResolver] AuthController {/api/auth} (version: 1): +1ms
[Nest] 2026-03-11T19:54:29.797Z [32minfo[39m [RouterExplorer] Mapped {/api/auth/register, POST} (version: 1) route +0ms
[Nest] 2026-03-11T19:54:29.799Z [32minfo[39m [RouterExplorer] Mapped {/api/auth/login, POST} (version: 1) route +2ms
[Nest] 2026-03-11T19:54:29.800Z [32minfo[39m [RouterExplorer] Mapped {/api/auth/forgot-password, POST} (version: 1) route +1ms
[Nest] 2026-03-11T19:54:29.800Z [32minfo[39m [RoutesResolver] OrdersController {/api/orders} (version: 1): +0ms
[Nest] 2026-03-11T19:54:29.801Z [32minfo[39m [RouterExplorer] Mapped {/api/orders, POST} (version: 1) route +1ms
[Nest] 2026-03-11T19:54:29.802Z [32minfo[39m [RouterExplorer] Mapped {/api/orders, GET} (version: 1) route +1ms
[Nest] 2026-03-11T19:54:29.802Z [32minfo[39m [RouterExplorer] Mapped {/api/orders/user/:userId, GET} (version: 1) route +0ms
[Nest] 2026-03-11T19:54:29.803Z [32minfo[39m [RouterExplorer] Mapped {/api/orders/:id, GET} (version: 1) route +1ms
[Nest] 2026-03-11T19:54:29.804Z [32minfo[39m [RouterExplorer] Mapped {/api/orders/:id, PATCH} (version: 1) route +1ms
[Nest] 2026-03-11T19:54:29.805Z [32minfo[39m [RouterExplorer] Mapped {/api/orders/:id/receipt, GET} (version: 1) route +1ms
[Nest] 2026-03-11T19:54:29.806Z [32minfo[39m [RoutesResolver] InventoryController {/api/inventory} (version: 1): +1ms
[Nest] 2026-03-11T19:54:29.807Z [32minfo[39m [RouterExplorer] Mapped {/api/inventory/detailed, GET} (version: 1) route +1ms
[Nest] 2026-03-11T19:54:29.808Z [32minfo[39m [RouterExplorer] Mapped {/api/inventory/movements, GET} (version: 1) route +1ms
[Nest] 2026-03-11T19:54:29.808Z [32minfo[39m [RouterExplorer] Mapped {/api/inventory/products/:productId/average-cost, GET} (version: 1) route +0ms
[Nest] 2026-03-11T19:54:29.809Z [32minfo[39m [RouterExplorer] Mapped {/api/inventory/batch, POST} (version: 1) route +1ms
[Nest] 2026-03-11T19:54:29.810Z [32minfo[39m [RouterExplorer] Mapped {/api/inventory/receive-batch, POST} (version: 1) route +1ms
[Nest] 2026-03-11T19:54:29.810Z [32minfo[39m [RouterExplorer] Mapped {/api/inventory/batches, POST} (version: 1) route +0ms
[Nest] 2026-03-11T19:54:29.811Z [32minfo[39m [RouterExplorer] Mapped {/api/inventory/batches, GET} (version: 1) route +1ms
[Nest] 2026-03-11T19:54:29.811Z [32minfo[39m [RouterExplorer] Mapped {/api/inventory/suppliers, GET} (version: 1) route +0ms
[Nest] 2026-03-11T19:54:29.812Z [32minfo[39m [RouterExplorer] Mapped {/api/inventory/suppliers, POST} (version: 1) route +1ms
[Nest] 2026-03-11T19:54:29.812Z [32minfo[39m [RouterExplorer] Mapped {/api/inventory/suppliers/:id, GET} (version: 1) route +0ms
[Nest] 2026-03-11T19:54:29.813Z [32minfo[39m [RouterExplorer] Mapped {/api/inventory/suppliers/:id/payments, POST} (version: 1) route +1ms
[Nest] 2026-03-11T19:54:29.813Z [32minfo[39m [RouterExplorer] Mapped {/api/inventory/finance/summary, GET} (version: 1) route +0ms
[Nest] 2026-03-11T19:54:29.814Z [32minfo[39m [RouterExplorer] Mapped {/api/inventory/finance/cash-flow, GET} (version: 1) route +1ms
[Nest] 2026-03-11T19:54:29.814Z [32minfo[39m [RouterExplorer] Mapped {/api/inventory/finance/opex-categories, GET} (version: 1) route +0ms
[Nest] 2026-03-11T19:54:29.815Z [32minfo[39m [RouterExplorer] Mapped {/api/inventory/finance/opex-transactions, GET} (version: 1) route +1ms
[Nest] 2026-03-11T19:54:29.815Z [32minfo[39m [RouterExplorer] Mapped {/api/inventory/finance/opex, POST} (version: 1) route +0ms
[Nest] 2026-03-11T19:54:29.816Z [32minfo[39m [RoutesResolver] ReportingController {/api/inventory/reporting} (version: 1): +1ms
[Nest] 2026-03-11T19:54:29.816Z [32minfo[39m [RouterExplorer] Mapped {/api/inventory/reporting/closing, GET} (version: 1) route +0ms
[Nest] 2026-03-11T19:54:29.817Z [32minfo[39m [RouterExplorer] Mapped {/api/inventory/reporting/valuation, GET} (version: 1) route +1ms
[Nest] 2026-03-11T19:54:29.817Z [32minfo[39m [RouterExplorer] Mapped {/api/inventory/reporting/accounting, GET} (version: 1) route +0ms
[Nest] 2026-03-11T19:54:29.818Z [32minfo[39m [RouterExplorer] Mapped {/api/inventory/reporting/accounting/export/excel, GET} (version: 1) route +1ms
[Nest] 2026-03-11T19:54:29.819Z [32minfo[39m [RouterExplorer] Mapped {/api/inventory/reporting/accounting/export/pdf, GET} (version: 1) route +1ms
[Nest] 2026-03-11T19:54:29.819Z [32minfo[39m [RoutesResolver] FinanceController {/api/finance} (version: 1): +0ms
[Nest] 2026-03-11T19:54:29.820Z [32minfo[39m [RouterExplorer] Mapped {/api/finance/report-preview, GET} (version: 1) route +1ms
[Nest] 2026-03-11T19:54:29.821Z [32minfo[39m [RouterExplorer] Mapped {/api/finance/export-report, GET} (version: 1) route +1ms
[Nest] 2026-03-11T19:54:29.821Z [32minfo[39m [RoutesResolver] ProfilesController {/api/profiles} (version: 1): +0ms
[Nest] 2026-03-11T19:54:29.822Z [32minfo[39m [RouterExplorer] Mapped {/api/profiles/me, GET} (version: 1) route +1ms
[Nest] 2026-03-11T19:54:29.824Z [32minfo[39m [RouterExplorer] Mapped {/api/profiles/me, PATCH} (version: 1) route +2ms
[Nest] 2026-03-11T19:54:29.825Z [32minfo[39m [RouterExplorer] Mapped {/api/profiles, GET} (version: 1) route +1ms
[Nest] 2026-03-11T19:54:29.825Z [32minfo[39m [RouterExplorer] Mapped {/api/profiles/:id, GET} (version: 1) route +0ms
[Nest] 2026-03-11T19:54:29.826Z [32minfo[39m [RoutesResolver] PaymentsController {/api/payments} (version: 1): +1ms
[Nest] 2026-03-11T19:54:29.826Z [32minfo[39m [RouterExplorer] Mapped {/api/payments/signature/:orderId, GET} (version: 1) route +0ms
[Nest] 2026-03-11T19:54:29.827Z [32minfo[39m [RouterExplorer] Mapped {/api/payments/webhook/wompi, POST} (version: 1) route +1ms
[Nest] 2026-03-11T19:54:29.828Z [32minfo[39m [RouterExplorer] Mapped {/api/payments/upload-receipt/:entityType/:entityId, POST} (version: 1) route +1ms
[Nest] 2026-03-11T19:54:29.828Z [32minfo[39m [RoutesResolver] LocationsController {/api/locations} (version: 1): +0ms
[Nest] 2026-03-11T19:54:29.829Z [32minfo[39m [RouterExplorer] Mapped {/api/locations/departments, GET} (version: 1) route +1ms
[Nest] 2026-03-11T19:54:29.829Z [32minfo[39m [RouterExplorer] Mapped {/api/locations/municipalities/:departmentId, GET} (version: 1) route +0ms
[Nest] 2026-03-11T19:54:29.830Z [32minfo[39m [RoutesResolver] AddressesController {/api/addresses} (version: 1): +1ms
[Nest] 2026-03-11T19:54:29.830Z [32minfo[39m [RouterExplorer] Mapped {/api/addresses, POST} (version: 1) route +0ms
[Nest] 2026-03-11T19:54:29.831Z [32minfo[39m [RouterExplorer] Mapped {/api/addresses, GET} (version: 1) route +1ms
[Nest] 2026-03-11T19:54:29.831Z [32minfo[39m [RouterExplorer] Mapped {/api/addresses/:id, GET} (version: 1) route +0ms
[Nest] 2026-03-11T19:54:29.832Z [32minfo[39m [RouterExplorer] Mapped {/api/addresses/:id, PATCH} (version: 1) route +1ms
[Nest] 2026-03-11T19:54:29.833Z [32minfo[39m [RouterExplorer] Mapped {/api/addresses/:id, DELETE} (version: 1) route +1ms
[Nest] 2026-03-11T19:54:29.833Z [32minfo[39m [RoutesResolver] AuditController {/api/audit} (version: 1): +0ms
[Nest] 2026-03-11T19:54:29.834Z [32minfo[39m [RouterExplorer] Mapped {/api/audit, GET} (version: 1) route +1ms
[Nest] 2026-03-11T19:54:29.835Z [32minfo[39m [RouterExplorer] Mapped {/api/audit/:id, GET} (version: 1) route +1ms
[Nest] 2026-03-11T19:54:29.836Z [32minfo[39m [RoutesResolver] ConfigurationController {/api/configuration} (version: 1): +1ms
[Nest] 2026-03-11T19:54:29.836Z [32minfo[39m [RouterExplorer] Mapped {/api/configuration/products/:slug, GET} (version: 1) route +0ms
[Nest] 2026-03-11T19:54:29.837Z [32minfo[39m [RouterExplorer] Mapped {/api/configuration/options/:productId, GET} (version: 1) route +1ms
[Nest] 2026-03-11T19:54:29.837Z [32minfo[39m [RoutesResolver] CatalogController {/api/catalog} (version: 1): +0ms
[Nest] 2026-03-11T19:54:29.838Z [32minfo[39m [RouterExplorer] Mapped {/api/catalog, POST} (version: 1) route +1ms
[Nest] 2026-03-11T19:54:29.839Z [32minfo[39m [RouterExplorer] Mapped {/api/catalog/products, GET} (version: 1) route +1ms
[Nest] 2026-03-11T19:54:29.840Z [32minfo[39m [RouterExplorer] Mapped {/api/catalog/search, GET} (version: 1) route +1ms
[Nest] 2026-03-11T19:54:29.841Z [32minfo[39m [RouterExplorer] Mapped {/api/catalog/slug/:slug, GET} (version: 1) route +1ms
[Nest] 2026-03-11T19:54:29.842Z [32minfo[39m [RouterExplorer] Mapped {/api/catalog/products/:slug/config, GET} (version: 1) route +1ms
[Nest] 2026-03-11T19:54:29.842Z [32minfo[39m [RouterExplorer] Mapped {/api/catalog/:id, GET} (version: 1) route +0ms
[Nest] 2026-03-11T19:54:29.844Z [32minfo[39m [RouterExplorer] Mapped {/api/catalog/:id, PATCH} (version: 1) route +2ms
[Nest] 2026-03-11T19:54:29.845Z [32minfo[39m [RouterExplorer] Mapped {/api/catalog/:id, DELETE} (version: 1) route +1ms
[Nest] 2026-03-11T19:54:29.846Z [32minfo[39m [RoutesResolver] PersonalizationsController {/api/personalizations} (version: 1): +1ms
[Nest] 2026-03-11T19:54:29.847Z [32minfo[39m [RouterExplorer] Mapped {/api/personalizations, GET} (version: 1) route +1ms
[Nest] 2026-03-11T19:54:29.847Z [32minfo[39m [RouterExplorer] Mapped {/api/personalizations, POST} (version: 1) route +0ms
[Nest] 2026-03-11T19:54:29.848Z [32minfo[39m [RouterExplorer] Mapped {/api/personalizations/:id, PUT} (version: 1) route +1ms
[Nest] 2026-03-11T19:54:29.849Z [32minfo[39m [RouterExplorer] Mapped {/api/personalizations/:id, DELETE} (version: 1) route +1ms
[Nest] 2026-03-11T19:54:29.849Z [32minfo[39m [RoutesResolver] CollectionsController {/api/collections} (version: 1): +1ms
[Nest] 2026-03-11T19:54:29.850Z [32minfo[39m [RouterExplorer] Mapped {/api/collections, GET} (version: 1) route +0ms
[Nest] 2026-03-11T19:54:29.851Z [32minfo[39m [RouterExplorer] Mapped {/api/collections, POST} (version: 1) route +1ms
[Nest] 2026-03-11T19:54:29.852Z [32minfo[39m [RouterExplorer] Mapped {/api/collections/:id, PATCH} (version: 1) route +1ms
[Nest] 2026-03-11T19:54:29.852Z [32minfo[39m [RouterExplorer] Mapped {/api/collections/:id, DELETE} (version: 1) route +0ms
[Nest] 2026-03-11T19:54:29.853Z [32minfo[39m [RoutesResolver] WizardController {/api/wizard-options} (version: 1): +1ms
[Nest] 2026-03-11T19:54:29.853Z [32minfo[39m [RouterExplorer] Mapped {/api/wizard-options, GET} (version: 1) route +0ms
[Nest] 2026-03-11T19:54:29.854Z [32minfo[39m [RouterExplorer] Mapped {/api/wizard-options/grouped, GET} (version: 1) route +1ms
[Nest] 2026-03-11T19:54:29.855Z [32minfo[39m [RouterExplorer] Mapped {/api/wizard-options/:id, GET} (version: 1) route +1ms
[Nest] 2026-03-11T19:54:29.855Z [32minfo[39m [RouterExplorer] Mapped {/api/wizard-options, POST} (version: 1) route +0ms
[Nest] 2026-03-11T19:54:29.861Z [32minfo[39m [RouterExplorer] Mapped {/api/wizard-options/:id, PATCH} (version: 1) route +6ms
[Nest] 2026-03-11T19:54:29.862Z [32minfo[39m [RouterExplorer] Mapped {/api/wizard-options/:id, DELETE} (version: 1) route +1ms
[Nest] 2026-03-11T19:54:29.862Z [32minfo[39m [RoutesResolver] UsersController {/api/users} (version: 1): +0ms
[Nest] 2026-03-11T19:54:29.864Z [32minfo[39m [RouterExplorer] Mapped {/api/users, GET} (version: 1) route +2ms
[Nest] 2026-03-11T19:54:29.864Z [32minfo[39m [RouterExplorer] Mapped {/api/users/:id/role, PATCH} (version: 1) route +0ms
[Nest] 2026-03-11T19:54:29.865Z [32minfo[39m [RoutesResolver] ShippingController {/api/shipping} (version: 1): +1ms
[Nest] 2026-03-11T19:54:29.865Z [32minfo[39m [RouterExplorer] Mapped {/api/shipping/providers, POST} (version: 1) route +0ms
[Nest] 2026-03-11T19:54:29.866Z [32minfo[39m [RouterExplorer] Mapped {/api/shipping/providers, GET} (version: 1) route +1ms
[Nest] 2026-03-11T19:54:29.867Z [32minfo[39m [RouterExplorer] Mapped {/api/shipping/providers/:id, GET} (version: 1) route +1ms
[Nest] 2026-03-11T19:54:29.867Z [32minfo[39m [RouterExplorer] Mapped {/api/shipping/providers/:id, PATCH} (version: 1) route +0ms
[Nest] 2026-03-11T19:54:29.868Z [32minfo[39m [RouterExplorer] Mapped {/api/shipping/providers/:id, DELETE} (version: 1) route +1ms
[Nest] 2026-03-11T19:54:29.869Z [32minfo[39m [RouterExplorer] Mapped {/api/shipping/shipments/pending, GET} (version: 1) route +1ms
[Nest] 2026-03-11T19:54:29.869Z [32minfo[39m [RouterExplorer] Mapped {/api/shipping/shipments, GET} (version: 1) route +0ms
[Nest] 2026-03-11T19:54:29.870Z [32minfo[39m [RouterExplorer] Mapped {/api/shipping/shipments/:orderId, PATCH} (version: 1) route +1ms
[Nest] 2026-03-11T19:54:29.871Z [32minfo[39m [RouterExplorer] Mapped {/api/shipping/shipments/:orderId/process-return, POST} (version: 1) route +1ms
[Nest] 2026-03-11T19:54:29.872Z [32minfo[39m [RouterExplorer] Mapped {/api/shipping/shipments/:orderId/label, GET} (version: 1) route +1ms
[Nest] 2026-03-11T19:54:30.051Z [32minfo[39m [NestApplication] Nest application successfully started +179ms
[Nest] 2026-03-11T19:54:30.056Z [31merror[39m [NestApplication] Error: listen EADDRINUSE: address already in use 0.0.0.0:4004 +5ms
C:\Users\user\Desktop\deybis\tote-bag\apps\api:
 ERR_PNPM_RECURSIVE_RUN_FIRST_FAIL  api@0.0.1 start: `nest start`
Exit status 1
