[Nest] 2026-04-15T13:23:31.972Z [32minfo[39m [NestFactory] Starting Nest application... +0ms
[Nest] 2026-04-15T13:23:32.027Z [32minfo[39m [InstanceLoader] SentryModule dependencies initialized +55ms
[Nest] 2026-04-15T13:23:32.028Z [32minfo[39m [InstanceLoader] DebugRoleContextModule dependencies initialized +1ms
[Nest] 2026-04-15T13:23:32.028Z [32minfo[39m [InstanceLoader] PrismaModule dependencies initialized +0ms
[Nest] 2026-04-15T13:23:32.029Z [32minfo[39m [InstanceLoader] CartModule dependencies initialized +1ms
[Nest] 2026-04-15T13:23:32.029Z [32minfo[39m [InstanceLoader] AdminModule dependencies initialized +0ms
[Nest] 2026-04-15T13:23:32.036Z [32minfo[39m [InstanceLoader] ConfigHostModule dependencies initialized +7ms
[Nest] 2026-04-15T13:23:32.037Z [32minfo[39m [InstanceLoader] ThrottlerModule dependencies initialized +1ms
[Nest] 2026-04-15T13:23:32.038Z [32minfo[39m [InstanceLoader] PrometheusModule dependencies initialized +1ms
[Nest] 2026-04-15T13:23:32.039Z [32minfo[39m [InstanceLoader] RolesModule dependencies initialized +1ms
[Nest] 2026-04-15T13:23:32.042Z [32minfo[39m [InstanceLoader] ConfigModule dependencies initialized +3ms
[Nest] 2026-04-15T13:23:32.042Z [32minfo[39m [InstanceLoader] ConfigModule dependencies initialized +0ms
[Nest] 2026-04-15T13:23:32.045Z [32minfo[39m [InstanceLoader] DashboardModule dependencies initialized +3ms
[Nest] 2026-04-15T13:23:32.045Z [32minfo[39m [InstanceLoader] PricingModule dependencies initialized +0ms
[Nest] 2026-04-15T13:23:32.045Z [32minfo[39m [InstanceLoader] AuthModule dependencies initialized +0ms
[Nest] 2026-04-15T13:23:32.045Z [32minfo[39m [InstanceLoader] LocationsModule dependencies initialized +0ms
[Nest] 2026-04-15T13:23:32.045Z [32minfo[39m [InstanceLoader] AuditModule dependencies initialized +0ms
[Nest] 2026-04-15T13:23:32.046Z [32minfo[39m [InstanceLoader] ConfigurationModule dependencies initialized +1ms
[Nest] 2026-04-15T13:23:32.046Z [32minfo[39m [InstanceLoader] WizardModule dependencies initialized +0ms
[Nest] 2026-04-15T13:23:32.046Z [32minfo[39m [InstanceLoader] UsersModule dependencies initialized +0ms
[Nest] 2026-04-15T13:23:32.046Z [32minfo[39m [InstanceLoader] StorageModule dependencies initialized +0ms
[Nest] 2026-04-15T13:23:32.047Z [32minfo[39m [InstanceLoader] InventoryModule dependencies initialized +1ms
[Nest] 2026-04-15T13:23:32.047Z [32minfo[39m [InstanceLoader] CollectionsModule dependencies initialized +0ms
[Nest] 2026-04-15T13:23:32.047Z [32minfo[39m [InstanceLoader] PqrsModule dependencies initialized +0ms
[Nest] 2026-04-15T13:23:32.047Z [32minfo[39m [InstanceLoader] PurchasesModule dependencies initialized +0ms
[Nest] 2026-04-15T13:23:32.047Z [32minfo[39m [InstanceLoader] AddressesModule dependencies initialized +0ms
[Nest] 2026-04-15T13:23:32.048Z [32minfo[39m [InstanceLoader] ShippingModule dependencies initialized +1ms
[Nest] 2026-04-15T13:23:32.048Z [32minfo[39m [InstanceLoader] CacheModule dependencies initialized +0ms
[Nest] 2026-04-15T13:23:32.049Z [32minfo[39m [InstanceLoader] AppModule dependencies initialized +1ms
[Nest] 2026-04-15T13:23:32.049Z [32minfo[39m [InstanceLoader] OrdersModule dependencies initialized +0ms
[Nest] 2026-04-15T13:23:32.049Z [32minfo[39m [InstanceLoader] ProfilesModule dependencies initialized +0ms
[Nest] 2026-04-15T13:23:32.049Z [32minfo[39m [InstanceLoader] CatalogModule dependencies initialized +0ms
[Nest] 2026-04-15T13:23:32.050Z [32minfo[39m [InstanceLoader] B2BModule dependencies initialized +1ms
[Nest] 2026-04-15T13:23:32.050Z [32minfo[39m [InstanceLoader] PersonalizationsModule dependencies initialized +0ms
[Nest] 2026-04-15T13:23:32.050Z [32minfo[39m [InstanceLoader] PayrollModule dependencies initialized +0ms
[Nest] 2026-04-15T13:23:32.050Z [32minfo[39m [InstanceLoader] PaymentsModule dependencies initialized +0ms
[Nest] 2026-04-15T13:23:32.055Z [33mwarn[39m [HTTP] helmet package not installed; applying fallback security headers. +5ms
[Nest] 2026-04-15T13:23:32.064Z [33mwarn[39m [LegacyRouteConverter] Unsupported route path: "/api/*". In previous versions, the symbols ?, *, and + were used to denote optional or repeating path parameters. The latest version of "path-to-regexp" now requires the use of named parameters. For example, instead of using a route like /users/* to capture all routes starting with "/users", you should use /users/*path. For more details, refer to the migration guide. Attempting to auto-convert... +9ms
[Nest] 2026-04-15T13:23:32.065Z [32minfo[39m [RoutesResolver] AppController {/api} (version: 1): +1ms
[Nest] 2026-04-15T13:23:32.068Z [32minfo[39m [RouterExplorer] Mapped {/api, GET} (version: 1) route +3ms
[Nest] 2026-04-15T13:23:32.069Z [32minfo[39m [RouterExplorer] Mapped {/api/debug-sentry, GET} (version: 1) route +1ms
[Nest] 2026-04-15T13:23:32.069Z [32minfo[39m [RoutesResolver] PrometheusController {/api/metrics} (version: 1): +0ms
[Nest] 2026-04-15T13:23:32.069Z [32minfo[39m [RouterExplorer] Mapped {/api/metrics, GET} (version: 1) route +0ms
[Nest] 2026-04-15T13:23:32.069Z [32minfo[39m [RoutesResolver] DashboardController {/api/dashboard} (version: 1): +0ms
[Nest] 2026-04-15T13:23:32.070Z [32minfo[39m [RouterExplorer] Mapped {/api/dashboard/stats, GET} (version: 1) route +1ms
[Nest] 2026-04-15T13:23:32.070Z [32minfo[39m [RoutesResolver] B2bController {/api/b2b} (version: 1): +0ms
[Nest] 2026-04-15T13:23:32.071Z [32minfo[39m [RouterExplorer] Mapped {/api/b2b/quote, POST} (version: 1) route +1ms
[Nest] 2026-04-15T13:23:32.071Z [32minfo[39m [RouterExplorer] Mapped {/api/b2b/quotes, GET} (version: 1) route +0ms
[Nest] 2026-04-15T13:23:32.072Z [32minfo[39m [RouterExplorer] Mapped {/api/b2b/quotes/:id/approve, PATCH} (version: 1) route +1ms
[Nest] 2026-04-15T13:23:32.072Z [32minfo[39m [RoutesResolver] PricingController {/api/pricing} (version: 1): +0ms
[Nest] 2026-04-15T13:23:32.072Z [32minfo[39m [RouterExplorer] Mapped {/api/pricing/quote, POST} (version: 1) route +0ms
[Nest] 2026-04-15T13:23:32.073Z [32minfo[39m [RoutesResolver] AuthController {/api/auth} (version: 1): +1ms
[Nest] 2026-04-15T13:23:32.073Z [32minfo[39m [RouterExplorer] Mapped {/api/auth/register, POST} (version: 1) route +0ms
[Nest] 2026-04-15T13:23:32.073Z [32minfo[39m [RouterExplorer] Mapped {/api/auth/login, POST} (version: 1) route +0ms
[Nest] 2026-04-15T13:23:32.074Z [32minfo[39m [RouterExplorer] Mapped {/api/auth/forgot-password, POST} (version: 1) route +1ms
[Nest] 2026-04-15T13:23:32.074Z [32minfo[39m [RouterExplorer] Mapped {/api/auth/debug/change-role, PATCH} (version: 1) route +0ms
[Nest] 2026-04-15T13:23:32.074Z [32minfo[39m [RoutesResolver] OrdersController {/api/orders} (version: 1): +0ms
[Nest] 2026-04-15T13:23:32.074Z [32minfo[39m [RouterExplorer] Mapped {/api/orders, POST} (version: 1) route +0ms
[Nest] 2026-04-15T13:23:32.074Z [32minfo[39m [RouterExplorer] Mapped {/api/orders, GET} (version: 1) route +0ms
[Nest] 2026-04-15T13:23:32.075Z [32minfo[39m [RouterExplorer] Mapped {/api/orders/accounts-receivable, GET} (version: 1) route +1ms
[Nest] 2026-04-15T13:23:32.075Z [32minfo[39m [RouterExplorer] Mapped {/api/orders/user/:userId, GET} (version: 1) route +0ms
[Nest] 2026-04-15T13:23:32.075Z [32minfo[39m [RouterExplorer] Mapped {/api/orders/:id, GET} (version: 1) route +0ms
[Nest] 2026-04-15T13:23:32.075Z [32minfo[39m [RouterExplorer] Mapped {/api/orders/:id, PATCH} (version: 1) route +0ms
[Nest] 2026-04-15T13:23:32.076Z [32minfo[39m [RouterExplorer] Mapped {/api/orders/:id/payments, POST} (version: 1) route +1ms
[Nest] 2026-04-15T13:23:32.076Z [32minfo[39m [RouterExplorer] Mapped {/api/orders/:id/receipt, GET} (version: 1) route +0ms
[Nest] 2026-04-15T13:23:32.076Z [32minfo[39m [RoutesResolver] InventoryController {/api/inventory} (version: 1): +0ms
[Nest] 2026-04-15T13:23:32.076Z [32minfo[39m [RouterExplorer] Mapped {/api/inventory/detailed, GET} (version: 1) route +0ms
[Nest] 2026-04-15T13:23:32.076Z [32minfo[39m [RouterExplorer] Mapped {/api/inventory/movements, GET} (version: 1) route +0ms
[Nest] 2026-04-15T13:23:32.077Z [32minfo[39m [RouterExplorer] Mapped {/api/inventory/products/:productId/average-cost, GET} (version: 1) route +1ms
[Nest] 2026-04-15T13:23:32.077Z [32minfo[39m [RouterExplorer] Mapped {/api/inventory/batch, POST} (version: 1) route +0ms
[Nest] 2026-04-15T13:23:32.077Z [32minfo[39m [RouterExplorer] Mapped {/api/inventory/receive-batch, POST} (version: 1) route +0ms
[Nest] 2026-04-15T13:23:32.077Z [32minfo[39m [RouterExplorer] Mapped {/api/inventory/batches, POST} (version: 1) route +0ms
[Nest] 2026-04-15T13:23:32.077Z [32minfo[39m [RouterExplorer] Mapped {/api/inventory/batches, GET} (version: 1) route +0ms
[Nest] 2026-04-15T13:23:32.078Z [32minfo[39m [RouterExplorer] Mapped {/api/inventory/receivable-variants, GET} (version: 1) route +1ms
[Nest] 2026-04-15T13:23:32.078Z [32minfo[39m [RouterExplorer] Mapped {/api/inventory/supply-items, GET} (version: 1) route +0ms
[Nest] 2026-04-15T13:23:32.078Z [32minfo[39m [RouterExplorer] Mapped {/api/inventory/supply-items, POST} (version: 1) route +0ms
[Nest] 2026-04-15T13:23:32.078Z [32minfo[39m [RouterExplorer] Mapped {/api/inventory/batches/:id, PATCH} (version: 1) route +0ms
[Nest] 2026-04-15T13:23:32.078Z [32minfo[39m [RouterExplorer] Mapped {/api/inventory/batches/:id, DELETE} (version: 1) route +0ms
[Nest] 2026-04-15T13:23:32.079Z [32minfo[39m [RouterExplorer] Mapped {/api/inventory/suppliers, GET} (version: 1) route +1ms
[Nest] 2026-04-15T13:23:32.079Z [32minfo[39m [RouterExplorer] Mapped {/api/inventory/suppliers, POST} (version: 1) route +0ms
[Nest] 2026-04-15T13:23:32.079Z [32minfo[39m [RouterExplorer] Mapped {/api/inventory/suppliers/:id, PATCH} (version: 1) route +0ms
[Nest] 2026-04-15T13:23:32.079Z [32minfo[39m [RouterExplorer] Mapped {/api/inventory/suppliers/:id, GET} (version: 1) route +0ms
[Nest] 2026-04-15T13:23:32.079Z [32minfo[39m [RouterExplorer] Mapped {/api/inventory/suppliers/:id/payments, POST} (version: 1) route +0ms
[Nest] 2026-04-15T13:23:32.080Z [32minfo[39m [RouterExplorer] Mapped {/api/inventory/finance/summary, GET} (version: 1) route +1ms
[Nest] 2026-04-15T13:23:32.080Z [32minfo[39m [RouterExplorer] Mapped {/api/inventory/finance/cash-flow, GET} (version: 1) route +0ms
[Nest] 2026-04-15T13:23:32.080Z [32minfo[39m [RouterExplorer] Mapped {/api/inventory/finance/tax-report, GET} (version: 1) route +0ms
[Nest] 2026-04-15T13:23:32.080Z [32minfo[39m [RouterExplorer] Mapped {/api/inventory/finance/break-even-simulation, POST} (version: 1) route +0ms
[Nest] 2026-04-15T13:23:32.080Z [32minfo[39m [RouterExplorer] Mapped {/api/inventory/finance/opex-categories, GET} (version: 1) route +0ms
[Nest] 2026-04-15T13:23:32.080Z [32minfo[39m [RouterExplorer] Mapped {/api/inventory/finance/opex-categories, POST} (version: 1) route +0ms
[Nest] 2026-04-15T13:23:32.081Z [32minfo[39m [RouterExplorer] Mapped {/api/inventory/finance/opex-transactions, GET} (version: 1) route +1ms
[Nest] 2026-04-15T13:23:32.081Z [32minfo[39m [RouterExplorer] Mapped {/api/inventory/finance/opex, POST} (version: 1) route +0ms
[Nest] 2026-04-15T13:23:32.081Z [32minfo[39m [RoutesResolver] ReportingController {/api/inventory/reporting} (version: 1): +0ms
[Nest] 2026-04-15T13:23:32.081Z [32minfo[39m [RouterExplorer] Mapped {/api/inventory/reporting/closing, GET} (version: 1) route +0ms
[Nest] 2026-04-15T13:23:32.082Z [32minfo[39m [RouterExplorer] Mapped {/api/inventory/reporting/valuation, GET} (version: 1) route +1ms
[Nest] 2026-04-15T13:23:32.082Z [32minfo[39m [RouterExplorer] Mapped {/api/inventory/reporting/accounting, GET} (version: 1) route +0ms
[Nest] 2026-04-15T13:23:32.082Z [32minfo[39m [RouterExplorer] Mapped {/api/inventory/reporting/accounting/export/excel, GET} (version: 1) route +0ms
[Nest] 2026-04-15T13:23:32.082Z [32minfo[39m [RouterExplorer] Mapped {/api/inventory/reporting/accounting/export/pdf, GET} (version: 1) route +0ms
[Nest] 2026-04-15T13:23:32.083Z [32minfo[39m [RoutesResolver] FinanceController {/api/finance} (version: 1): +1ms
[Nest] 2026-04-15T13:23:32.083Z [32minfo[39m [RouterExplorer] Mapped {/api/finance/report-preview, GET} (version: 1) route +0ms
[Nest] 2026-04-15T13:23:32.083Z [32minfo[39m [RouterExplorer] Mapped {/api/finance/tax-report, GET} (version: 1) route +0ms
[Nest] 2026-04-15T13:23:32.083Z [32minfo[39m [RouterExplorer] Mapped {/api/finance/break-even-simulation, POST} (version: 1) route +0ms
[Nest] 2026-04-15T13:23:32.083Z [32minfo[39m [RouterExplorer] Mapped {/api/finance/export-report, GET} (version: 1) route +0ms
[Nest] 2026-04-15T13:23:32.083Z [32minfo[39m [RoutesResolver] ShippingController {/api/shipping} (version: 1): +0ms
[Nest] 2026-04-15T13:23:32.084Z [32minfo[39m [RouterExplorer] Mapped {/api/shipping/providers, POST} (version: 1) route +1ms
[Nest] 2026-04-15T13:23:32.084Z [32minfo[39m [RouterExplorer] Mapped {/api/shipping/providers, GET} (version: 1) route +0ms
[Nest] 2026-04-15T13:23:32.085Z [32minfo[39m [RouterExplorer] Mapped {/api/shipping/providers/:id, GET} (version: 1) route +1ms
[Nest] 2026-04-15T13:23:32.085Z [32minfo[39m [RouterExplorer] Mapped {/api/shipping/providers/:id, PATCH} (version: 1) route +0ms
[Nest] 2026-04-15T13:23:32.085Z [32minfo[39m [RouterExplorer] Mapped {/api/shipping/providers/:id, DELETE} (version: 1) route +0ms
[Nest] 2026-04-15T13:23:32.086Z [32minfo[39m [RouterExplorer] Mapped {/api/shipping/shipments/pending, GET} (version: 1) route +1ms
[Nest] 2026-04-15T13:23:32.086Z [32minfo[39m [RouterExplorer] Mapped {/api/shipping/shipments, GET} (version: 1) route +0ms
[Nest] 2026-04-15T13:23:32.086Z [32minfo[39m [RouterExplorer] Mapped {/api/shipping/shipping-bags/availability, GET} (version: 1) route +0ms
[Nest] 2026-04-15T13:23:32.087Z [32minfo[39m [RouterExplorer] Mapped {/api/shipping/shipments/:orderId/supply-usage, GET} (version: 1) route +1ms
[Nest] 2026-04-15T13:23:32.087Z [32minfo[39m [RouterExplorer] Mapped {/api/shipping/shipments/:orderId, PATCH} (version: 1) route +0ms
[Nest] 2026-04-15T13:23:32.087Z [32minfo[39m [RouterExplorer] Mapped {/api/shipping/shipments/:orderId/process-return, POST} (version: 1) route +0ms
[Nest] 2026-04-15T13:23:32.088Z [32minfo[39m [RouterExplorer] Mapped {/api/shipping/shipments/:orderId/label, GET} (version: 1) route +1ms
[Nest] 2026-04-15T13:23:32.088Z [32minfo[39m [RoutesResolver] ProfilesController {/api/profiles} (version: 1): +0ms
[Nest] 2026-04-15T13:23:32.088Z [32minfo[39m [RouterExplorer] Mapped {/api/profiles/me, GET} (version: 1) route +0ms
[Nest] 2026-04-15T13:23:32.088Z [32minfo[39m [RouterExplorer] Mapped {/api/profiles/me, PATCH} (version: 1) route +0ms
[Nest] 2026-04-15T13:23:32.089Z [32minfo[39m [RouterExplorer] Mapped {/api/profiles, GET} (version: 1) route +1ms
[Nest] 2026-04-15T13:23:32.090Z [32minfo[39m [RouterExplorer] Mapped {/api/profiles/:id, GET} (version: 1) route +1ms
[Nest] 2026-04-15T13:23:32.090Z [32minfo[39m [RoutesResolver] PaymentsController {/api/payments} (version: 1): +0ms
[Nest] 2026-04-15T13:23:32.090Z [32minfo[39m [RouterExplorer] Mapped {/api/payments/signature/:orderId, GET} (version: 1) route +0ms
[Nest] 2026-04-15T13:23:32.090Z [32minfo[39m [RouterExplorer] Mapped {/api/payments/wompi/signature/:orderId, GET} (version: 1) route +0ms
[Nest] 2026-04-15T13:23:32.090Z [32minfo[39m [RouterExplorer] Mapped {/api/payments/webhook/wompi, POST} (version: 1) route +0ms
[Nest] 2026-04-15T13:23:32.091Z [32minfo[39m [RouterExplorer] Mapped {/api/payments/wompi/webhook, POST} (version: 1) route +1ms
[Nest] 2026-04-15T13:23:32.091Z [32minfo[39m [RouterExplorer] Mapped {/api/payments/upload-receipt/:entityType/:entityId, POST} (version: 1) route +0ms
[Nest] 2026-04-15T13:23:32.091Z [32minfo[39m [RoutesResolver] LocationsController {/api/locations} (version: 1): +0ms
[Nest] 2026-04-15T13:23:32.091Z [32minfo[39m [RouterExplorer] Mapped {/api/locations/departments, GET} (version: 1) route +0ms
[Nest] 2026-04-15T13:23:32.091Z [32minfo[39m [RouterExplorer] Mapped {/api/locations/municipalities/:departmentId, GET} (version: 1) route +0ms
[Nest] 2026-04-15T13:23:32.091Z [32minfo[39m [RoutesResolver] AddressesController {/api/addresses} (version: 1): +0ms
[Nest] 2026-04-15T13:23:32.092Z [32minfo[39m [RouterExplorer] Mapped {/api/addresses, POST} (version: 1) route +1ms
[Nest] 2026-04-15T13:23:32.092Z [32minfo[39m [RouterExplorer] Mapped {/api/addresses, GET} (version: 1) route +0ms
[Nest] 2026-04-15T13:23:32.092Z [32minfo[39m [RouterExplorer] Mapped {/api/addresses/:id, GET} (version: 1) route +0ms
[Nest] 2026-04-15T13:23:32.092Z [32minfo[39m [RouterExplorer] Mapped {/api/addresses/:id, PATCH} (version: 1) route +0ms
[Nest] 2026-04-15T13:23:32.092Z [32minfo[39m [RouterExplorer] Mapped {/api/addresses/:id, DELETE} (version: 1) route +0ms
[Nest] 2026-04-15T13:23:32.093Z [32minfo[39m [RoutesResolver] AuditController {/api/audit} (version: 1): +1ms
[Nest] 2026-04-15T13:23:32.093Z [32minfo[39m [RouterExplorer] Mapped {/api/audit, GET} (version: 1) route +0ms
[Nest] 2026-04-15T13:23:32.093Z [32minfo[39m [RouterExplorer] Mapped {/api/audit/:id, GET} (version: 1) route +0ms
[Nest] 2026-04-15T13:23:32.093Z [32minfo[39m [RoutesResolver] ConfigurationController {/api/configuration} (version: 1): +0ms
[Nest] 2026-04-15T13:23:32.093Z [32minfo[39m [RouterExplorer] Mapped {/api/configuration/products/:slug, GET} (version: 1) route +0ms
[Nest] 2026-04-15T13:23:32.093Z [32minfo[39m [RouterExplorer] Mapped {/api/configuration/options/:productId, GET} (version: 1) route +0ms
[Nest] 2026-04-15T13:23:32.093Z [32minfo[39m [RoutesResolver] CatalogController {/api/catalog} (version: 1): +0ms
[Nest] 2026-04-15T13:23:32.094Z [32minfo[39m [RouterExplorer] Mapped {/api/catalog, POST} (version: 1) route +1ms
[Nest] 2026-04-15T13:23:32.094Z [32minfo[39m [RouterExplorer] Mapped {/api/catalog/admin/products, GET} (version: 1) route +0ms
[Nest] 2026-04-15T13:23:32.094Z [32minfo[39m [RouterExplorer] Mapped {/api/catalog/admin/products/variants/price-preview, POST} (version: 1) route +0ms
[Nest] 2026-04-15T13:23:32.094Z [32minfo[39m [RouterExplorer] Mapped {/api/catalog/admin/:id, GET} (version: 1) route +0ms
[Nest] 2026-04-15T13:23:32.094Z [32minfo[39m [RouterExplorer] Mapped {/api/catalog/products, GET} (version: 1) route +0ms
[Nest] 2026-04-15T13:23:32.095Z [32minfo[39m [RouterExplorer] Mapped {/api/catalog/search, GET} (version: 1) route +1ms
[Nest] 2026-04-15T13:23:32.095Z [32minfo[39m [RouterExplorer] Mapped {/api/catalog/slug/:slug, GET} (version: 1) route +0ms
[Nest] 2026-04-15T13:23:32.095Z [32minfo[39m [RouterExplorer] Mapped {/api/catalog/products/:slug/config, GET} (version: 1) route +0ms
[Nest] 2026-04-15T13:23:32.096Z [32minfo[39m [RouterExplorer] Mapped {/api/catalog/:id, GET} (version: 1) route +1ms
[Nest] 2026-04-15T13:23:32.096Z [32minfo[39m [RouterExplorer] Mapped {/api/catalog/:id, PATCH} (version: 1) route +0ms
[Nest] 2026-04-15T13:23:32.096Z [32minfo[39m [RouterExplorer] Mapped {/api/catalog/:id, DELETE} (version: 1) route +0ms
[Nest] 2026-04-15T13:23:32.096Z [32minfo[39m [RoutesResolver] PersonalizationsController {/api/personalizations} (version: 1): +0ms
[Nest] 2026-04-15T13:23:32.097Z [32minfo[39m [RouterExplorer] Mapped {/api/personalizations, GET} (version: 1) route +1ms
[Nest] 2026-04-15T13:23:32.097Z [32minfo[39m [RouterExplorer] Mapped {/api/personalizations, POST} (version: 1) route +0ms
[Nest] 2026-04-15T13:23:32.099Z [32minfo[39m [RouterExplorer] Mapped {/api/personalizations/signed-upload, POST} (version: 1) route +2ms
[Nest] 2026-04-15T13:23:32.099Z [32minfo[39m [RouterExplorer] Mapped {/api/personalizations/upload-design, POST} (version: 1) route +0ms
[Nest] 2026-04-15T13:23:32.100Z [32minfo[39m [RouterExplorer] Mapped {/api/personalizations/requests, GET} (version: 1) route +1ms
[Nest] 2026-04-15T13:23:32.100Z [32minfo[39m [RouterExplorer] Mapped {/api/personalizations/requests, POST} (version: 1) route +0ms
[Nest] 2026-04-15T13:23:32.100Z [32minfo[39m [RouterExplorer] Mapped {/api/personalizations/requests/:id, PATCH} (version: 1) route +0ms
[Nest] 2026-04-15T13:23:32.101Z [32minfo[39m [RouterExplorer] Mapped {/api/personalizations/requests/:id/approve, PATCH} (version: 1) route +1ms
[Nest] 2026-04-15T13:23:32.101Z [32minfo[39m [RouterExplorer] Mapped {/api/personalizations/:id, PUT} (version: 1) route +0ms
[Nest] 2026-04-15T13:23:32.101Z [32minfo[39m [RouterExplorer] Mapped {/api/personalizations/:id, DELETE} (version: 1) route +0ms
[Nest] 2026-04-15T13:23:32.101Z [32minfo[39m [RoutesResolver] CollectionsController {/api/collections} (version: 1): +0ms
[Nest] 2026-04-15T13:23:32.102Z [32minfo[39m [RouterExplorer] Mapped {/api/collections, GET} (version: 1) route +1ms
[Nest] 2026-04-15T13:23:32.102Z [32minfo[39m [RouterExplorer] Mapped {/api/collections, POST} (version: 1) route +0ms
[Nest] 2026-04-15T13:23:32.102Z [32minfo[39m [RouterExplorer] Mapped {/api/collections/:id, PATCH} (version: 1) route +0ms
[Nest] 2026-04-15T13:23:32.103Z [32minfo[39m [RouterExplorer] Mapped {/api/collections/:id, DELETE} (version: 1) route +1ms
[Nest] 2026-04-15T13:23:32.103Z [32minfo[39m [RoutesResolver] WizardController {/api/wizard-options} (version: 1): +0ms
[Nest] 2026-04-15T13:23:32.103Z [32minfo[39m [RouterExplorer] Mapped {/api/wizard-options, GET} (version: 1) route +0ms
[Nest] 2026-04-15T13:23:32.103Z [32minfo[39m [RouterExplorer] Mapped {/api/wizard-options/grouped, GET} (version: 1) route +0ms
[Nest] 2026-04-15T13:23:32.104Z [32minfo[39m [RouterExplorer] Mapped {/api/wizard-options/:id, GET} (version: 1) route +1ms
[Nest] 2026-04-15T13:23:32.104Z [32minfo[39m [RouterExplorer] Mapped {/api/wizard-options, POST} (version: 1) route +0ms
[Nest] 2026-04-15T13:23:32.104Z [32minfo[39m [RouterExplorer] Mapped {/api/wizard-options/:id, PATCH} (version: 1) route +0ms
[Nest] 2026-04-15T13:23:32.104Z [32minfo[39m [RouterExplorer] Mapped {/api/wizard-options/:id, DELETE} (version: 1) route +0ms
[Nest] 2026-04-15T13:23:32.105Z [32minfo[39m [RoutesResolver] UsersController {/api/users} (version: 1): +1ms
[Nest] 2026-04-15T13:23:32.105Z [32minfo[39m [RouterExplorer] Mapped {/api/users, GET} (version: 1) route +0ms
[Nest] 2026-04-15T13:23:32.105Z [32minfo[39m [RouterExplorer] Mapped {/api/users/:id/role, PATCH} (version: 1) route +0ms
[Nest] 2026-04-15T13:23:32.105Z [32minfo[39m [RoutesResolver] PqrsController {/api/pqrs} (version: 1): +0ms
[Nest] 2026-04-15T13:23:32.105Z [32minfo[39m [RouterExplorer] Mapped {/api/pqrs, POST} (version: 1) route +0ms
[Nest] 2026-04-15T13:23:32.105Z [32minfo[39m [RouterExplorer] Mapped {/api/pqrs, GET} (version: 1) route +0ms
[Nest] 2026-04-15T13:23:32.106Z [32minfo[39m [RouterExplorer] Mapped {/api/pqrs/:id, PATCH} (version: 1) route +1ms
[Nest] 2026-04-15T13:23:32.106Z [32minfo[39m [RoutesResolver] PayrollController {/api/payroll} (version: 1): +0ms
[Nest] 2026-04-15T13:23:32.107Z [32minfo[39m [RouterExplorer] Mapped {/api/payroll/shifts, GET} (version: 1) route +1ms
[Nest] 2026-04-15T13:23:32.107Z [32minfo[39m [RouterExplorer] Mapped {/api/payroll/workers, GET} (version: 1) route +0ms
[Nest] 2026-04-15T13:23:32.108Z [32minfo[39m [RouterExplorer] Mapped {/api/payroll/workers/:id/history, GET} (version: 1) route +1ms
[Nest] 2026-04-15T13:23:32.108Z [32minfo[39m [RouterExplorer] Mapped {/api/payroll/statements, GET} (version: 1) route +0ms
[Nest] 2026-04-15T13:23:32.109Z [32minfo[39m [RouterExplorer] Mapped {/api/payroll/statements/:id, GET} (version: 1) route +1ms
[Nest] 2026-04-15T13:23:32.109Z [32minfo[39m [RouterExplorer] Mapped {/api/payroll/statements/:id/pdf, GET} (version: 1) route +0ms
[Nest] 2026-04-15T13:23:32.109Z [32minfo[39m [RouterExplorer] Mapped {/api/payroll/shifts, POST} (version: 1) route +0ms
[Nest] 2026-04-15T13:23:32.110Z [32minfo[39m [RouterExplorer] Mapped {/api/payroll/workers, POST} (version: 1) route +1ms
[Nest] 2026-04-15T13:23:32.110Z [32minfo[39m [RouterExplorer] Mapped {/api/payroll/shifts/:id, PATCH} (version: 1) route +0ms
[Nest] 2026-04-15T13:23:32.111Z [32minfo[39m [RouterExplorer] Mapped {/api/payroll/workers/:id, PATCH} (version: 1) route +1ms
[Nest] 2026-04-15T13:23:32.112Z [32minfo[39m [RouterExplorer] Mapped {/api/payroll/shifts/:id, DELETE} (version: 1) route +1ms
[Nest] 2026-04-15T13:23:32.112Z [32minfo[39m [RouterExplorer] Mapped {/api/payroll/statements/consolidate, POST} (version: 1) route +0ms
[Nest] 2026-04-15T13:23:32.112Z [32minfo[39m [RouterExplorer] Mapped {/api/payroll/statements/:id/status, PATCH} (version: 1) route +0ms
[Nest] 2026-04-15T13:23:32.113Z [32minfo[39m [RoutesResolver] PurchasesController {/api/purchase-invoices} (version: 1): +1ms
[Nest] 2026-04-15T13:23:32.113Z [32minfo[39m [RouterExplorer] Mapped {/api/purchase-invoices, POST} (version: 1) route +0ms
[Nest] 2026-04-15T13:23:32.113Z [32minfo[39m [RouterExplorer] Mapped {/api/purchase-invoices, GET} (version: 1) route +0ms
[Nest] 2026-04-15T13:23:32.114Z [32minfo[39m [RouterExplorer] Mapped {/api/purchase-invoices/:id, PATCH} (version: 1) route +1ms
[Nest] 2026-04-15T13:23:32.114Z [32minfo[39m [RouterExplorer] Mapped {/api/purchase-invoices/:id/payments, POST} (version: 1) route +0ms
[Nest] 2026-04-15T13:23:32.114Z [32minfo[39m [RouterExplorer] Mapped {/api/purchase-invoices/:invoiceId/payments/:paymentId, PATCH} (version: 1) route +0ms
[Nest] 2026-04-15T13:23:32.115Z [32minfo[39m [RouterExplorer] Mapped {/api/purchase-invoices/:id, DELETE} (version: 1) route +1ms
[Nest] 2026-04-15T13:23:32.216Z [32minfo[39m [NestApplication] Nest application successfully started +101ms
🚀 Application is running on: http://localhost:4004 
[Nest] 2026-04-15T13:23:40.397Z [32minfo[39m [HTTP]  +8s
[Nest] 2026-04-15T13:23:41.127Z [32minfo[39m [HTTP]  +730ms
[Nest] 2026-04-15T13:23:55.351Z [32minfo[39m [HTTP]  +14s
[Nest] 2026-04-15T13:23:56.060Z [32minfo[39m [HTTP]  +709ms
[Nest] 2026-04-15T13:23:56.863Z [32minfo[39m [HTTP]  +803ms
[Nest] 2026-04-15T13:23:57.562Z [32minfo[39m [HTTP]  +699ms
[Nest] 2026-04-15T13:24:10.309Z [32minfo[39m [HTTP]  +13s
[Nest] 2026-04-15T13:24:11.085Z [32minfo[39m [HTTP]  +776ms
[Nest] 2026-04-15T13:24:25.334Z [32minfo[39m [HTTP]  +14s
[Nest] 2026-04-15T13:24:26.051Z [32minfo[39m [HTTP]  +717ms
[Nest] 2026-04-15T13:24:26.853Z [32minfo[39m [HTTP]  +802ms
[Nest] 2026-04-15T13:24:27.556Z [32minfo[39m [HTTP]  +703ms
[Nest] 2026-04-15T13:24:40.224Z [32minfo[39m [HTTP]  +13s
[Nest] 2026-04-15T13:24:40.860Z [32minfo[39m [HTTP]  +636ms
[Nest] 2026-04-15T13:24:55.676Z [32minfo[39m [HTTP]  +15s
[Nest] 2026-04-15T13:24:56.385Z [32minfo[39m [HTTP]  +709ms
[Nest] 2026-04-15T13:24:57.191Z [32minfo[39m [HTTP]  +806ms
[Nest] 2026-04-15T13:24:57.905Z [32minfo[39m [HTTP]  +714ms
[Nest] 2026-04-15T13:24:58.717Z [32minfo[39m [HTTP]  +812ms
[Nest] 2026-04-15T13:24:59.429Z [32minfo[39m [HTTP]  +712ms
[Nest] 2026-04-15T13:25:09.887Z [32minfo[39m [HTTP]  +10s
[Nest] 2026-04-15T13:25:10.594Z [32minfo[39m [HTTP]  +707ms
[Nest] 2026-04-15T13:25:25.471Z [32minfo[39m [HTTP]  +15s
[Nest] 2026-04-15T13:25:26.272Z [32minfo[39m [HTTP]  +801ms
[Nest] 2026-04-15T13:25:27.151Z [32minfo[39m [HTTP]  +879ms
[Nest] 2026-04-15T13:25:27.938Z [32minfo[39m [HTTP]  +787ms
[Nest] 2026-04-15T13:25:40.217Z [32minfo[39m [HTTP]  +12s
[Nest] 2026-04-15T13:25:40.929Z [32minfo[39m [HTTP]  +712ms
[Nest] 2026-04-15T13:25:55.552Z [32minfo[39m [HTTP]  +15s
[Nest] 2026-04-15T13:25:56.247Z [32minfo[39m [HTTP]  +695ms
[Nest] 2026-04-15T13:25:57.038Z [32minfo[39m [HTTP]  +791ms
[Nest] 2026-04-15T13:25:57.729Z [32minfo[39m [HTTP]  +691ms
[Nest] 2026-04-15T13:26:10.380Z [32minfo[39m [HTTP]  +13s
[Nest] 2026-04-15T13:26:11.097Z [32minfo[39m [HTTP]  +717ms
[Nest] 2026-04-15T13:26:25.415Z [32minfo[39m [HTTP]  +14s
[Nest] 2026-04-15T13:26:26.129Z [32minfo[39m [HTTP]  +714ms
[Nest] 2026-04-15T13:26:26.950Z [32minfo[39m [HTTP]  +821ms
[Nest] 2026-04-15T13:26:27.668Z [32minfo[39m [HTTP]  +718ms
[Nest] 2026-04-15T13:26:29.285Z [32minfo[39m [HTTP]  +2s
[Nest] 2026-04-15T13:26:40.277Z [32minfo[39m [HTTP]  +11s
[Nest] 2026-04-15T13:26:41.058Z [32minfo[39m [HTTP]  +781ms
[Nest] 2026-04-15T13:26:42.906Z [32minfo[39m [HTTP]  +2s
[Nest] 2026-04-15T13:26:55.302Z [32minfo[39m [HTTP]  +12s
[Nest] 2026-04-15T13:26:56.008Z [32minfo[39m [HTTP]  +706ms
[Nest] 2026-04-15T13:26:56.958Z [32minfo[39m [HTTP]  +950ms
[Nest] 2026-04-15T13:26:57.673Z [32minfo[39m [HTTP]  +715ms
[Nest] 2026-04-15T13:27:10.468Z [32minfo[39m [HTTP]  +13s
[Nest] 2026-04-15T13:27:11.247Z [32minfo[39m [HTTP]  +779ms
[Nest] 2026-04-15T13:27:25.382Z [32minfo[39m [HTTP]  +14s
[Nest] 2026-04-15T13:27:26.084Z [32minfo[39m [HTTP]  +702ms
[Nest] 2026-04-15T13:27:26.892Z [32minfo[39m [HTTP]  +808ms
[Nest] 2026-04-15T13:27:27.585Z [32minfo[39m [HTTP]  +693ms
[Nest] 2026-04-15T13:27:31.465Z [32minfo[39m [HTTP]  +4s
[Nest] 2026-04-15T13:27:32.160Z [32minfo[39m [HTTP]  +695ms
[Nest] 2026-04-15T13:27:32.952Z [32minfo[39m [HTTP]  +792ms
[Nest] 2026-04-15T13:27:33.660Z [32minfo[39m [HTTP]  +708ms
[Nest] 2026-04-15T13:27:34.197Z [32minfo[39m [HTTP]  +537ms
[Nest] 2026-04-15T13:27:35.444Z [32minfo[39m [HTTP]  +1s
[Nest] 2026-04-15T13:27:35.726Z [32minfo[39m [HTTP]  +282ms
[Nest] 2026-04-15T13:27:36.253Z [32minfo[39m [HTTP]  +527ms
[Nest] 2026-04-15T13:27:36.388Z [32minfo[39m [HTTP]  +135ms
[Nest] 2026-04-15T13:27:36.471Z [32minfo[39m [HTTP]  +83ms
[Nest] 2026-04-15T13:27:36.638Z [32minfo[39m [HTTP]  +167ms
[Nest] 2026-04-15T13:27:36.681Z [32minfo[39m [HTTP]  +43ms
[Nest] 2026-04-15T13:27:36.881Z [32minfo[39m [HTTP]  +200ms
[Nest] 2026-04-15T13:27:37.139Z [32minfo[39m [HTTP]  +258ms
[Nest] 2026-04-15T13:27:37.175Z [32minfo[39m [HTTP]  +36ms
[Nest] 2026-04-15T13:27:37.613Z [32minfo[39m [HTTP]  +438ms
[Nest] 2026-04-15T13:27:38.252Z [32minfo[39m [HTTP]  +639ms
[Nest] 2026-04-15T13:27:51.382Z [32minfo[39m [HTTP]  +13s
[Nest] 2026-04-15T13:27:52.024Z [32minfo[39m [HTTP]  +642ms
[Nest] 2026-04-15T13:28:06.758Z [32minfo[39m [HTTP]  +15s
[Nest] 2026-04-15T13:28:07.562Z [32minfo[39m [HTTP]  +804ms
[Nest] 2026-04-15T13:28:08.516Z [32minfo[39m [HTTP]  +954ms
[Nest] 2026-04-15T13:28:09.320Z [32minfo[39m [HTTP]  +804ms
[Nest] 2026-04-15T13:28:11.754Z [32minfo[39m [HTTP]  +2s
[Nest] 2026-04-15T13:28:12.757Z [32minfo[39m [HTTP]  +1s
RolesService: resolving permissions for user=25390d0e-9744-4ec3-85f4-6e926f5d0a51 email=deybisasprilla@gmail.com storedRole=ADMIN effectiveRole=ADMIN debugRole=none
[Nest] 2026-04-15T13:28:14.153Z [32minfo[39m [HTTP]  +1s
[Nest] 2026-04-15T13:28:15.048Z [32minfo[39m [HTTP]  +895ms
RolesService: resolving permissions for user=25390d0e-9744-4ec3-85f4-6e926f5d0a51 email=deybisasprilla@gmail.com storedRole=ADMIN effectiveRole=ADMIN debugRole=none
[Nest] 2026-04-15T13:28:15.940Z [32minfo[39m [HTTP]  +892ms
[Nest] 2026-04-15T13:28:16.837Z [32minfo[39m [HTTP]  +897ms
RolesService: resolving permissions for user=25390d0e-9744-4ec3-85f4-6e926f5d0a51 email=deybisasprilla@gmail.com storedRole=ADMIN effectiveRole=ADMIN debugRole=none
[Nest] 2026-04-15T13:28:17.735Z [32minfo[39m [HTTP]  +898ms
[Nest] 2026-04-15T13:28:20.732Z [32minfo[39m [HTTP]  +3s
[Nest] 2026-04-15T13:28:21.511Z [32minfo[39m [HTTP]  +779ms
[Nest] 2026-04-15T13:28:36.621Z [32minfo[39m [HTTP]  +15s
[Nest] 2026-04-15T13:28:37.360Z [32minfo[39m [HTTP]  +739ms
[Nest] 2026-04-15T13:28:38.181Z [32minfo[39m [HTTP]  +821ms
[Nest] 2026-04-15T13:28:38.902Z [32minfo[39m [HTTP]  +721ms
[Nest] 2026-04-15T13:28:45.590Z [32minfo[39m [HTTP]  +7s
[Nest] 2026-04-15T13:28:46.309Z [32minfo[39m [HTTP]  +719ms
[Nest] 2026-04-15T13:28:47.112Z [32minfo[39m [HTTP]  +803ms
[Nest] 2026-04-15T13:28:47.831Z [32minfo[39m [HTTP]  +719ms
[Nest] 2026-04-15T13:28:50.613Z [32minfo[39m [HTTP]  +3s
[Nest] 2026-04-15T13:28:51.328Z [32minfo[39m [HTTP]  +715ms
[Nest] 2026-04-15T13:28:57.148Z [32minfo[39m [HTTP]  +6s
[Nest] 2026-04-15T13:28:57.884Z [32minfo[39m [HTTP]  +736ms
[Nest] 2026-04-15T13:28:58.727Z [32minfo[39m [HTTP]  +843ms
[Nest] 2026-04-15T13:28:59.466Z [32minfo[39m [HTTP]  +739ms
[Nest] 2026-04-15T13:29:03.474Z [32minfo[39m [HTTP]  +4s
[Nest] 2026-04-15T13:29:04.934Z [32minfo[39m [HTTP]  +1s
[Nest] 2026-04-15T13:29:05.576Z [32minfo[39m [HTTP]  +642ms
[Nest] 2026-04-15T13:29:05.581Z [32minfo[39m [HTTP]  +5ms
[Nest] 2026-04-15T13:29:06.215Z [32minfo[39m [HTTP]  +634ms
[Nest] 2026-04-15T13:29:06.435Z [32minfo[39m [HTTP]  +220ms
[Nest] 2026-04-15T13:29:06.580Z [32minfo[39m [HTTP]  +145ms
[Nest] 2026-04-15T13:29:07.050Z [32minfo[39m [HTTP]  +470ms
[Nest] 2026-04-15T13:29:07.054Z [32minfo[39m [HTTP]  +4ms
[Nest] 2026-04-15T13:29:07.370Z [32minfo[39m [HTTP]  +316ms
[Nest] 2026-04-15T13:29:07.677Z [32minfo[39m [HTTP]  +307ms
[Nest] 2026-04-15T13:29:08.273Z [32minfo[39m [HTTP]  +596ms
[Nest] 2026-04-15T13:29:09.080Z [32minfo[39m [HTTP]  +807ms
[Nest] 2026-04-15T13:29:21.749Z [32minfo[39m [HTTP]  +13s
[Nest] 2026-04-15T13:29:22.527Z [32minfo[39m [HTTP]  +778ms
[Nest] 2026-04-15T13:29:36.653Z [32minfo[39m [HTTP]  +14s
[Nest] 2026-04-15T13:29:37.421Z [32minfo[39m [HTTP]  +768ms
[Nest] 2026-04-15T13:29:38.300Z [32minfo[39m [HTTP]  +879ms
[Nest] 2026-04-15T13:29:39.090Z [32minfo[39m [HTTP]  +790ms
[Nest] 2026-04-15T13:29:51.440Z [32minfo[39m [HTTP]  +12s
[Nest] 2026-04-15T13:29:52.146Z [32minfo[39m [HTTP]  +706ms
[Nest] 2026-04-15T13:30:06.708Z [32minfo[39m [HTTP]  +15s
[Nest] 2026-04-15T13:30:07.430Z [32minfo[39m [HTTP]  +722ms
[Nest] 2026-04-15T13:30:08.273Z [32minfo[39m [HTTP]  +843ms
[Nest] 2026-04-15T13:30:09.017Z [32minfo[39m [HTTP]  +744ms
[Nest] 2026-04-15T13:30:21.558Z [32minfo[39m [HTTP]  +13s
[Nest] 2026-04-15T13:30:22.286Z [32minfo[39m [HTTP]  +728ms
[Nest] 2026-04-15T13:30:36.566Z [32minfo[39m [HTTP]  +14s
[Nest] 2026-04-15T13:30:37.268Z [32minfo[39m [HTTP]  +702ms
[Nest] 2026-04-15T13:30:38.085Z [32minfo[39m [HTTP]  +817ms
[Nest] 2026-04-15T13:30:38.794Z [32minfo[39m [HTTP]  +709ms
[Nest] 2026-04-15T13:30:51.342Z [32minfo[39m [HTTP]  +13s
[Nest] 2026-04-15T13:30:51.991Z [32minfo[39m [HTTP]  +649ms
[Nest] 2026-04-15T13:31:06.508Z [32minfo[39m [HTTP]  +15s
[Nest] 2026-04-15T13:31:07.167Z [32minfo[39m [HTTP]  +659ms
[Nest] 2026-04-15T13:31:07.929Z [32minfo[39m [HTTP]  +762ms
[Nest] 2026-04-15T13:31:08.592Z [32minfo[39m [HTTP]  +663ms
[Nest] 2026-04-15T13:31:21.418Z [32minfo[39m [HTTP]  +13s
[Nest] 2026-04-15T13:31:22.076Z [32minfo[39m [HTTP]  +658ms
[Nest] 2026-04-15T13:31:36.629Z [32minfo[39m [HTTP]  +15s
[Nest] 2026-04-15T13:31:37.410Z [32minfo[39m [HTTP]  +781ms
[Nest] 2026-04-15T13:31:38.295Z [32minfo[39m [HTTP]  +885ms
[Nest] 2026-04-15T13:31:39.079Z [32minfo[39m [HTTP]  +784ms
[Nest] 2026-04-15T13:31:51.478Z [32minfo[39m [HTTP]  +12s
[Nest] 2026-04-15T13:31:52.228Z [32minfo[39m [HTTP]  +750ms
[Nest] 2026-04-15T13:32:06.752Z [32minfo[39m [HTTP]  +15s
[Nest] 2026-04-15T13:32:07.549Z [32minfo[39m [HTTP]  +797ms
[Nest] 2026-04-15T13:32:08.442Z [32minfo[39m [HTTP]  +893ms
[Nest] 2026-04-15T13:32:09.233Z [32minfo[39m [HTTP]  +791ms
[Nest] 2026-04-15T13:32:21.681Z [32minfo[39m [HTTP]  +12s
[Nest] 2026-04-15T13:32:22.478Z [32minfo[39m [HTTP]  +797ms
[Nest] 2026-04-15T13:32:27.617Z [32minfo[39m [HTTP]  +5s
[Nest] 2026-04-15T13:32:28.410Z [32minfo[39m [HTTP]  +793ms
[Nest] 2026-04-15T13:32:29.313Z [32minfo[39m [HTTP]  +903ms
[Nest] 2026-04-15T13:32:30.117Z [32minfo[39m [HTTP]  +804ms
[Nest] 2026-04-15T13:32:36.243Z [32minfo[39m [HTTP]  +6s
[Nest] 2026-04-15T13:32:37.019Z [32minfo[39m [HTTP]  +776ms
[Nest] 2026-04-15T13:32:37.905Z [32minfo[39m [HTTP]  +886ms
[Nest] 2026-04-15T13:32:38.702Z [32minfo[39m [HTTP]  +797ms
[Nest] 2026-04-15T13:32:49.713Z [32minfo[39m [HTTP]  +11s
[Nest] 2026-04-15T13:32:50.423Z [32minfo[39m [HTTP]  +710ms
[Nest] 2026-04-15T13:32:51.226Z [32minfo[39m [HTTP]  +803ms
[Nest] 2026-04-15T13:32:51.933Z [32minfo[39m [HTTP]  +707ms
[Nest] 2026-04-15T13:32:52.738Z [32minfo[39m [HTTP]  +805ms
[Nest] 2026-04-15T13:32:53.449Z [32minfo[39m [HTTP]  +711ms
[Nest] 2026-04-15T13:33:06.622Z [32minfo[39m [HTTP]  +13s
[Nest] 2026-04-15T13:33:07.337Z [32minfo[39m [HTTP]  +715ms
[Nest] 2026-04-15T13:33:08.147Z [32minfo[39m [HTTP]  +810ms
[Nest] 2026-04-15T13:33:08.860Z [32minfo[39m [HTTP]  +713ms
[Nest] 2026-04-15T13:33:09.663Z [32minfo[39m [HTTP]  +803ms
[Nest] 2026-04-15T13:33:10.414Z [32minfo[39m [HTTP]  +751ms
[Nest] 2026-04-15T13:33:11.436Z [32minfo[39m [HTTP]  +1s
[Nest] 2026-04-15T13:33:12.152Z [32minfo[39m [HTTP]  +716ms
[Nest] 2026-04-15T13:33:20.999Z [32minfo[39m [HTTP]  +9s
[Nest] 2026-04-15T13:33:21.706Z [32minfo[39m [HTTP]  +707ms
[Nest] 2026-04-15T13:33:36.633Z [32minfo[39m [HTTP]  +15s
[Nest] 2026-04-15T13:33:37.344Z [32minfo[39m [HTTP]  +711ms
[Nest] 2026-04-15T13:33:38.157Z [32minfo[39m [HTTP]  +813ms
[Nest] 2026-04-15T13:33:38.871Z [32minfo[39m [HTTP]  +714ms
[Nest] 2026-04-15T13:33:51.233Z [32minfo[39m [HTTP]  +12s
[Nest] 2026-04-15T13:33:51.864Z [32minfo[39m [HTTP]  +631ms
[Nest] 2026-04-15T13:34:06.770Z [32minfo[39m [HTTP]  +15s
[Nest] 2026-04-15T13:34:07.564Z [32minfo[39m [HTTP]  +794ms
[Nest] 2026-04-15T13:34:08.479Z [32minfo[39m [HTTP]  +915ms
[Nest] 2026-04-15T13:34:09.275Z [32minfo[39m [HTTP]  +796ms
[Nest] 2026-04-15T13:34:21.592Z [32minfo[39m [HTTP]  +12s
[Nest] 2026-04-15T13:34:22.394Z [32minfo[39m [HTTP]  +802ms
[Nest] 2026-04-15T13:34:36.453Z [32minfo[39m [HTTP]  +14s
[Nest] 2026-04-15T13:34:37.092Z [32minfo[39m [HTTP]  +639ms
[Nest] 2026-04-15T13:34:37.834Z [32minfo[39m [HTTP]  +742ms
[Nest] 2026-04-15T13:34:38.467Z [32minfo[39m [HTTP]  +633ms
[Nest] 2026-04-15T13:34:51.484Z [32minfo[39m [HTTP]  +13s
[Nest] 2026-04-15T13:34:52.213Z [32minfo[39m [HTTP]  +729ms
[Nest] 2026-04-15T13:35:06.759Z [32minfo[39m [HTTP]  +15s
[Nest] 2026-04-15T13:35:07.513Z [32minfo[39m [HTTP]  +754ms
[Nest] 2026-04-15T13:35:08.381Z [32minfo[39m [HTTP]  +868ms
[Nest] 2026-04-15T13:35:09.139Z [32minfo[39m [HTTP]  +758ms
[Nest] 2026-04-15T13:35:21.385Z [32minfo[39m [HTTP]  +12s
[Nest] 2026-04-15T13:35:22.030Z [32minfo[39m [HTTP]  +645ms
[Nest] 2026-04-15T13:35:36.654Z [32minfo[39m [HTTP]  +15s
[Nest] 2026-04-15T13:35:37.374Z [32minfo[39m [HTTP]  +720ms
[Nest] 2026-04-15T13:35:38.201Z [32minfo[39m [HTTP]  +827ms
[Nest] 2026-04-15T13:35:38.912Z [32minfo[39m [HTTP]  +711ms
[Nest] 2026-04-15T13:35:51.368Z [32minfo[39m [HTTP]  +12s
[Nest] 2026-04-15T13:35:52.013Z [32minfo[39m [HTTP]  +645ms
[Nest] 2026-04-15T13:36:06.497Z [32minfo[39m [HTTP]  +14s
[Nest] 2026-04-15T13:36:07.143Z [32minfo[39m [HTTP]  +646ms
[Nest] 2026-04-15T13:36:07.871Z [32minfo[39m [HTTP]  +728ms
[Nest] 2026-04-15T13:36:08.501Z [32minfo[39m [HTTP]  +630ms
[Nest] 2026-04-15T13:36:21.568Z [32minfo[39m [HTTP]  +13s
[Nest] 2026-04-15T13:36:22.350Z [32minfo[39m [HTTP]  +782ms
[Nest] 2026-04-15T13:36:36.487Z [32minfo[39m [HTTP]  +14s
[Nest] 2026-04-15T13:36:37.198Z [32minfo[39m [HTTP]  +711ms
[Nest] 2026-04-15T13:36:37.999Z [32minfo[39m [HTTP]  +801ms
[Nest] 2026-04-15T13:36:38.704Z [32minfo[39m [HTTP]  +705ms
[Nest] 2026-04-15T13:36:51.412Z [32minfo[39m [HTTP]  +13s
[Nest] 2026-04-15T13:36:52.120Z [32minfo[39m [HTTP]  +708ms
[Nest] 2026-04-15T13:37:06.621Z [32minfo[39m [HTTP]  +15s
[Nest] 2026-04-15T13:37:07.324Z [32minfo[39m [HTTP]  +703ms
[Nest] 2026-04-15T13:37:08.113Z [32minfo[39m [HTTP]  +789ms
[Nest] 2026-04-15T13:37:08.814Z [32minfo[39m [HTTP]  +701ms
[Nest] 2026-04-15T13:37:21.432Z [32minfo[39m [HTTP]  +13s
[Nest] 2026-04-15T13:37:22.137Z [32minfo[39m [HTTP]  +705ms
[Nest] 2026-04-15T13:37:36.653Z [32minfo[39m [HTTP]  +15s
[Nest] 2026-04-15T13:37:37.383Z [32minfo[39m [HTTP]  +730ms
[Nest] 2026-04-15T13:37:38.219Z [32minfo[39m [HTTP]  +836ms
[Nest] 2026-04-15T13:37:38.963Z [32minfo[39m [HTTP]  +744ms
[Nest] 2026-04-15T13:37:51.752Z [32minfo[39m [HTTP]  +13s
[Nest] 2026-04-15T13:37:52.523Z [32minfo[39m [HTTP]  +771ms
[Nest] 2026-04-15T13:38:06.614Z [32minfo[39m [HTTP]  +14s
[Nest] 2026-04-15T13:38:07.327Z [32minfo[39m [HTTP]  +713ms
[Nest] 2026-04-15T13:38:08.160Z [32minfo[39m [HTTP]  +834ms
[Nest] 2026-04-15T13:38:08.894Z [32minfo[39m [HTTP]  +733ms
[Nest] 2026-04-15T13:38:21.421Z [32minfo[39m [HTTP]  +13s
[Nest] 2026-04-15T13:38:22.132Z [32minfo[39m [HTTP]  +711ms
[Nest] 2026-04-15T13:38:35.986Z [32minfo[39m [HTTP]  +14s
[Nest] 2026-04-15T13:38:36.616Z [32minfo[39m [HTTP]  +630ms
[Nest] 2026-04-15T13:38:37.336Z [32minfo[39m [HTTP]  +720ms
[Nest] 2026-04-15T13:38:37.964Z [32minfo[39m [HTTP]  +628ms
[Nest] 2026-04-15T13:38:51.589Z [32minfo[39m [HTTP]  +14s
[Nest] 2026-04-15T13:38:52.376Z [32minfo[39m [HTTP]  +787ms
[Nest] 2026-04-15T13:39:06.581Z [32minfo[39m [HTTP]  +14s
[Nest] 2026-04-15T13:39:07.341Z [32minfo[39m [HTTP]  +760ms
[Nest] 2026-04-15T13:39:08.194Z [32minfo[39m [HTTP]  +853ms
[Nest] 2026-04-15T13:39:08.957Z [32minfo[39m [HTTP]  +763ms
[Nest] 2026-04-15T13:39:21.399Z [32minfo[39m [HTTP]  +12s
[Nest] 2026-04-15T13:39:22.117Z [32minfo[39m [HTTP]  +718ms
[Nest] 2026-04-15T13:39:36.643Z [32minfo[39m [HTTP]  +15s
[Nest] 2026-04-15T13:39:37.345Z [32minfo[39m [HTTP]  +702ms
[Nest] 2026-04-15T13:39:38.159Z [32minfo[39m [HTTP]  +814ms
[Nest] 2026-04-15T13:39:38.862Z [32minfo[39m [HTTP]  +703ms
[Nest] 2026-04-15T13:39:51.520Z [32minfo[39m [HTTP]  +13s
[Nest] 2026-04-15T13:39:52.297Z [32minfo[39m [HTTP]  +777ms
[Nest] 2026-04-15T13:40:06.489Z [32minfo[39m [HTTP]  +14s
[Nest] 2026-04-15T13:40:07.193Z [32minfo[39m [HTTP]  +704ms
[Nest] 2026-04-15T13:40:07.983Z [32minfo[39m [HTTP]  +790ms
[Nest] 2026-04-15T13:40:08.689Z [32minfo[39m [HTTP]  +706ms
[Nest] 2026-04-15T13:40:21.480Z [32minfo[39m [HTTP]  +13s
[Nest] 2026-04-15T13:40:22.241Z [32minfo[39m [HTTP]  +761ms
[Nest] 2026-04-15T13:40:36.678Z [32minfo[39m [HTTP]  +14s
[Nest] 2026-04-15T13:40:37.443Z [32minfo[39m [HTTP]  +765ms
[Nest] 2026-04-15T13:40:38.314Z [32minfo[39m [HTTP]  +871ms
[Nest] 2026-04-15T13:40:39.081Z [32minfo[39m [HTTP]  +767ms
[Nest] 2026-04-15T13:40:51.459Z [32minfo[39m [HTTP]  +12s
[Nest] 2026-04-15T13:40:52.172Z [32minfo[39m [HTTP]  +713ms
[Nest] 2026-04-15T13:41:06.688Z [32minfo[39m [HTTP]  +15s
[Nest] 2026-04-15T13:41:07.455Z [32minfo[39m [HTTP]  +767ms
[Nest] 2026-04-15T13:41:08.325Z [32minfo[39m [HTTP]  +870ms
[Nest] 2026-04-15T13:41:09.093Z [32minfo[39m [HTTP]  +768ms
[Nest] 2026-04-15T13:41:21.428Z [32minfo[39m [HTTP]  +12s
[Nest] 2026-04-15T13:41:22.164Z [32minfo[39m [HTTP]  +736ms
[Nest] 2026-04-15T13:41:36.426Z [32minfo[39m [HTTP]  +14s
[Nest] 2026-04-15T13:41:37.078Z [32minfo[39m [HTTP]  +652ms
[Nest] 2026-04-15T13:41:37.834Z [32minfo[39m [HTTP]  +756ms
[Nest] 2026-04-15T13:41:38.510Z [32minfo[39m [HTTP]  +676ms
[Nest] 2026-04-15T13:41:51.462Z [32minfo[39m [HTTP]  +13s
[Nest] 2026-04-15T13:41:52.179Z [32minfo[39m [HTTP]  +717ms
[Nest] 2026-04-15T13:42:06.719Z [32minfo[39m [HTTP]  +15s
[Nest] 2026-04-15T13:42:07.501Z [32minfo[39m [HTTP]  +782ms
[Nest] 2026-04-15T13:42:08.385Z [32minfo[39m [HTTP]  +884ms
[Nest] 2026-04-15T13:42:09.155Z [32minfo[39m [HTTP]  +770ms
[Nest] 2026-04-15T13:42:21.601Z [32minfo[39m [HTTP]  +12s
[Nest] 2026-04-15T13:42:22.340Z [32minfo[39m [HTTP]  +739ms
[Nest] 2026-04-15T13:42:36.532Z [32minfo[39m [HTTP]  +14s
[Nest] 2026-04-15T13:42:37.259Z [32minfo[39m [HTTP]  +727ms
[Nest] 2026-04-15T13:42:38.068Z [32minfo[39m [HTTP]  +809ms
[Nest] 2026-04-15T13:42:38.782Z [32minfo[39m [HTTP]  +714ms
[Nest] 2026-04-15T13:42:51.432Z [32minfo[39m [HTTP]  +13s
[Nest] 2026-04-15T13:42:52.141Z [32minfo[39m [HTTP]  +709ms
[Nest] 2026-04-15T13:43:06.637Z [32minfo[39m [HTTP]  +14s
[Nest] 2026-04-15T13:43:07.356Z [32minfo[39m [HTTP]  +719ms
[Nest] 2026-04-15T13:43:08.174Z [32minfo[39m [HTTP]  +818ms
[Nest] 2026-04-15T13:43:08.891Z [32minfo[39m [HTTP]  +717ms
[Nest] 2026-04-15T13:43:21.430Z [32minfo[39m [HTTP]  +13s
[Nest] 2026-04-15T13:43:22.136Z [32minfo[39m [HTTP]  +706ms
[Nest] 2026-04-15T13:43:36.824Z [32minfo[39m [HTTP]  +15s
[Nest] 2026-04-15T13:43:37.620Z [32minfo[39m [HTTP]  +796ms
[Nest] 2026-04-15T13:43:38.523Z [32minfo[39m [HTTP]  +903ms
[Nest] 2026-04-15T13:43:39.302Z [32minfo[39m [HTTP]  +779ms
[Nest] 2026-04-15T13:43:51.451Z [32minfo[39m [HTTP]  +12s
[Nest] 2026-04-15T13:43:52.162Z [32minfo[39m [HTTP]  +711ms
[Nest] 2026-04-15T13:44:06.569Z [32minfo[39m [HTTP]  +14s
[Nest] 2026-04-15T13:44:07.278Z [32minfo[39m [HTTP]  +709ms
[Nest] 2026-04-15T13:44:08.090Z [32minfo[39m [HTTP]  +812ms
[Nest] 2026-04-15T13:44:08.799Z [32minfo[39m [HTTP]  +709ms
[Nest] 2026-04-15T13:44:21.438Z [32minfo[39m [HTTP]  +13s
[Nest] 2026-04-15T13:44:22.155Z [32minfo[39m [HTTP]  +717ms
[Nest] 2026-04-15T13:44:36.749Z [32minfo[39m [HTTP]  +15s
[Nest] 2026-04-15T13:44:37.443Z [32minfo[39m [HTTP]  +694ms
[Nest] 2026-04-15T13:44:38.246Z [32minfo[39m [HTTP]  +803ms
[Nest] 2026-04-15T13:44:38.941Z [32minfo[39m [HTTP]  +695ms
[Nest] 2026-04-15T13:44:51.613Z [32minfo[39m [HTTP]  +13s
[Nest] 2026-04-15T13:44:52.404Z [32minfo[39m [HTTP]  +791ms
[Nest] 2026-04-15T13:45:06.627Z [32minfo[39m [HTTP]  +14s
[Nest] 2026-04-15T13:45:07.336Z [32minfo[39m [HTTP]  +709ms
[Nest] 2026-04-15T13:45:08.140Z [32minfo[39m [HTTP]  +804ms
[Nest] 2026-04-15T13:45:08.867Z [32minfo[39m [HTTP]  +727ms
[Nest] 2026-04-15T13:45:21.335Z [32minfo[39m [HTTP]  +12s
[Nest] 2026-04-15T13:45:21.983Z [32minfo[39m [HTTP]  +648ms
[Nest] 2026-04-15T13:45:36.457Z [32minfo[39m [HTTP]  +14s
[Nest] 2026-04-15T13:45:37.112Z [32minfo[39m [HTTP]  +655ms
[Nest] 2026-04-15T13:45:37.852Z [32minfo[39m [HTTP]  +740ms
[Nest] 2026-04-15T13:45:38.517Z [32minfo[39m [HTTP]  +665ms
[Nest] 2026-04-15T13:45:51.376Z [32minfo[39m [HTTP]  +13s
[Nest] 2026-04-15T13:45:52.086Z [32minfo[39m [HTTP]  +710ms
[Nest] 2026-04-15T13:46:06.827Z [32minfo[39m [HTTP]  +15s
[Nest] 2026-04-15T13:46:07.591Z [32minfo[39m [HTTP]  +764ms
[Nest] 2026-04-15T13:46:08.478Z [32minfo[39m [HTTP]  +887ms
[Nest] 2026-04-15T13:46:09.261Z [32minfo[39m [HTTP]  +783ms
[Nest] 2026-04-15T13:46:21.301Z [32minfo[39m [HTTP]  +12s
[Nest] 2026-04-15T13:46:21.939Z [32minfo[39m [HTTP]  +638ms
[Nest] 2026-04-15T13:46:36.794Z [32minfo[39m [HTTP]  +15s
[Nest] 2026-04-15T13:46:37.561Z [32minfo[39m [HTTP]  +767ms
[Nest] 2026-04-15T13:46:38.444Z [32minfo[39m [HTTP]  +883ms
[Nest] 2026-04-15T13:46:39.226Z [32minfo[39m [HTTP]  +782ms
[Nest] 2026-04-15T13:46:51.514Z [32minfo[39m [HTTP]  +12s
[Nest] 2026-04-15T13:46:52.229Z [32minfo[39m [HTTP]  +715ms
[Nest] 2026-04-15T13:47:06.515Z [32minfo[39m [HTTP]  +14s
[Nest] 2026-04-15T13:47:07.212Z [32minfo[39m [HTTP]  +697ms
[Nest] 2026-04-15T13:47:08.008Z [32minfo[39m [HTTP]  +796ms
[Nest] 2026-04-15T13:47:08.699Z [32minfo[39m [HTTP]  +691ms
[Nest] 2026-04-15T13:47:21.556Z [32minfo[39m [HTTP]  +13s
[Nest] 2026-04-15T13:47:22.332Z [32minfo[39m [HTTP]  +776ms
[Nest] 2026-04-15T13:47:36.893Z [32minfo[39m [HTTP]  +15s
[Nest] 2026-04-15T13:47:37.665Z [32minfo[39m [HTTP]  +772ms
[Nest] 2026-04-15T13:47:38.560Z [32minfo[39m [HTTP]  +895ms
[Nest] 2026-04-15T13:47:39.338Z [32minfo[39m [HTTP]  +778ms
[Nest] 2026-04-15T13:47:51.405Z [32minfo[39m [HTTP]  +12s
[Nest] 2026-04-15T13:47:52.116Z [32minfo[39m [HTTP]  +711ms
[Nest] 2026-04-15T13:48:06.623Z [32minfo[39m [HTTP]  +15s
[Nest] 2026-04-15T13:48:07.347Z [32minfo[39m [HTTP]  +724ms
[Nest] 2026-04-15T13:48:08.166Z [32minfo[39m [HTTP]  +819ms
[Nest] 2026-04-15T13:48:08.887Z [32minfo[39m [HTTP]  +721ms
[Nest] 2026-04-15T13:48:21.310Z [32minfo[39m [HTTP]  +12s
[Nest] 2026-04-15T13:48:21.934Z [32minfo[39m [HTTP]  +624ms
[Nest] 2026-04-15T13:48:36.496Z [32minfo[39m [HTTP]  +15s
[Nest] 2026-04-15T13:48:37.193Z [32minfo[39m [HTTP]  +697ms
[Nest] 2026-04-15T13:48:37.992Z [32minfo[39m [HTTP]  +799ms
[Nest] 2026-04-15T13:48:38.680Z [32minfo[39m [HTTP]  +688ms
[Nest] 2026-04-15T13:48:51.359Z [32minfo[39m [HTTP]  +13s
[Nest] 2026-04-15T13:48:52.003Z [32minfo[39m [HTTP]  +644ms
[Nest] 2026-04-15T13:49:06.452Z [32minfo[39m [HTTP]  +14s
[Nest] 2026-04-15T13:49:07.089Z [32minfo[39m [HTTP]  +637ms
[Nest] 2026-04-15T13:49:07.827Z [32minfo[39m [HTTP]  +738ms
[Nest] 2026-04-15T13:49:08.461Z [32minfo[39m [HTTP]  +634ms
[Nest] 2026-04-15T13:49:21.417Z [32minfo[39m [HTTP]  +13s
[Nest] 2026-04-15T13:49:22.131Z [32minfo[39m [HTTP]  +714ms
[Nest] 2026-04-15T13:49:36.418Z [32minfo[39m [HTTP]  +14s
[Nest] 2026-04-15T13:49:37.082Z [32minfo[39m [HTTP]  +664ms
[Nest] 2026-04-15T13:49:37.814Z [32minfo[39m [HTTP]  +732ms
[Nest] 2026-04-15T13:49:38.454Z [32minfo[39m [HTTP]  +640ms
[Nest] 2026-04-15T13:49:51.421Z [32minfo[39m [HTTP]  +13s
[Nest] 2026-04-15T13:49:52.139Z [32minfo[39m [HTTP]  +718ms
[Nest] 2026-04-15T13:50:06.599Z [32minfo[39m [HTTP]  +14s
[Nest] 2026-04-15T13:50:07.313Z [32minfo[39m [HTTP]  +714ms
[Nest] 2026-04-15T13:50:08.117Z [32minfo[39m [HTTP]  +804ms
[Nest] 2026-04-15T13:50:08.826Z [32minfo[39m [HTTP]  +709ms
[Nest] 2026-04-15T13:50:21.513Z [32minfo[39m [HTTP]  +13s
[Nest] 2026-04-15T13:50:22.232Z [32minfo[39m [HTTP]  +719ms
[Nest] 2026-04-15T13:50:36.411Z [32minfo[39m [HTTP]  +14s
[Nest] 2026-04-15T13:50:37.066Z [32minfo[39m [HTTP]  +655ms
[Nest] 2026-04-15T13:50:37.793Z [32minfo[39m [HTTP]  +727ms
[Nest] 2026-04-15T13:50:38.431Z [32minfo[39m [HTTP]  +638ms
[Nest] 2026-04-15T13:50:51.573Z [32minfo[39m [HTTP]  +13s
[Nest] 2026-04-15T13:50:52.297Z [32minfo[39m [HTTP]  +724ms
[Nest] 2026-04-15T13:51:06.642Z [32minfo[39m [HTTP]  +14s
[Nest] 2026-04-15T13:51:07.441Z [32minfo[39m [HTTP]  +799ms
[Nest] 2026-04-15T13:51:08.317Z [32minfo[39m [HTTP]  +876ms
[Nest] 2026-04-15T13:51:09.110Z [32minfo[39m [HTTP]  +793ms
[Nest] 2026-04-15T13:51:21.320Z [32minfo[39m [HTTP]  +12s
[Nest] 2026-04-15T13:51:22.006Z [32minfo[39m [HTTP]  +686ms
[Nest] 2026-04-15T13:51:35.658Z [32minfo[39m [HTTP]  +14s
[Nest] 2026-04-15T13:51:36.346Z [32minfo[39m [HTTP]  +688ms
[Nest] 2026-04-15T13:51:37.131Z [32minfo[39m [HTTP]  +785ms
[Nest] 2026-04-15T13:51:37.820Z [32minfo[39m [HTTP]  +689ms
[Nest] 2026-04-15T13:51:56.092Z [32minfo[39m [HTTP]  +18s
[Nest] 2026-04-15T13:51:56.866Z [32minfo[39m [HTTP]  +774ms
[Nest] 2026-04-15T13:51:57.745Z [32minfo[39m [HTTP]  +879ms
[Nest] 2026-04-15T13:51:58.523Z [32minfo[39m [HTTP]  +778ms
[Nest] 2026-04-15T13:51:59.396Z [32minfo[39m [HTTP]  +873ms
[Nest] 2026-04-15T13:52:00.175Z [32minfo[39m [HTTP]  +779ms
[Nest] 2026-04-15T13:52:01.073Z [32minfo[39m [HTTP]  +898ms
[Nest] 2026-04-15T13:52:01.875Z [32minfo[39m [HTTP]  +802ms
[Nest] 2026-04-15T13:52:06.852Z [32minfo[39m [HTTP]  +5s
[Nest] 2026-04-15T13:52:07.641Z [32minfo[39m [HTTP]  +789ms
[Nest] 2026-04-15T13:52:37.441Z [32minfo[39m [HTTP]  +30s
[Nest] 2026-04-15T13:52:38.225Z [32minfo[39m [HTTP]  +784ms
[Nest] 2026-04-15T13:53:18.358Z [32minfo[39m [HTTP]  +40s
[Nest] 2026-04-15T13:53:19.121Z [32minfo[39m [HTTP]  +763ms
[Nest] 2026-04-15T13:54:18.349Z [32minfo[39m [HTTP]  +59s
[Nest] 2026-04-15T13:54:19.133Z [32minfo[39m [HTTP]  +784ms
[Nest] 2026-04-15T13:55:18.179Z [32minfo[39m [HTTP]  +59s
[Nest] 2026-04-15T13:55:18.892Z [32minfo[39m [HTTP]  +713ms
[Nest] 2026-04-15T13:56:19.106Z [32minfo[39m [HTTP]  +1m
[Nest] 2026-04-15T13:56:19.831Z [32minfo[39m [HTTP]  +725ms
[Nest] 2026-04-15T13:57:18.285Z [32minfo[39m [HTTP]  +58s
[Nest] 2026-04-15T13:57:18.993Z [32minfo[39m [HTTP]  +708ms
[Nest] 2026-04-15T13:58:18.276Z [32minfo[39m [HTTP]  +59s
[Nest] 2026-04-15T13:58:18.993Z [32minfo[39m [HTTP]  +717ms
[Nest] 2026-04-15T13:59:18.053Z [32minfo[39m [HTTP]  +59s
[Nest] 2026-04-15T13:59:18.718Z [32minfo[39m [HTTP]  +665ms
[Nest] 2026-04-15T14:00:18.136Z [32minfo[39m [HTTP]  +59s
[Nest] 2026-04-15T14:00:18.766Z [32minfo[39m [HTTP]  +630ms
[Nest] 2026-04-15T14:01:18.377Z [32minfo[39m [HTTP]  +60s
[Nest] 2026-04-15T14:01:19.148Z [32minfo[39m [HTTP]  +771ms
[Nest] 2026-04-15T14:02:18.191Z [32minfo[39m [HTTP]  +59s
[Nest] 2026-04-15T14:02:18.909Z [32minfo[39m [HTTP]  +718ms
[Nest] 2026-04-15T14:03:18.331Z [32minfo[39m [HTTP]  +59s
[Nest] 2026-04-15T14:03:19.067Z [32minfo[39m [HTTP]  +736ms
[Nest] 2026-04-15T14:04:18.197Z [32minfo[39m [HTTP]  +59s
[Nest] 2026-04-15T14:04:18.918Z [32minfo[39m [HTTP]  +721ms
[Nest] 2026-04-15T14:05:15.567Z [32minfo[39m [HTTP]  +57s
[Nest] 2026-04-15T14:05:16.267Z [32minfo[39m [HTTP]  +700ms
[Nest] 2026-04-15T14:05:17.064Z [32minfo[39m [HTTP]  +797ms
[Nest] 2026-04-15T14:05:17.766Z [32minfo[39m [HTTP]  +702ms
[Nest] 2026-04-15T14:05:18.571Z [32minfo[39m [HTTP]  +805ms
[Nest] 2026-04-15T14:05:19.272Z [32minfo[39m [HTTP]  +701ms
[Nest] 2026-04-15T14:05:20.066Z [32minfo[39m [HTTP]  +794ms
[Nest] 2026-04-15T14:05:20.759Z [32minfo[39m [HTTP]  +693ms
[Nest] 2026-04-15T14:05:21.555Z [32minfo[39m [HTTP]  +796ms
[Nest] 2026-04-15T14:05:22.245Z [32minfo[39m [HTTP]  +690ms
[Nest] 2026-04-15T14:05:23.043Z [32minfo[39m [HTTP]  +798ms
[Nest] 2026-04-15T14:05:23.754Z [32minfo[39m [HTTP]  +711ms
[Nest] 2026-04-15T14:05:29.314Z [32minfo[39m [HTTP]  +6s
[Nest] 2026-04-15T14:05:30.018Z [32minfo[39m [HTTP]  +704ms
[Nest] 2026-04-15T14:05:36.815Z [32minfo[39m [HTTP]  +7s
[Nest] 2026-04-15T14:05:37.524Z [32minfo[39m [HTTP]  +709ms
[Nest] 2026-04-15T14:06:07.221Z [32minfo[39m [HTTP]  +30s
[Nest] 2026-04-15T14:06:08.013Z [32minfo[39m [HTTP]  +792ms
[Nest] 2026-04-15T14:07:18.214Z [32minfo[39m [HTTP]  +1m
[Nest] 2026-04-15T14:07:18.912Z [32minfo[39m [HTTP]  +697ms
[Nest] 2026-04-15T14:07:34.063Z [32minfo[39m [HTTP]  +15s
[Nest] 2026-04-15T14:07:34.842Z [32minfo[39m [HTTP]  +779ms
[Nest] 2026-04-15T14:07:35.715Z [32minfo[39m [HTTP]  +873ms
[Nest] 2026-04-15T14:07:36.502Z [32minfo[39m [HTTP]  +787ms
[Nest] 2026-04-15T14:07:37.380Z [32minfo[39m [HTTP]  +878ms
[Nest] 2026-04-15T14:07:38.155Z [32minfo[39m [HTTP]  +775ms
[Nest] 2026-04-15T14:07:39.039Z [32minfo[39m [HTTP]  +884ms
[Nest] 2026-04-15T14:07:39.821Z [32minfo[39m [HTTP]  +782ms
[Nest] 2026-04-15T14:07:40.696Z [32minfo[39m [HTTP]  +875ms
[Nest] 2026-04-15T14:07:41.466Z [32minfo[39m [HTTP]  +770ms
[Nest] 2026-04-15T14:07:42.339Z [32minfo[39m [HTTP]  +873ms
[Nest] 2026-04-15T14:07:43.113Z [32minfo[39m [HTTP]  +774ms
[Nest] 2026-04-15T14:07:43.984Z [32minfo[39m [HTTP]  +871ms
[Nest] 2026-04-15T14:07:44.768Z [32minfo[39m [HTTP]  +784ms
[Nest] 2026-04-15T14:07:45.647Z [32minfo[39m [HTTP]  +879ms
[Nest] 2026-04-15T14:07:46.426Z [32minfo[39m [HTTP]  +779ms
[Nest] 2026-04-15T14:07:51.309Z [32minfo[39m [HTTP]  +5s
[Nest] 2026-04-15T14:07:52.068Z [32minfo[39m [HTTP]  +759ms
[Nest] 2026-04-15T14:08:06.563Z [32minfo[39m [HTTP]  +14s
[Nest] 2026-04-15T14:08:07.219Z [32minfo[39m [HTTP]  +656ms
[Nest] 2026-04-15T14:08:07.975Z [32minfo[39m [HTTP]  +756ms
[Nest] 2026-04-15T14:08:08.634Z [32minfo[39m [HTTP]  +659ms
[Nest] 2026-04-15T14:08:15.171Z [32minfo[39m [HTTP]  +7s
[Nest] 2026-04-15T14:08:15.792Z [32minfo[39m [HTTP]  +621ms
[Nest] 2026-04-15T14:08:36.802Z [32minfo[39m [HTTP]  +21s
[Nest] 2026-04-15T14:08:37.525Z [32minfo[39m [HTTP]  +723ms
[Nest] 2026-04-15T14:08:38.348Z [32minfo[39m [HTTP]  +823ms
[Nest] 2026-04-15T14:08:39.064Z [32minfo[39m [HTTP]  +716ms
[Nest] 2026-04-15T14:08:39.891Z [32minfo[39m [HTTP]  +827ms
[Nest] 2026-04-15T14:08:40.616Z [32minfo[39m [HTTP]  +725ms
[Nest] 2026-04-15T14:08:41.448Z [32minfo[39m [HTTP]  +832ms
[Nest] 2026-04-15T14:08:42.176Z [32minfo[39m [HTTP]  +728ms
[Nest] 2026-04-15T14:08:43.008Z [32minfo[39m [HTTP]  +832ms
[Nest] 2026-04-15T14:08:43.737Z [32minfo[39m [HTTP]  +729ms
[Nest] 2026-04-15T14:08:44.569Z [32minfo[39m [HTTP]  +832ms
[Nest] 2026-04-15T14:08:45.286Z [32minfo[39m [HTTP]  +717ms
[Nest] 2026-04-15T14:08:51.094Z [32minfo[39m [HTTP]  +6s
[Nest] 2026-04-15T14:08:51.813Z [32minfo[39m [HTTP]  +719ms
[Nest] 2026-04-15T14:09:06.652Z [32minfo[39m [HTTP]  +15s
[Nest] 2026-04-15T14:09:07.310Z [32minfo[39m [HTTP]  +658ms
[Nest] 2026-04-15T14:09:08.049Z [32minfo[39m [HTTP]  +739ms
[Nest] 2026-04-15T14:09:08.685Z [32minfo[39m [HTTP]  +636ms
[Nest] 2026-04-15T14:09:21.344Z [32minfo[39m [HTTP]  +13s
[Nest] 2026-04-15T14:09:21.984Z [32minfo[39m [HTTP]  +640ms
[Nest] 2026-04-15T14:09:36.534Z [32minfo[39m [HTTP]  +15s
[Nest] 2026-04-15T14:09:37.201Z [32minfo[39m [HTTP]  +667ms
[Nest] 2026-04-15T14:09:37.925Z [32minfo[39m [HTTP]  +724ms
[Nest] 2026-04-15T14:09:38.593Z [32minfo[39m [HTTP]  +668ms
[Nest] 2026-04-15T14:09:51.452Z [32minfo[39m [HTTP]  +13s
[Nest] 2026-04-15T14:09:52.181Z [32minfo[39m [HTTP]  +729ms
[Nest] 2026-04-15T14:09:56.098Z [32minfo[39m [HTTP]  +4s
[Nest] 2026-04-15T14:09:56.801Z [32minfo[39m [HTTP]  +703ms
[Nest] 2026-04-15T14:09:57.616Z [32minfo[39m [HTTP]  +815ms
[Nest] 2026-04-15T14:09:58.319Z [32minfo[39m [HTTP]  +703ms
[Nest] 2026-04-15T14:10:06.243Z [32minfo[39m [HTTP]  +8s
[Nest] 2026-04-15T14:10:06.988Z [32minfo[39m [HTTP]  +745ms
[Nest] 2026-04-15T14:10:07.823Z [32minfo[39m [HTTP]  +835ms
[Nest] 2026-04-15T14:10:08.549Z [32minfo[39m [HTTP]  +726ms
[Nest] 2026-04-15T14:10:15.352Z [32minfo[39m [HTTP]  +7s
[Nest] 2026-04-15T14:10:16.078Z [32minfo[39m [HTTP]  +726ms
[Nest] 2026-04-15T14:10:16.917Z [32minfo[39m [HTTP]  +839ms
[Nest] 2026-04-15T14:10:17.639Z [32minfo[39m [HTTP]  +722ms
[Nest] 2026-04-15T14:10:20.651Z [32minfo[39m [HTTP]  +3s
[Nest] 2026-04-15T14:10:21.423Z [32minfo[39m [HTTP]  +772ms
[Nest] 2026-04-15T14:10:31.250Z [32minfo[39m [HTTP]  +10s
[Nest] 2026-04-15T14:10:31.976Z [32minfo[39m [HTTP]  +726ms
[Nest] 2026-04-15T14:10:32.107Z [32minfo[39m [HTTP]  +131ms
[Nest] 2026-04-15T14:10:32.706Z [32minfo[39m [HTTP]  +599ms
RolesService: resolving permissions for user=25390d0e-9744-4ec3-85f4-6e926f5d0a51 email=deybisasprilla@gmail.com storedRole=ADMIN effectiveRole=ADMIN debugRole=none
[Nest] 2026-04-15T14:10:32.984Z [32minfo[39m [HTTP]  +278ms
[Nest] 2026-04-15T14:10:33.337Z [32minfo[39m [HTTP]  +353ms
[Nest] 2026-04-15T14:10:35.553Z [32minfo[39m [HTTP]  +2s
[Nest] 2026-04-15T14:10:36.194Z [32minfo[39m [HTTP]  +641ms
[Nest] 2026-04-15T14:10:36.608Z [32minfo[39m [HTTP]  +414ms
[Nest] 2026-04-15T14:10:36.926Z [32minfo[39m [HTTP]  +318ms
RolesService: resolving permissions for user=25390d0e-9744-4ec3-85f4-6e926f5d0a51 email=deybisasprilla@gmail.com storedRole=ADMIN effectiveRole=ADMIN debugRole=none
[Nest] 2026-04-15T14:10:37.220Z [32minfo[39m [HTTP]  +294ms
[Nest] 2026-04-15T14:10:37.558Z [32minfo[39m [HTTP]  +338ms
[Nest] 2026-04-15T14:10:38.302Z [32minfo[39m [HTTP]  +744ms
[Nest] 2026-04-15T14:10:38.584Z [32minfo[39m [HTTP]  +282ms
[Nest] 2026-04-15T14:10:38.948Z [32minfo[39m [HTTP]  +364ms
[Nest] 2026-04-15T14:10:39.693Z [32minfo[39m [HTTP]  +745ms
[Nest] 2026-04-15T14:10:39.963Z [32minfo[39m [HTTP]  +270ms
[Nest] 2026-04-15T14:10:40.327Z [32minfo[39m [HTTP]  +364ms
RolesService: resolving permissions for user=25390d0e-9744-4ec3-85f4-6e926f5d0a51 email=deybisasprilla@gmail.com storedRole=ADMIN effectiveRole=ADMIN debugRole=none
[Nest] 2026-04-15T14:10:40.580Z [32minfo[39m [HTTP]  +253ms
[Nest] 2026-04-15T14:10:51.075Z [32minfo[39m [HTTP]  +10s
[Nest] 2026-04-15T14:10:51.784Z [32minfo[39m [HTTP]  +709ms
[Nest] 2026-04-15T14:10:53.239Z [32minfo[39m [HTTP]  +1s
[Nest] 2026-04-15T14:10:53.941Z [32minfo[39m [HTTP]  +702ms
[Nest] 2026-04-15T14:10:54.769Z [32minfo[39m [HTTP]  +828ms
[Nest] 2026-04-15T14:10:55.469Z [32minfo[39m [HTTP]  +700ms
[Nest] 2026-04-15T14:10:57.298Z [32minfo[39m [HTTP]  +2s
RolesService: resolving permissions for user=25390d0e-9744-4ec3-85f4-6e926f5d0a51 email=deybisasprilla@gmail.com storedRole=ADMIN effectiveRole=ADMIN debugRole=none
[Nest] 2026-04-15T14:10:57.913Z [32minfo[39m [HTTP]  +615ms
[Nest] 2026-04-15T14:10:59.698Z [32minfo[39m [HTTP]  +2s
[Nest] 2026-04-15T14:11:00.756Z [32minfo[39m [HTTP]  +1s
RolesService: resolving permissions for user=25390d0e-9744-4ec3-85f4-6e926f5d0a51 email=deybisasprilla@gmail.com storedRole=ADMIN effectiveRole=ADMIN debugRole=none
[Nest] 2026-04-15T14:11:01.363Z [32minfo[39m [HTTP]  +607ms
[Nest] 2026-04-15T14:11:06.289Z [32minfo[39m [HTTP]  +5s
[Nest] 2026-04-15T14:11:07.003Z [32minfo[39m [HTTP]  +714ms
[Nest] 2026-04-15T14:11:07.822Z [32minfo[39m [HTTP]  +819ms
[Nest] 2026-04-15T14:11:08.532Z [32minfo[39m [HTTP]  +710ms
[Nest] 2026-04-15T14:11:21.760Z [32minfo[39m [HTTP]  +13s
[Nest] 2026-04-15T14:11:22.529Z [32minfo[39m [HTTP]  +769ms
[Nest] 2026-04-15T14:11:36.487Z [32minfo[39m [HTTP]  +14s
[Nest] 2026-04-15T14:11:37.144Z [32minfo[39m [HTTP]  +656ms
[Nest] 2026-04-15T14:11:37.883Z [32minfo[39m [HTTP]  +739ms
[Nest] 2026-04-15T14:11:38.536Z [32minfo[39m [HTTP]  +653ms
[Nest] 2026-04-15T14:11:51.406Z [32minfo[39m [HTTP]  +13s
[Nest] 2026-04-15T14:11:52.099Z [32minfo[39m [HTTP]  +693ms
[Nest] 2026-04-15T14:12:06.546Z [32minfo[39m [HTTP]  +14s
[Nest] 2026-04-15T14:12:07.186Z [32minfo[39m [HTTP]  +640ms
[Nest] 2026-04-15T14:12:07.930Z [32minfo[39m [HTTP]  +744ms
[Nest] 2026-04-15T14:12:08.573Z [32minfo[39m [HTTP]  +643ms
[Nest] 2026-04-15T14:12:21.391Z [32minfo[39m [HTTP]  +13s
[Nest] 2026-04-15T14:12:22.092Z [32minfo[39m [HTTP]  +701ms
[Nest] 2026-04-15T14:12:36.627Z [32minfo[39m [HTTP]  +15s
[Nest] 2026-04-15T14:12:37.336Z [32minfo[39m [HTTP]  +709ms
[Nest] 2026-04-15T14:12:38.139Z [32minfo[39m [HTTP]  +803ms
[Nest] 2026-04-15T14:12:38.842Z [32minfo[39m [HTTP]  +703ms
[Nest] 2026-04-15T14:12:51.490Z [32minfo[39m [HTTP]  +13s
[Nest] 2026-04-15T14:12:52.227Z [32minfo[39m [HTTP]  +737ms
[Nest] 2026-04-15T14:13:06.862Z [32minfo[39m [HTTP]  +15s
[Nest] 2026-04-15T14:13:07.664Z [32minfo[39m [HTTP]  +802ms
[Nest] 2026-04-15T14:13:08.554Z [32minfo[39m [HTTP]  +890ms
[Nest] 2026-04-15T14:13:09.342Z [32minfo[39m [HTTP]  +788ms
[Nest] 2026-04-15T14:13:21.629Z [32minfo[39m [HTTP]  +12s
[Nest] 2026-04-15T14:13:22.405Z [32minfo[39m [HTTP]  +776ms
[Nest] 2026-04-15T14:13:36.747Z [32minfo[39m [HTTP]  +14s
[Nest] 2026-04-15T14:13:37.527Z [32minfo[39m [HTTP]  +780ms
[Nest] 2026-04-15T14:13:38.413Z [32minfo[39m [HTTP]  +886ms
[Nest] 2026-04-15T14:13:39.216Z [32minfo[39m [HTTP]  +803ms
[Nest] 2026-04-15T14:13:51.550Z [32minfo[39m [HTTP]  +12s
[Nest] 2026-04-15T14:13:52.257Z [32minfo[39m [HTTP]  +707ms
[Nest] 2026-04-15T14:14:06.621Z [32minfo[39m [HTTP]  +14s
[Nest] 2026-04-15T14:14:07.331Z [32minfo[39m [HTTP]  +710ms
[Nest] 2026-04-15T14:14:08.148Z [32minfo[39m [HTTP]  +817ms
[Nest] 2026-04-15T14:14:08.852Z [32minfo[39m [HTTP]  +704ms
[Nest] 2026-04-15T14:14:21.347Z [32minfo[39m [HTTP]  +12s
[Nest] 2026-04-15T14:14:21.993Z [32minfo[39m [HTTP]  +646ms
[Nest] 2026-04-15T14:14:36.730Z [32minfo[39m [HTTP]  +15s
[Nest] 2026-04-15T14:14:37.503Z [32minfo[39m [HTTP]  +773ms
[Nest] 2026-04-15T14:14:38.377Z [32minfo[39m [HTTP]  +874ms
[Nest] 2026-04-15T14:14:39.150Z [32minfo[39m [HTTP]  +774ms
[Nest] 2026-04-15T14:14:51.339Z [32minfo[39m [HTTP]  +12s
[Nest] 2026-04-15T14:14:51.993Z [32minfo[39m [HTTP]  +654ms
[Nest] 2026-04-15T14:15:06.525Z [32minfo[39m [HTTP]  +15s
[Nest] 2026-04-15T14:15:07.181Z [32minfo[39m [HTTP]  +656ms
[Nest] 2026-04-15T14:15:07.909Z [32minfo[39m [HTTP]  +728ms
[Nest] 2026-04-15T14:15:08.543Z [32minfo[39m [HTTP]  +634ms
[Nest] 2026-04-15T14:15:21.386Z [32minfo[39m [HTTP]  +13s
[Nest] 2026-04-15T14:15:22.093Z [32minfo[39m [HTTP]  +707ms
[Nest] 2026-04-15T14:15:37.060Z [32minfo[39m [HTTP]  +15s
[Nest] 2026-04-15T14:15:37.778Z [32minfo[39m [HTTP]  +718ms
[Nest] 2026-04-15T14:15:38.599Z [32minfo[39m [HTTP]  +821ms
[Nest] 2026-04-15T14:15:39.288Z [32minfo[39m [HTTP]  +689ms
[Nest] 2026-04-15T14:15:51.563Z [32minfo[39m [HTTP]  +12s
[Nest] 2026-04-15T14:15:52.322Z [32minfo[39m [HTTP]  +759ms
[Nest] 2026-04-15T14:16:06.552Z [32minfo[39m [HTTP]  +14s
[Nest] 2026-04-15T14:16:07.257Z [32minfo[39m [HTTP]  +705ms
[Nest] 2026-04-15T14:16:08.055Z [32minfo[39m [HTTP]  +798ms
[Nest] 2026-04-15T14:16:08.764Z [32minfo[39m [HTTP]  +709ms
[Nest] 2026-04-15T14:16:21.267Z [32minfo[39m [HTTP]  +13s
[Nest] 2026-04-15T14:16:21.902Z [32minfo[39m [HTTP]  +635ms
[Nest] 2026-04-15T14:16:36.595Z [32minfo[39m [HTTP]  +15s
[Nest] 2026-04-15T14:16:37.297Z [32minfo[39m [HTTP]  +702ms
[Nest] 2026-04-15T14:16:38.103Z [32minfo[39m [HTTP]  +806ms
[Nest] 2026-04-15T14:16:38.794Z [32minfo[39m [HTTP]  +691ms
[Nest] 2026-04-15T14:16:51.597Z [32minfo[39m [HTTP]  +13s
[Nest] 2026-04-15T14:16:52.361Z [32minfo[39m [HTTP]  +764ms
[Nest] 2026-04-15T14:17:06.605Z [32minfo[39m [HTTP]  +14s
[Nest] 2026-04-15T14:17:07.314Z [32minfo[39m [HTTP]  +709ms
[Nest] 2026-04-15T14:17:08.105Z [32minfo[39m [HTTP]  +791ms
[Nest] 2026-04-15T14:17:08.821Z [32minfo[39m [HTTP]  +716ms
[Nest] 2026-04-15T14:17:21.514Z [32minfo[39m [HTTP]  +13s
[Nest] 2026-04-15T14:17:22.272Z [32minfo[39m [HTTP]  +758ms
[Nest] 2026-04-15T14:17:36.641Z [32minfo[39m [HTTP]  +14s
[Nest] 2026-04-15T14:17:37.357Z [32minfo[39m [HTTP]  +716ms
[Nest] 2026-04-15T14:17:38.202Z [32minfo[39m [HTTP]  +845ms
[Nest] 2026-04-15T14:17:38.927Z [32minfo[39m [HTTP]  +725ms
[Nest] 2026-04-15T14:17:51.479Z [32minfo[39m [HTTP]  +13s
[Nest] 2026-04-15T14:17:52.185Z [32minfo[39m [HTTP]  +706ms
[Nest] 2026-04-15T14:18:06.498Z [32minfo[39m [HTTP]  +14s
[Nest] 2026-04-15T14:18:07.150Z [32minfo[39m [HTTP]  +652ms
[Nest] 2026-04-15T14:18:07.886Z [32minfo[39m [HTTP]  +736ms
[Nest] 2026-04-15T14:18:08.518Z [32minfo[39m [HTTP]  +632ms
[Nest] 2026-04-15T14:18:21.487Z [32minfo[39m [HTTP]  +13s
[Nest] 2026-04-15T14:18:22.202Z [32minfo[39m [HTTP]  +715ms
[Nest] 2026-04-15T14:18:36.544Z [32minfo[39m [HTTP]  +14s
[Nest] 2026-04-15T14:18:37.244Z [32minfo[39m [HTTP]  +700ms
[Nest] 2026-04-15T14:18:38.040Z [32minfo[39m [HTTP]  +796ms
[Nest] 2026-04-15T14:18:38.727Z [32minfo[39m [HTTP]  +687ms
[Nest] 2026-04-15T14:18:51.548Z [32minfo[39m [HTTP]  +13s
[Nest] 2026-04-15T14:18:52.268Z [32minfo[39m [HTTP]  +720ms
[Nest] 2026-04-15T14:19:06.652Z [32minfo[39m [HTTP]  +14s
[Nest] 2026-04-15T14:19:07.383Z [32minfo[39m [HTTP]  +731ms
[Nest] 2026-04-15T14:19:08.212Z [32minfo[39m [HTTP]  +829ms
[Nest] 2026-04-15T14:19:08.933Z [32minfo[39m [HTTP]  +721ms
[Nest] 2026-04-15T14:19:21.469Z [32minfo[39m [HTTP]  +13s
[Nest] 2026-04-15T14:19:22.193Z [32minfo[39m [HTTP]  +724ms
[Nest] 2026-04-15T14:19:32.425Z [32minfo[39m [HTTP]  +10s
[Nest] 2026-04-15T14:19:33.142Z [32minfo[39m [HTTP]  +717ms
[Nest] 2026-04-15T14:19:33.947Z [32minfo[39m [HTTP]  +805ms
[Nest] 2026-04-15T14:19:34.665Z [32minfo[39m [HTTP]  +718ms
[Nest] 2026-04-15T14:19:35.616Z [32minfo[39m [HTTP]  +951ms
[Nest] 2026-04-15T14:19:36.325Z [32minfo[39m [HTTP]  +709ms
[Nest] 2026-04-15T14:19:37.129Z [32minfo[39m [HTTP]  +804ms
[Nest] 2026-04-15T14:19:37.828Z [32minfo[39m [HTTP]  +699ms
[Nest] 2026-04-15T14:19:51.443Z [32minfo[39m [HTTP]  +14s
[Nest] 2026-04-15T14:19:52.140Z [32minfo[39m [HTTP]  +697ms
[Nest] 2026-04-15T14:20:06.722Z [32minfo[39m [HTTP]  +15s
[Nest] 2026-04-15T14:20:07.531Z [32minfo[39m [HTTP]  +809ms
[Nest] 2026-04-15T14:20:08.430Z [32minfo[39m [HTTP]  +899ms
[Nest] 2026-04-15T14:20:09.228Z [32minfo[39m [HTTP]  +798ms
[Nest] 2026-04-15T14:20:21.291Z [32minfo[39m [HTTP]  +12s
[Nest] 2026-04-15T14:20:21.936Z [32minfo[39m [HTTP]  +645ms
[Nest] 2026-04-15T14:20:36.841Z [32minfo[39m [HTTP]  +15s
[Nest] 2026-04-15T14:20:37.653Z [32minfo[39m [HTTP]  +812ms
[Nest] 2026-04-15T14:20:38.535Z [32minfo[39m [HTTP]  +882ms
[Nest] 2026-04-15T14:20:39.324Z [32minfo[39m [HTTP]  +789ms
[Nest] 2026-04-15T14:20:51.516Z [32minfo[39m [HTTP]  +12s
[Nest] 2026-04-15T14:20:52.289Z [32minfo[39m [HTTP]  +773ms
[Nest] 2026-04-15T14:21:06.746Z [32minfo[39m [HTTP]  +14s
[Nest] 2026-04-15T14:21:07.540Z [32minfo[39m [HTTP]  +794ms
[Nest] 2026-04-15T14:21:08.415Z [32minfo[39m [HTTP]  +875ms
[Nest] 2026-04-15T14:21:09.209Z [32minfo[39m [HTTP]  +794ms
[Nest] 2026-04-15T14:21:21.524Z [32minfo[39m [HTTP]  +12s
[Nest] 2026-04-15T14:21:22.252Z [32minfo[39m [HTTP]  +728ms
[Nest] 2026-04-15T14:21:36.570Z [32minfo[39m [HTTP]  +14s
[Nest] 2026-04-15T14:21:37.274Z [32minfo[39m [HTTP]  +704ms
[Nest] 2026-04-15T14:21:38.089Z [32minfo[39m [HTTP]  +815ms
[Nest] 2026-04-15T14:21:38.800Z [32minfo[39m [HTTP]  +711ms
[Nest] 2026-04-15T14:21:51.399Z [32minfo[39m [HTTP]  +13s
[Nest] 2026-04-15T14:21:52.058Z [32minfo[39m [HTTP]  +659ms
[Nest] 2026-04-15T14:22:08.195Z [32minfo[39m [HTTP]  +16s
[Nest] 2026-04-15T14:22:08.914Z [32minfo[39m [HTTP]  +719ms
[Nest] 2026-04-15T14:22:09.752Z [32minfo[39m [HTTP]  +838ms
[Nest] 2026-04-15T14:22:10.476Z [32minfo[39m [HTTP]  +724ms
[Nest] 2026-04-15T14:22:21.640Z [32minfo[39m [HTTP]  +11s
[Nest] 2026-04-15T14:22:22.427Z [32minfo[39m [HTTP]  +787ms
[Nest] 2026-04-15T14:22:36.425Z [32minfo[39m [HTTP]  +14s
[Nest] 2026-04-15T14:22:37.092Z [32minfo[39m [HTTP]  +667ms
[Nest] 2026-04-15T14:22:37.799Z [32minfo[39m [HTTP]  +707ms
[Nest] 2026-04-15T14:22:37.863Z [32minfo[39m [HTTP]  +64ms
RolesService: resolving permissions for user=25390d0e-9744-4ec3-85f4-6e926f5d0a51 email=deybisasprilla@gmail.com storedRole=ADMIN effectiveRole=ADMIN debugRole=none
[Nest] 2026-04-15T14:22:38.774Z [32minfo[39m [HTTP]  +911ms
[Nest] 2026-04-15T14:22:39.575Z [32minfo[39m [HTTP]  +801ms
[Nest] 2026-04-15T14:22:39.719Z [32minfo[39m [HTTP]  +144ms
[Nest] 2026-04-15T14:22:40.286Z [32minfo[39m [HTTP]  +567ms
[Nest] 2026-04-15T14:22:41.080Z [32minfo[39m [HTTP]  +794ms
[Nest] 2026-04-15T14:22:41.786Z [32minfo[39m [HTTP]  +706ms
[Nest] 2026-04-15T14:22:51.248Z [32minfo[39m [HTTP]  +9s
[Nest] 2026-04-15T14:22:51.971Z [32minfo[39m [HTTP]  +723ms
[Nest] 2026-04-15T14:23:09.730Z [32minfo[39m [HTTP]  +18s
[Nest] 2026-04-15T14:23:10.508Z [32minfo[39m [HTTP]  +778ms
[Nest] 2026-04-15T14:23:11.383Z [32minfo[39m [HTTP]  +875ms
[Nest] 2026-04-15T14:23:12.181Z [32minfo[39m [HTTP]  +798ms
[Nest] 2026-04-15T14:23:13.054Z [32minfo[39m [HTTP]  +873ms
[Nest] 2026-04-15T14:23:13.821Z [32minfo[39m [HTTP]  +767ms
[Nest] 2026-04-15T14:23:19.179Z [32minfo[39m [HTTP]  +5s
[Nest] 2026-04-15T14:23:19.986Z [32minfo[39m [HTTP]  +807ms
[Nest] 2026-04-15T14:23:20.880Z [32minfo[39m [HTTP]  +894ms
[Nest] 2026-04-15T14:23:21.667Z [32minfo[39m [HTTP]  +787ms
[Nest] 2026-04-15T14:23:22.555Z [32minfo[39m [HTTP]  +888ms
[Nest] 2026-04-15T14:23:23.343Z [32minfo[39m [HTTP]  +788ms
[Nest] 2026-04-15T14:23:36.182Z [32minfo[39m [HTTP]  +13s
[Nest] 2026-04-15T14:23:36.893Z [32minfo[39m [HTTP]  +711ms
[Nest] 2026-04-15T14:23:37.701Z [32minfo[39m [HTTP]  +808ms
[Nest] 2026-04-15T14:23:38.414Z [32minfo[39m [HTTP]  +713ms
[Nest] 2026-04-15T14:23:51.491Z [32minfo[39m [HTTP]  +13s
[Nest] 2026-04-15T14:23:52.212Z [32minfo[39m [HTTP]  +721ms
[Nest] 2026-04-15T14:24:09.543Z [32minfo[39m [HTTP]  +17s
[Nest] 2026-04-15T14:24:10.195Z [32minfo[39m [HTTP]  +652ms
[Nest] 2026-04-15T14:24:10.948Z [32minfo[39m [HTTP]  +753ms
[Nest] 2026-04-15T14:24:11.590Z [32minfo[39m [HTTP]  +642ms
[Nest] 2026-04-15T14:24:17.888Z [32minfo[39m [HTTP]  +6s
[Nest] 2026-04-15T14:24:18.520Z [32minfo[39m [HTTP]  +632ms
[Nest] 2026-04-15T14:24:19.443Z [32minfo[39m [HTTP]  +923ms
[Nest] 2026-04-15T14:24:20.093Z [32minfo[39m [HTTP]  +650ms
[Nest] 2026-04-15T14:24:20.825Z [32minfo[39m [HTTP]  +732ms
[Nest] 2026-04-15T14:24:21.461Z [32minfo[39m [HTTP]  +636ms
[Nest] 2026-04-15T14:24:39.660Z [32minfo[39m [HTTP]  +18s
[Nest] 2026-04-15T14:24:40.407Z [32minfo[39m [HTTP]  +747ms
[Nest] 2026-04-15T14:24:41.224Z [32minfo[39m [HTTP]  +817ms
[Nest] 2026-04-15T14:24:41.942Z [32minfo[39m [HTTP]  +718ms
[Nest] 2026-04-15T14:24:51.173Z [32minfo[39m [HTTP]  +9s
[Nest] 2026-04-15T14:24:51.875Z [32minfo[39m [HTTP]  +702ms
[Nest] 2026-04-15T14:25:09.616Z [32minfo[39m [HTTP]  +18s
[Nest] 2026-04-15T14:25:10.325Z [32minfo[39m [HTTP]  +709ms
[Nest] 2026-04-15T14:25:11.132Z [32minfo[39m [HTTP]  +807ms
[Nest] 2026-04-15T14:25:11.856Z [32minfo[39m [HTTP]  +724ms
[Nest] 2026-04-15T14:25:14.152Z [32minfo[39m [HTTP]  +2s
[Nest] 2026-04-15T14:25:14.871Z [32minfo[39m [HTTP]  +719ms
[Nest] 2026-04-15T14:25:38.294Z [32minfo[39m [HTTP]  +23s
[Nest] 2026-04-15T14:25:39.065Z [32minfo[39m [HTTP]  +771ms
[Nest] 2026-04-15T14:26:08.151Z [32minfo[39m [HTTP]  +29s
[Nest] 2026-04-15T14:26:08.774Z [32minfo[39m [HTTP]  +623ms
