TypeError: fetch failed
    at node:internal/deps/undici/undici:16416:13
    at process.processTicksAndRejections (node:internal/process/task_queues:103:5)
    at async _handleRequest (C:\Users\user\Desktop\deybis\tote-bag\node_modules\.pnpm\@supabase+auth-js@2.94.0\node_modules\@supabase\auth-js\src\lib\fetch.ts:184:14)
    at async _request (C:\Users\user\Desktop\deybis\tote-bag\node_modules\.pnpm\@supabase+auth-js@2.94.0\node_modules\@supabase\auth-js\src\lib\fetch.ts:157:16)
    at async SupabaseAuthClient._getUser (C:\Users\user\Desktop\deybis\tote-bag\node_modules\.pnpm\@supabase+auth-js@2.94.0\node_modules\@supabase\auth-js\src\GoTrueClient.ts:1741:16)
    at async SupabaseAuthClient.getUser (C:\Users\user\Desktop\deybis\tote-bag\node_modules\.pnpm\@supabase+auth-js@2.94.0\node_modules\@supabase\auth-js\src\GoTrueClient.ts:1722:14)
    at async AuthMiddleware.use (C:\Users\user\Desktop\deybis\tote-bag\apps\api\src\common\middleware\auth.middleware.ts:115:35)
    at async C:\Users\user\Desktop\deybis\tote-bag\node_modules\.pnpm\@nestjs+core@11.1.12_@nestj_cbe7cfc41de5bef826b769e633ad1837\node_modules\@nestjs\core\router\router-proxy.js:9:17 {
  [cause]: ConnectTimeoutError: Connect Timeout Error (attempted address: supabase.servilutioncrm.cloud:443, timeout: 10000ms)
      at onConnectTimeout (node:internal/deps/undici/undici:1946:23)
      at Immediate._onImmediate (node:internal/deps/undici/undici:1912:35)
      at process.processImmediate (node:internal/timers:504:21) {
    code: 'UND_ERR_CONNECT_TIMEOUT'
  }
}
AuthMiddleware: Supabase validation error: fetch failed
Error: listen EADDRINUSE: address already in use 0.0.0.0:4004
    at Server.setupListenHandle [as _listen2] (node:net:1940:16)
    at listenInCluster (node:net:1997:12)
    at node:net:2206:7
    at process.processTicksAndRejections (node:internal/process/task_queues:89:21) {
  code: 'EADDRINUSE',
  errno: -4091,
  syscall: 'listen',
  address: '0.0.0.0',
  port: 4004
}
Error: listen EADDRINUSE: address already in use 0.0.0.0:4004
    at Server.setupListenHandle [as _listen2] (node:net:1940:16)
    at listenInCluster (node:net:1997:12)
    at node:net:2206:7
    at process.processTicksAndRejections (node:internal/process/task_queues:89:21) {
  code: 'EADDRINUSE',
  errno: -4091,
  syscall: 'listen',
  address: '0.0.0.0',
  port: 4004
}
Error: listen EADDRINUSE: address already in use 0.0.0.0:4004
    at Server.setupListenHandle [as _listen2] (node:net:1940:16)
    at listenInCluster (node:net:1997:12)
    at node:net:2206:7
    at process.processTicksAndRejections (node:internal/process/task_queues:89:21) {
  code: 'EADDRINUSE',
  errno: -4091,
  syscall: 'listen',
  address: '0.0.0.0',
  port: 4004
}
node:internal/modules/cjs/loader:1451
  throw err;
  ^

Error: Cannot find module 'C:\Users\user\Desktop\deybis\tote-bag\apps\api\dist\main'
    at Module._resolveFilename (node:internal/modules/cjs/loader:1448:15)
    at defaultResolveImpl (node:internal/modules/cjs/loader:1059:19)
    at resolveForCJSWithHooks (node:internal/modules/cjs/loader:1064:22)
    at Module._load (node:internal/modules/cjs/loader:1234:25)
    at TracingChannel.traceSync (node:diagnostics_channel:328:14)
    at wrapModuleLoad (node:internal/modules/cjs/loader:245:24)
    at Module.executeUserEntryPoint [as runMain] (node:internal/modules/run_main:154:5)
    at node:internal/main/run_main_module:33:47 {
  code: 'MODULE_NOT_FOUND',
  requireStack: []
}

Node.js v24.13.1
AuthMiddleware: Supabase validation error: invalid JWT: unable to parse or verify signature, token has invalid claims: token is expired
AuthMiddleware: Supabase validation error: invalid JWT: unable to parse or verify signature, token has invalid claims: token is expired
AuthMiddleware: Supabase validation error: invalid JWT: unable to parse or verify signature, token has invalid claims: token is expired
AuthMiddleware: Supabase validation error: invalid JWT: unable to parse or verify signature, token has invalid claims: token is expired
AuthMiddleware: Supabase validation error: invalid JWT: unable to parse or verify signature, token has invalid claims: token is expired
AuthMiddleware: Supabase validation error: invalid JWT: unable to parse or verify signature, token has invalid claims: token is expired
AuthMiddleware: Supabase validation error: invalid JWT: unable to parse or verify signature, token has invalid claims: token is expired
AuthMiddleware: Supabase validation error: invalid JWT: unable to parse or verify signature, token has invalid claims: token is expired
AuthMiddleware: Supabase validation error: invalid JWT: unable to parse or verify signature, token has invalid claims: token is expired
AuthMiddleware: Supabase validation error: invalid JWT: unable to parse or verify signature, token has invalid claims: token is expired
AuthMiddleware: Supabase validation error: invalid JWT: unable to parse or verify signature, token has invalid claims: token is expired
AuthMiddleware: Supabase validation error: invalid JWT: unable to parse or verify signature, token has invalid claims: token is expired
AuthMiddleware: Supabase validation error: invalid JWT: unable to parse or verify signature, token has invalid claims: token is expired
AuthMiddleware: Supabase validation error: invalid JWT: unable to parse or verify signature, token has invalid claims: token is expired
Error: listen EADDRINUSE: address already in use 0.0.0.0:4004
    at Server.setupListenHandle [as _listen2] (node:net:1940:16)
    at listenInCluster (node:net:1997:12)
    at node:net:2206:7
    at process.processTicksAndRejections (node:internal/process/task_queues:89:21) {
  code: 'EADDRINUSE',
  errno: -4091,
  syscall: 'listen',
  address: '0.0.0.0',
  port: 4004
}
Error: listen EADDRINUSE: address already in use 0.0.0.0:4004
    at Server.setupListenHandle [as _listen2] (node:net:1940:16)
    at listenInCluster (node:net:1997:12)
    at node:net:2206:7
    at process.processTicksAndRejections (node:internal/process/task_queues:89:21) {
  code: 'EADDRINUSE',
  errno: -4091,
  syscall: 'listen',
  address: '0.0.0.0',
  port: 4004
}
