
> api@0.0.1 dev C:\Users\user\Desktop\deybis\tote-bag\apps\api
> nest start --watch

[2J[3J[H[[90m10:20:30 a. m.[0m] Starting compilation in watch mode...

[[90m10:20:45 a. m.[0m] Found 0 errors. Watching for file changes.

[Nest] 2026-04-14T15:20:49.401Z [32minfo[39m [NestFactory] Starting Nest application... +0ms
[Nest] 2026-04-14T15:20:49.463Z [32minfo[39m [InstanceLoader] SentryModule dependencies initialized +62ms
[Nest] 2026-04-14T15:20:49.464Z [32minfo[39m [InstanceLoader] DebugRoleContextModule dependencies initialized +1ms
[Nest] 2026-04-14T15:20:49.465Z [32minfo[39m [InstanceLoader] PrismaModule dependencies initialized +1ms
[Nest] 2026-04-14T15:20:49.466Z [32minfo[39m [InstanceLoader] CartModule dependencies initialized +1ms
[Nest] 2026-04-14T15:20:49.466Z [32minfo[39m [InstanceLoader] AdminModule dependencies initialized +1ms
[Nest] 2026-04-14T15:20:49.469Z [32minfo[39m [InstanceLoader] ConfigHostModule dependencies initialized +2ms
[Nest] 2026-04-14T15:20:49.469Z [32minfo[39m [InstanceLoader] ThrottlerModule dependencies initialized +0ms
[Nest] 2026-04-14T15:20:49.470Z [32minfo[39m [InstanceLoader] PrometheusModule dependencies initialized +1ms
[Nest] 2026-04-14T15:20:49.471Z [32minfo[39m [InstanceLoader] RolesModule dependencies initialized +1ms
[Nest] 2026-04-14T15:20:49.474Z [32minfo[39m [InstanceLoader] ConfigModule dependencies initialized +3ms
[Nest] 2026-04-14T15:20:49.475Z [32minfo[39m [InstanceLoader] ConfigModule dependencies initialized +1ms
[Nest] 2026-04-14T15:20:49.477Z [32minfo[39m [InstanceLoader] DashboardModule dependencies initialized +2ms
[Nest] 2026-04-14T15:20:49.478Z [32minfo[39m [InstanceLoader] PricingModule dependencies initialized +1ms
[Nest] 2026-04-14T15:20:49.478Z [32minfo[39m [InstanceLoader] AuthModule dependencies initialized +0ms
[Nest] 2026-04-14T15:20:49.478Z [32minfo[39m [InstanceLoader] LocationsModule dependencies initialized +0ms
[Nest] 2026-04-14T15:20:49.479Z [32minfo[39m [InstanceLoader] AuditModule dependencies initialized +1ms
[Nest] 2026-04-14T15:20:49.479Z [32minfo[39m [InstanceLoader] ConfigurationModule dependencies initialized +0ms
[Nest] 2026-04-14T15:20:49.479Z [32minfo[39m [InstanceLoader] WizardModule dependencies initialized +0ms
[Nest] 2026-04-14T15:20:49.479Z [32minfo[39m [InstanceLoader] UsersModule dependencies initialized +0ms
[Nest] 2026-04-14T15:20:49.480Z [32minfo[39m [InstanceLoader] StorageModule dependencies initialized +1ms
[Nest] 2026-04-14T15:20:49.481Z [32minfo[39m [InstanceLoader] InventoryModule dependencies initialized +1ms
[Nest] 2026-04-14T15:20:49.481Z [32minfo[39m [InstanceLoader] CollectionsModule dependencies initialized +0ms
[Nest] 2026-04-14T15:20:49.482Z [32minfo[39m [InstanceLoader] PqrsModule dependencies initialized +1ms
[Nest] 2026-04-14T15:20:49.482Z [32minfo[39m [InstanceLoader] PurchasesModule dependencies initialized +0ms
[Nest] 2026-04-14T15:20:49.482Z [32minfo[39m [InstanceLoader] AddressesModule dependencies initialized +0ms
[Nest] 2026-04-14T15:20:49.483Z [32minfo[39m [InstanceLoader] ShippingModule dependencies initialized +1ms
[Nest] 2026-04-14T15:20:49.484Z [32minfo[39m [InstanceLoader] CacheModule dependencies initialized +1ms
[Nest] 2026-04-14T15:20:49.485Z [32minfo[39m [InstanceLoader] AppModule dependencies initialized +1ms
[Nest] 2026-04-14T15:20:49.485Z [32minfo[39m [InstanceLoader] OrdersModule dependencies initialized +0ms
[Nest] 2026-04-14T15:20:49.485Z [32minfo[39m [InstanceLoader] ProfilesModule dependencies initialized +0ms
[Nest] 2026-04-14T15:20:49.486Z [32minfo[39m [InstanceLoader] CatalogModule dependencies initialized +1ms
[Nest] 2026-04-14T15:20:49.486Z [32minfo[39m [InstanceLoader] B2BModule dependencies initialized +0ms
[Nest] 2026-04-14T15:20:49.487Z [32minfo[39m [InstanceLoader] PersonalizationsModule dependencies initialized +1ms
[Nest] 2026-04-14T15:20:49.487Z [32minfo[39m [InstanceLoader] PayrollModule dependencies initialized +0ms
[Nest] 2026-04-14T15:20:49.487Z [32minfo[39m [InstanceLoader] PaymentsModule dependencies initialized +0ms
[Nest] 2026-04-14T15:20:49.492Z [33mwarn[39m [HTTP] helmet package not installed; applying fallback security headers. +5ms
[Nest] 2026-04-14T15:20:49.501Z [33mwarn[39m [LegacyRouteConverter] Unsupported route path: "/api/*". In previous versions, the symbols ?, *, and + were used to denote optional or repeating path parameters. The latest version of "path-to-regexp" now requires the use of named parameters. For example, instead of using a route like /users/* to capture all routes starting with "/users", you should use /users/*path. For more details, refer to the migration guide. Attempting to auto-convert... +9ms
[Nest] 2026-04-14T15:20:49.503Z [32minfo[39m [RoutesResolver] AppController {/api} (version: 1): +2ms
[Nest] 2026-04-14T15:20:49.507Z [32minfo[39m [RouterExplorer] Mapped {/api, GET} (version: 1) route +4ms
[Nest] 2026-04-14T15:20:49.508Z [32minfo[39m [RouterExplorer] Mapped {/api/debug-sentry, GET} (version: 1) route +1ms
[Nest] 2026-04-14T15:20:49.508Z [32minfo[39m [RoutesResolver] PrometheusController {/api/metrics} (version: 1): +0ms
[Nest] 2026-04-14T15:20:49.509Z [32minfo[39m [RouterExplorer] Mapped {/api/metrics, GET} (version: 1) route +1ms
[Nest] 2026-04-14T15:20:49.510Z [32minfo[39m [RoutesResolver] DashboardController {/api/dashboard} (version: 1): +1ms
[Nest] 2026-04-14T15:20:49.510Z [32minfo[39m [RouterExplorer] Mapped {/api/dashboard/stats, GET} (version: 1) route +0ms
[Nest] 2026-04-14T15:20:49.511Z [32minfo[39m [RoutesResolver] B2bController {/api/b2b} (version: 1): +1ms
[Nest] 2026-04-14T15:20:49.511Z [32minfo[39m [RouterExplorer] Mapped {/api/b2b/quote, POST} (version: 1) route +0ms
[Nest] 2026-04-14T15:20:49.512Z [32minfo[39m [RouterExplorer] Mapped {/api/b2b/quotes, GET} (version: 1) route +1ms
[Nest] 2026-04-14T15:20:49.513Z [32minfo[39m [RouterExplorer] Mapped {/api/b2b/quotes/:id/approve, PATCH} (version: 1) route +1ms
[Nest] 2026-04-14T15:20:49.514Z [32minfo[39m [RoutesResolver] PricingController {/api/pricing} (version: 1): +1ms
[Nest] 2026-04-14T15:20:49.514Z [32minfo[39m [RouterExplorer] Mapped {/api/pricing/quote, POST} (version: 1) route +0ms
[Nest] 2026-04-14T15:20:49.515Z [32minfo[39m [RoutesResolver] AuthController {/api/auth} (version: 1): +1ms
[Nest] 2026-04-14T15:20:49.516Z [32minfo[39m [RouterExplorer] Mapped {/api/auth/register, POST} (version: 1) route +1ms
[Nest] 2026-04-14T15:20:49.517Z [32minfo[39m [RouterExplorer] Mapped {/api/auth/login, POST} (version: 1) route +1ms
[Nest] 2026-04-14T15:20:49.517Z [32minfo[39m [RouterExplorer] Mapped {/api/auth/forgot-password, POST} (version: 1) route +0ms
[Nest] 2026-04-14T15:20:49.517Z [32minfo[39m [RouterExplorer] Mapped {/api/auth/debug/change-role, PATCH} (version: 1) route +0ms
[Nest] 2026-04-14T15:20:49.518Z [32minfo[39m [RoutesResolver] OrdersController {/api/orders} (version: 1): +1ms
[Nest] 2026-04-14T15:20:49.518Z [32minfo[39m [RouterExplorer] Mapped {/api/orders, POST} (version: 1) route +0ms
[Nest] 2026-04-14T15:20:49.519Z [32minfo[39m [RouterExplorer] Mapped {/api/orders, GET} (version: 1) route +1ms
[Nest] 2026-04-14T15:20:49.519Z [32minfo[39m [RouterExplorer] Mapped {/api/orders/accounts-receivable, GET} (version: 1) route +0ms
[Nest] 2026-04-14T15:20:49.519Z [32minfo[39m [RouterExplorer] Mapped {/api/orders/user/:userId, GET} (version: 1) route +0ms
[Nest] 2026-04-14T15:20:49.520Z [32minfo[39m [RouterExplorer] Mapped {/api/orders/:id, GET} (version: 1) route +1ms
[Nest] 2026-04-14T15:20:49.520Z [32minfo[39m [RouterExplorer] Mapped {/api/orders/:id, PATCH} (version: 1) route +0ms
[Nest] 2026-04-14T15:20:49.521Z [32minfo[39m [RouterExplorer] Mapped {/api/orders/:id/payments, POST} (version: 1) route +1ms
[Nest] 2026-04-14T15:20:49.521Z [32minfo[39m [RouterExplorer] Mapped {/api/orders/:id/receipt, GET} (version: 1) route +0ms
[Nest] 2026-04-14T15:20:49.521Z [32minfo[39m [RoutesResolver] InventoryController {/api/inventory} (version: 1): +0ms
[Nest] 2026-04-14T15:20:49.522Z [32minfo[39m [RouterExplorer] Mapped {/api/inventory/detailed, GET} (version: 1) route +1ms
[Nest] 2026-04-14T15:20:49.522Z [32minfo[39m [RouterExplorer] Mapped {/api/inventory/movements, GET} (version: 1) route +0ms
[Nest] 2026-04-14T15:20:49.522Z [32minfo[39m [RouterExplorer] Mapped {/api/inventory/products/:productId/average-cost, GET} (version: 1) route +0ms
[Nest] 2026-04-14T15:20:49.523Z [32minfo[39m [RouterExplorer] Mapped {/api/inventory/batch, POST} (version: 1) route +1ms
[Nest] 2026-04-14T15:20:49.523Z [32minfo[39m [RouterExplorer] Mapped {/api/inventory/receive-batch, POST} (version: 1) route +0ms
[Nest] 2026-04-14T15:20:49.523Z [32minfo[39m [RouterExplorer] Mapped {/api/inventory/batches, POST} (version: 1) route +0ms
[Nest] 2026-04-14T15:20:49.524Z [32minfo[39m [RouterExplorer] Mapped {/api/inventory/batches, GET} (version: 1) route +1ms
[Nest] 2026-04-14T15:20:49.524Z [32minfo[39m [RouterExplorer] Mapped {/api/inventory/batches/:id, PATCH} (version: 1) route +0ms
[Nest] 2026-04-14T15:20:49.524Z [32minfo[39m [RouterExplorer] Mapped {/api/inventory/batches/:id, DELETE} (version: 1) route +0ms
[Nest] 2026-04-14T15:20:49.525Z [32minfo[39m [RouterExplorer] Mapped {/api/inventory/suppliers, GET} (version: 1) route +1ms
[Nest] 2026-04-14T15:20:49.525Z [32minfo[39m [RouterExplorer] Mapped {/api/inventory/suppliers, POST} (version: 1) route +0ms
[Nest] 2026-04-14T15:20:49.526Z [32minfo[39m [RouterExplorer] Mapped {/api/inventory/suppliers/:id, PATCH} (version: 1) route +1ms
[Nest] 2026-04-14T15:20:49.527Z [32minfo[39m [RouterExplorer] Mapped {/api/inventory/suppliers/:id, GET} (version: 1) route +1ms
[Nest] 2026-04-14T15:20:49.527Z [32minfo[39m [RouterExplorer] Mapped {/api/inventory/suppliers/:id/payments, POST} (version: 1) route +0ms
[Nest] 2026-04-14T15:20:49.528Z [32minfo[39m [RouterExplorer] Mapped {/api/inventory/finance/summary, GET} (version: 1) route +1ms
[Nest] 2026-04-14T15:20:49.529Z [32minfo[39m [RouterExplorer] Mapped {/api/inventory/finance/cash-flow, GET} (version: 1) route +1ms
[Nest] 2026-04-14T15:20:49.529Z [32minfo[39m [RouterExplorer] Mapped {/api/inventory/finance/tax-report, GET} (version: 1) route +0ms
[Nest] 2026-04-14T15:20:49.530Z [32minfo[39m [RouterExplorer] Mapped {/api/inventory/finance/break-even-simulation, POST} (version: 1) route +1ms
[Nest] 2026-04-14T15:20:49.530Z [32minfo[39m [RouterExplorer] Mapped {/api/inventory/finance/opex-categories, GET} (version: 1) route +0ms
[Nest] 2026-04-14T15:20:49.531Z [32minfo[39m [RouterExplorer] Mapped {/api/inventory/finance/opex-categories, POST} (version: 1) route +1ms
[Nest] 2026-04-14T15:20:49.531Z [32minfo[39m [RouterExplorer] Mapped {/api/inventory/finance/opex-transactions, GET} (version: 1) route +0ms
[Nest] 2026-04-14T15:20:49.532Z [32minfo[39m [RouterExplorer] Mapped {/api/inventory/finance/opex, POST} (version: 1) route +1ms
[Nest] 2026-04-14T15:20:49.532Z [32minfo[39m [RoutesResolver] ReportingController {/api/inventory/reporting} (version: 1): +0ms
[Nest] 2026-04-14T15:20:49.532Z [32minfo[39m [RouterExplorer] Mapped {/api/inventory/reporting/closing, GET} (version: 1) route +0ms
[Nest] 2026-04-14T15:20:49.533Z [32minfo[39m [RouterExplorer] Mapped {/api/inventory/reporting/valuation, GET} (version: 1) route +1ms
[Nest] 2026-04-14T15:20:49.533Z [32minfo[39m [RouterExplorer] Mapped {/api/inventory/reporting/accounting, GET} (version: 1) route +0ms
[Nest] 2026-04-14T15:20:49.533Z [32minfo[39m [RouterExplorer] Mapped {/api/inventory/reporting/accounting/export/excel, GET} (version: 1) route +0ms
[Nest] 2026-04-14T15:20:49.534Z [32minfo[39m [RouterExplorer] Mapped {/api/inventory/reporting/accounting/export/pdf, GET} (version: 1) route +1ms
[Nest] 2026-04-14T15:20:49.534Z [32minfo[39m [RoutesResolver] FinanceController {/api/finance} (version: 1): +0ms
[Nest] 2026-04-14T15:20:49.534Z [32minfo[39m [RouterExplorer] Mapped {/api/finance/report-preview, GET} (version: 1) route +0ms
[Nest] 2026-04-14T15:20:49.535Z [32minfo[39m [RouterExplorer] Mapped {/api/finance/tax-report, GET} (version: 1) route +1ms
[Nest] 2026-04-14T15:20:49.535Z [32minfo[39m [RouterExplorer] Mapped {/api/finance/break-even-simulation, POST} (version: 1) route +0ms
[Nest] 2026-04-14T15:20:49.536Z [32minfo[39m [RouterExplorer] Mapped {/api/finance/export-report, GET} (version: 1) route +1ms
[Nest] 2026-04-14T15:20:49.536Z [32minfo[39m [RoutesResolver] ShippingController {/api/shipping} (version: 1): +0ms
[Nest] 2026-04-14T15:20:49.536Z [32minfo[39m [RouterExplorer] Mapped {/api/shipping/providers, POST} (version: 1) route +0ms
[Nest] 2026-04-14T15:20:49.536Z [32minfo[39m [RouterExplorer] Mapped {/api/shipping/providers, GET} (version: 1) route +0ms
[Nest] 2026-04-14T15:20:49.537Z [32minfo[39m [RouterExplorer] Mapped {/api/shipping/providers/:id, GET} (version: 1) route +1ms
[Nest] 2026-04-14T15:20:49.537Z [32minfo[39m [RouterExplorer] Mapped {/api/shipping/providers/:id, PATCH} (version: 1) route +0ms
[Nest] 2026-04-14T15:20:49.537Z [32minfo[39m [RouterExplorer] Mapped {/api/shipping/providers/:id, DELETE} (version: 1) route +0ms
[Nest] 2026-04-14T15:20:49.538Z [32minfo[39m [RouterExplorer] Mapped {/api/shipping/shipments/pending, GET} (version: 1) route +1ms
[Nest] 2026-04-14T15:20:49.538Z [32minfo[39m [RouterExplorer] Mapped {/api/shipping/shipments, GET} (version: 1) route +0ms
[Nest] 2026-04-14T15:20:49.538Z [32minfo[39m [RouterExplorer] Mapped {/api/shipping/shipments/:orderId, PATCH} (version: 1) route +0ms
[Nest] 2026-04-14T15:20:49.539Z [32minfo[39m [RouterExplorer] Mapped {/api/shipping/shipments/:orderId/process-return, POST} (version: 1) route +1ms
[Nest] 2026-04-14T15:20:49.539Z [32minfo[39m [RouterExplorer] Mapped {/api/shipping/shipments/:orderId/label, GET} (version: 1) route +0ms
[Nest] 2026-04-14T15:20:49.539Z [32minfo[39m [RoutesResolver] ProfilesController {/api/profiles} (version: 1): +0ms
[Nest] 2026-04-14T15:20:49.540Z [32minfo[39m [RouterExplorer] Mapped {/api/profiles/me, GET} (version: 1) route +1ms
[Nest] 2026-04-14T15:20:49.540Z [32minfo[39m [RouterExplorer] Mapped {/api/profiles/me, PATCH} (version: 1) route +0ms
[Nest] 2026-04-14T15:20:49.541Z [32minfo[39m [RouterExplorer] Mapped {/api/profiles, GET} (version: 1) route +1ms
[Nest] 2026-04-14T15:20:49.542Z [32minfo[39m [RouterExplorer] Mapped {/api/profiles/:id, GET} (version: 1) route +1ms
[Nest] 2026-04-14T15:20:49.542Z [32minfo[39m [RoutesResolver] PaymentsController {/api/payments} (version: 1): +0ms
[Nest] 2026-04-14T15:20:49.543Z [32minfo[39m [RouterExplorer] Mapped {/api/payments/signature/:orderId, GET} (version: 1) route +1ms
[Nest] 2026-04-14T15:20:49.543Z [32minfo[39m [RouterExplorer] Mapped {/api/payments/wompi/signature/:orderId, GET} (version: 1) route +0ms
[Nest] 2026-04-14T15:20:49.544Z [32minfo[39m [RouterExplorer] Mapped {/api/payments/webhook/wompi, POST} (version: 1) route +1ms
[Nest] 2026-04-14T15:20:49.545Z [32minfo[39m [RouterExplorer] Mapped {/api/payments/wompi/webhook, POST} (version: 1) route +1ms
[Nest] 2026-04-14T15:20:49.545Z [32minfo[39m [RouterExplorer] Mapped {/api/payments/upload-receipt/:entityType/:entityId, POST} (version: 1) route +0ms
[Nest] 2026-04-14T15:20:49.545Z [32minfo[39m [RoutesResolver] LocationsController {/api/locations} (version: 1): +0ms
[Nest] 2026-04-14T15:20:49.546Z [32minfo[39m [RouterExplorer] Mapped {/api/locations/departments, GET} (version: 1) route +1ms
[Nest] 2026-04-14T15:20:49.546Z [32minfo[39m [RouterExplorer] Mapped {/api/locations/municipalities/:departmentId, GET} (version: 1) route +0ms
[Nest] 2026-04-14T15:20:49.547Z [32minfo[39m [RoutesResolver] AddressesController {/api/addresses} (version: 1): +1ms
[Nest] 2026-04-14T15:20:49.547Z [32minfo[39m [RouterExplorer] Mapped {/api/addresses, POST} (version: 1) route +0ms
[Nest] 2026-04-14T15:20:49.547Z [32minfo[39m [RouterExplorer] Mapped {/api/addresses, GET} (version: 1) route +0ms
[Nest] 2026-04-14T15:20:49.548Z [32minfo[39m [RouterExplorer] Mapped {/api/addresses/:id, GET} (version: 1) route +1ms
[Nest] 2026-04-14T15:20:49.548Z [32minfo[39m [RouterExplorer] Mapped {/api/addresses/:id, PATCH} (version: 1) route +0ms
[Nest] 2026-04-14T15:20:49.549Z [32minfo[39m [RouterExplorer] Mapped {/api/addresses/:id, DELETE} (version: 1) route +2ms
[Nest] 2026-04-14T15:20:49.550Z [32minfo[39m [RoutesResolver] AuditController {/api/audit} (version: 1): +0ms
[Nest] 2026-04-14T15:20:49.550Z [32minfo[39m [RouterExplorer] Mapped {/api/audit, GET} (version: 1) route +0ms
[Nest] 2026-04-14T15:20:49.551Z [32minfo[39m [RouterExplorer] Mapped {/api/audit/:id, GET} (version: 1) route +1ms
[Nest] 2026-04-14T15:20:49.551Z [32minfo[39m [RoutesResolver] ConfigurationController {/api/configuration} (version: 1): +0ms
[Nest] 2026-04-14T15:20:49.552Z [32minfo[39m [RouterExplorer] Mapped {/api/configuration/products/:slug, GET} (version: 1) route +1ms
[Nest] 2026-04-14T15:20:49.552Z [32minfo[39m [RouterExplorer] Mapped {/api/configuration/options/:productId, GET} (version: 1) route +0ms
[Nest] 2026-04-14T15:20:49.552Z [32minfo[39m [RoutesResolver] CatalogController {/api/catalog} (version: 1): +0ms
[Nest] 2026-04-14T15:20:49.553Z [32minfo[39m [RouterExplorer] Mapped {/api/catalog, POST} (version: 1) route +1ms
[Nest] 2026-04-14T15:20:49.553Z [32minfo[39m [RouterExplorer] Mapped {/api/catalog/admin/products, GET} (version: 1) route +0ms
[Nest] 2026-04-14T15:20:49.554Z [32minfo[39m [RouterExplorer] Mapped {/api/catalog/admin/products/variants/price-preview, POST} (version: 1) route +1ms
[Nest] 2026-04-14T15:20:49.554Z [32minfo[39m [RouterExplorer] Mapped {/api/catalog/admin/:id, GET} (version: 1) route +0ms
[Nest] 2026-04-14T15:20:49.555Z [32minfo[39m [RouterExplorer] Mapped {/api/catalog/products, GET} (version: 1) route +1ms
[Nest] 2026-04-14T15:20:49.555Z [32minfo[39m [RouterExplorer] Mapped {/api/catalog/search, GET} (version: 1) route +0ms
[Nest] 2026-04-14T15:20:49.555Z [32minfo[39m [RouterExplorer] Mapped {/api/catalog/slug/:slug, GET} (version: 1) route +0ms
[Nest] 2026-04-14T15:20:49.556Z [32minfo[39m [RouterExplorer] Mapped {/api/catalog/products/:slug/config, GET} (version: 1) route +1ms
[Nest] 2026-04-14T15:20:49.556Z [32minfo[39m [RouterExplorer] Mapped {/api/catalog/:id, GET} (version: 1) route +0ms
[Nest] 2026-04-14T15:20:49.557Z [32minfo[39m [RouterExplorer] Mapped {/api/catalog/:id, PATCH} (version: 1) route +1ms
[Nest] 2026-04-14T15:20:49.557Z [32minfo[39m [RouterExplorer] Mapped {/api/catalog/:id, DELETE} (version: 1) route +0ms
[Nest] 2026-04-14T15:20:49.558Z [32minfo[39m [RoutesResolver] PersonalizationsController {/api/personalizations} (version: 1): +1ms
[Nest] 2026-04-14T15:20:49.558Z [32minfo[39m [RouterExplorer] Mapped {/api/personalizations, GET} (version: 1) route +0ms
[Nest] 2026-04-14T15:20:49.559Z [32minfo[39m [RouterExplorer] Mapped {/api/personalizations, POST} (version: 1) route +1ms
[Nest] 2026-04-14T15:20:49.559Z [32minfo[39m [RouterExplorer] Mapped {/api/personalizations/signed-upload, POST} (version: 1) route +0ms
[Nest] 2026-04-14T15:20:49.560Z [32minfo[39m [RouterExplorer] Mapped {/api/personalizations/upload-design, POST} (version: 1) route +1ms
[Nest] 2026-04-14T15:20:49.561Z [32minfo[39m [RouterExplorer] Mapped {/api/personalizations/requests, GET} (version: 1) route +1ms
[Nest] 2026-04-14T15:20:49.561Z [32minfo[39m [RouterExplorer] Mapped {/api/personalizations/requests, POST} (version: 1) route +0ms
[Nest] 2026-04-14T15:20:49.562Z [32minfo[39m [RouterExplorer] Mapped {/api/personalizations/requests/:id, PATCH} (version: 1) route +1ms
[Nest] 2026-04-14T15:20:49.562Z [32minfo[39m [RouterExplorer] Mapped {/api/personalizations/requests/:id/approve, PATCH} (version: 1) route +0ms
[Nest] 2026-04-14T15:20:49.563Z [32minfo[39m [RouterExplorer] Mapped {/api/personalizations/:id, PUT} (version: 1) route +1ms
[Nest] 2026-04-14T15:20:49.563Z [32minfo[39m [RouterExplorer] Mapped {/api/personalizations/:id, DELETE} (version: 1) route +0ms
[Nest] 2026-04-14T15:20:49.563Z [32minfo[39m [RoutesResolver] CollectionsController {/api/collections} (version: 1): +0ms
[Nest] 2026-04-14T15:20:49.564Z [32minfo[39m [RouterExplorer] Mapped {/api/collections, GET} (version: 1) route +1ms
[Nest] 2026-04-14T15:20:49.564Z [32minfo[39m [RouterExplorer] Mapped {/api/collections, POST} (version: 1) route +0ms
[Nest] 2026-04-14T15:20:49.565Z [32minfo[39m [RouterExplorer] Mapped {/api/collections/:id, PATCH} (version: 1) route +1ms
[Nest] 2026-04-14T15:20:49.565Z [32minfo[39m [RouterExplorer] Mapped {/api/collections/:id, DELETE} (version: 1) route +0ms
[Nest] 2026-04-14T15:20:49.565Z [32minfo[39m [RoutesResolver] WizardController {/api/wizard-options} (version: 1): +0ms
[Nest] 2026-04-14T15:20:49.566Z [32minfo[39m [RouterExplorer] Mapped {/api/wizard-options, GET} (version: 1) route +1ms
[Nest] 2026-04-14T15:20:49.566Z [32minfo[39m [RouterExplorer] Mapped {/api/wizard-options/grouped, GET} (version: 1) route +0ms
[Nest] 2026-04-14T15:20:49.567Z [32minfo[39m [RouterExplorer] Mapped {/api/wizard-options/:id, GET} (version: 1) route +1ms
[Nest] 2026-04-14T15:20:49.567Z [32minfo[39m [RouterExplorer] Mapped {/api/wizard-options, POST} (version: 1) route +0ms
[Nest] 2026-04-14T15:20:49.568Z [32minfo[39m [RouterExplorer] Mapped {/api/wizard-options/:id, PATCH} (version: 1) route +1ms
[Nest] 2026-04-14T15:20:49.568Z [32minfo[39m [RouterExplorer] Mapped {/api/wizard-options/:id, DELETE} (version: 1) route +0ms
[Nest] 2026-04-14T15:20:49.568Z [32minfo[39m [RoutesResolver] UsersController {/api/users} (version: 1): +0ms
[Nest] 2026-04-14T15:20:49.569Z [32minfo[39m [RouterExplorer] Mapped {/api/users, GET} (version: 1) route +1ms
[Nest] 2026-04-14T15:20:49.569Z [32minfo[39m [RouterExplorer] Mapped {/api/users/:id/role, PATCH} (version: 1) route +0ms
[Nest] 2026-04-14T15:20:49.569Z [32minfo[39m [RoutesResolver] PqrsController {/api/pqrs} (version: 1): +0ms
[Nest] 2026-04-14T15:20:49.570Z [32minfo[39m [RouterExplorer] Mapped {/api/pqrs, POST} (version: 1) route +1ms
[Nest] 2026-04-14T15:20:49.570Z [32minfo[39m [RouterExplorer] Mapped {/api/pqrs, GET} (version: 1) route +0ms
[Nest] 2026-04-14T15:20:49.570Z [32minfo[39m [RouterExplorer] Mapped {/api/pqrs/:id, PATCH} (version: 1) route +0ms
[Nest] 2026-04-14T15:20:49.571Z [32minfo[39m [RoutesResolver] PayrollController {/api/payroll} (version: 1): +1ms
[Nest] 2026-04-14T15:20:49.571Z [32minfo[39m [RouterExplorer] Mapped {/api/payroll/shifts, GET} (version: 1) route +0ms
[Nest] 2026-04-14T15:20:49.571Z [32minfo[39m [RouterExplorer] Mapped {/api/payroll/workers, GET} (version: 1) route +0ms
[Nest] 2026-04-14T15:20:49.572Z [32minfo[39m [RouterExplorer] Mapped {/api/payroll/workers/:id/history, GET} (version: 1) route +1ms
[Nest] 2026-04-14T15:20:49.572Z [32minfo[39m [RouterExplorer] Mapped {/api/payroll/statements, GET} (version: 1) route +0ms
[Nest] 2026-04-14T15:20:49.573Z [32minfo[39m [RouterExplorer] Mapped {/api/payroll/statements/:id, GET} (version: 1) route +1ms
[Nest] 2026-04-14T15:20:49.574Z [32minfo[39m [RouterExplorer] Mapped {/api/payroll/statements/:id/pdf, GET} (version: 1) route +1ms
[Nest] 2026-04-14T15:20:49.575Z [32minfo[39m [RouterExplorer] Mapped {/api/payroll/shifts, POST} (version: 1) route +1ms
[Nest] 2026-04-14T15:20:49.575Z [32minfo[39m [RouterExplorer] Mapped {/api/payroll/workers, POST} (version: 1) route +0ms
[Nest] 2026-04-14T15:20:49.576Z [32minfo[39m [RouterExplorer] Mapped {/api/payroll/shifts/:id, PATCH} (version: 1) route +1ms
[Nest] 2026-04-14T15:20:49.577Z [32minfo[39m [RouterExplorer] Mapped {/api/payroll/workers/:id, PATCH} (version: 1) route +1ms
[Nest] 2026-04-14T15:20:49.577Z [32minfo[39m [RouterExplorer] Mapped {/api/payroll/shifts/:id, DELETE} (version: 1) route +0ms
[Nest] 2026-04-14T15:20:49.578Z [32minfo[39m [RouterExplorer] Mapped {/api/payroll/statements/consolidate, POST} (version: 1) route +1ms
[Nest] 2026-04-14T15:20:49.578Z [32minfo[39m [RouterExplorer] Mapped {/api/payroll/statements/:id/status, PATCH} (version: 1) route +0ms
[Nest] 2026-04-14T15:20:49.579Z [32minfo[39m [RoutesResolver] PurchasesController {/api/purchase-invoices} (version: 1): +1ms
[Nest] 2026-04-14T15:20:49.579Z [32minfo[39m [RouterExplorer] Mapped {/api/purchase-invoices, POST} (version: 1) route +0ms
[Nest] 2026-04-14T15:20:49.580Z [32minfo[39m [RouterExplorer] Mapped {/api/purchase-invoices, GET} (version: 1) route +1ms
[Nest] 2026-04-14T15:20:49.580Z [32minfo[39m [RouterExplorer] Mapped {/api/purchase-invoices/:id, PATCH} (version: 1) route +0ms
[Nest] 2026-04-14T15:20:49.581Z [32minfo[39m [RouterExplorer] Mapped {/api/purchase-invoices/:id/payments, POST} (version: 1) route +1ms
[Nest] 2026-04-14T15:20:49.581Z [32minfo[39m [RouterExplorer] Mapped {/api/purchase-invoices/:invoiceId/payments/:paymentId, PATCH} (version: 1) route +0ms
[Nest] 2026-04-14T15:20:49.581Z [32minfo[39m [RouterExplorer] Mapped {/api/purchase-invoices/:id, DELETE} (version: 1) route +0ms
[Nest] 2026-04-14T15:20:49.673Z [32minfo[39m [NestApplication] Nest application successfully started +92ms
🚀 Application is running on: http://localhost:4004
[Nest] 2026-04-14T15:21:03.182Z [32minfo[39m [HTTP]  +14s
[Nest] 2026-04-14T15:21:03.879Z [32minfo[39m [HTTP]  +697ms
[Nest] 2026-04-14T15:21:04.610Z [32minfo[39m [HTTP]  +731ms
[Nest] 2026-04-14T15:21:05.259Z [32minfo[39m [HTTP]  +649ms
[Nest] 2026-04-14T15:21:16.536Z [32minfo[39m [HTTP]  +11s
[Nest] 2026-04-14T15:21:17.612Z [32minfo[39m [HTTP]  +1s
[Nest] 2026-04-14T15:21:18.334Z [32minfo[39m [HTTP]  +722ms
[Nest] 2026-04-14T15:21:33.203Z [32minfo[39m [HTTP]  +15s
[Nest] 2026-04-14T15:21:33.924Z [32minfo[39m [HTTP]  +721ms
[Nest] 2026-04-14T15:21:34.740Z [32minfo[39m [HTTP]  +816ms
[Nest] 2026-04-14T15:21:35.466Z [32minfo[39m [HTTP]  +726ms
[Nest] 2026-04-14T15:21:47.812Z [32minfo[39m [HTTP]  +12s
[Nest] 2026-04-14T15:21:48.418Z [32minfo[39m [HTTP]  +606ms
[Nest] 2026-04-14T15:22:02.994Z [32minfo[39m [HTTP]  +15s
[Nest] 2026-04-14T15:22:03.651Z [32minfo[39m [HTTP]  +657ms
[Nest] 2026-04-14T15:22:04.380Z [32minfo[39m [HTTP]  +729ms
[Nest] 2026-04-14T15:22:05.024Z [32minfo[39m [HTTP]  +644ms
[Nest] 2026-04-14T15:22:18.006Z [32minfo[39m [HTTP]  +13s
[Nest] 2026-04-14T15:22:18.667Z [32minfo[39m [HTTP]  +661ms
[Nest] 2026-04-14T15:22:33.006Z [32minfo[39m [HTTP]  +14s
[Nest] 2026-04-14T15:22:33.650Z [32minfo[39m [HTTP]  +644ms
[Nest] 2026-04-14T15:22:34.372Z [32minfo[39m [HTTP]  +722ms
[Nest] 2026-04-14T15:22:35.025Z [32minfo[39m [HTTP]  +653ms
[Nest] 2026-04-14T15:22:47.907Z [32minfo[39m [HTTP]  +13s
[Nest] 2026-04-14T15:22:48.575Z [32minfo[39m [HTTP]  +668ms
[Nest] 2026-04-14T15:23:03.028Z [32minfo[39m [HTTP]  +14s
[Nest] 2026-04-14T15:23:03.692Z [32minfo[39m [HTTP]  +664ms
[Nest] 2026-04-14T15:23:04.431Z [32minfo[39m [HTTP]  +739ms
[Nest] 2026-04-14T15:23:05.081Z [32minfo[39m [HTTP]  +650ms
[Nest] 2026-04-14T15:23:18.030Z [32minfo[39m [HTTP]  +13s
[Nest] 2026-04-14T15:23:18.686Z [32minfo[39m [HTTP]  +656ms
[Nest] 2026-04-14T15:23:33.022Z [32minfo[39m [HTTP]  +14s
[Nest] 2026-04-14T15:23:33.663Z [32minfo[39m [HTTP]  +641ms
[Nest] 2026-04-14T15:23:34.385Z [32minfo[39m [HTTP]  +722ms
[Nest] 2026-04-14T15:23:35.044Z [32minfo[39m [HTTP]  +659ms
[Nest] 2026-04-14T15:23:48.068Z [32minfo[39m [HTTP]  +13s
[Nest] 2026-04-14T15:23:48.787Z [32minfo[39m [HTTP]  +719ms
[Nest] 2026-04-14T15:24:03.085Z [32minfo[39m [HTTP]  +14s
[Nest] 2026-04-14T15:24:03.752Z [32minfo[39m [HTTP]  +666ms
[Nest] 2026-04-14T15:24:04.505Z [32minfo[39m [HTTP]  +753ms
[Nest] 2026-04-14T15:24:05.164Z [32minfo[39m [HTTP]  +659ms
[Nest] 2026-04-14T15:24:17.991Z [32minfo[39m [HTTP]  +13s
[Nest] 2026-04-14T15:24:18.643Z [32minfo[39m [HTTP]  +652ms
[Nest] 2026-04-14T15:24:32.983Z [32minfo[39m [HTTP]  +14s
[Nest] 2026-04-14T15:24:33.637Z [32minfo[39m [HTTP]  +654ms
[Nest] 2026-04-14T15:24:34.359Z [32minfo[39m [HTTP]  +722ms
[Nest] 2026-04-14T15:24:35.007Z [32minfo[39m [HTTP]  +648ms
[Nest] 2026-04-14T15:24:47.818Z [32minfo[39m [HTTP]  +13s
[Nest] 2026-04-14T15:24:48.407Z [32minfo[39m [HTTP]  +589ms
[Nest] 2026-04-14T15:25:03.214Z [32minfo[39m [HTTP]  +15s
[Nest] 2026-04-14T15:25:03.875Z [32minfo[39m [HTTP]  +661ms
[Nest] 2026-04-14T15:25:04.614Z [32minfo[39m [HTTP]  +739ms
[Nest] 2026-04-14T15:25:05.268Z [32minfo[39m [HTTP]  +654ms
[Nest] 2026-04-14T15:25:18.027Z [32minfo[39m [HTTP]  +13s
[Nest] 2026-04-14T15:25:18.701Z [32minfo[39m [HTTP]  +674ms
[Nest] 2026-04-14T15:25:33.222Z [32minfo[39m [HTTP]  +15s
[Nest] 2026-04-14T15:25:33.947Z [32minfo[39m [HTTP]  +725ms
[Nest] 2026-04-14T15:25:34.777Z [32minfo[39m [HTTP]  +830ms
[Nest] 2026-04-14T15:25:35.516Z [32minfo[39m [HTTP]  +739ms
[Nest] 2026-04-14T15:25:47.974Z [32minfo[39m [HTTP]  +12s
[Nest] 2026-04-14T15:25:48.633Z [32minfo[39m [HTTP]  +659ms
[Nest] 2026-04-14T15:26:03.184Z [32minfo[39m [HTTP]  +15s
[Nest] 2026-04-14T15:26:03.834Z [32minfo[39m [HTTP]  +650ms
[Nest] 2026-04-14T15:26:04.591Z [32minfo[39m [HTTP]  +757ms
[Nest] 2026-04-14T15:26:05.233Z [32minfo[39m [HTTP]  +642ms
[Nest] 2026-04-14T15:26:18.064Z [32minfo[39m [HTTP]  +13s
[Nest] 2026-04-14T15:26:18.788Z [32minfo[39m [HTTP]  +724ms
[Nest] 2026-04-14T15:26:33.133Z [32minfo[39m [HTTP]  +14s
[Nest] 2026-04-14T15:26:33.835Z [32minfo[39m [HTTP]  +702ms
[Nest] 2026-04-14T15:26:34.616Z [32minfo[39m [HTTP]  +781ms
[Nest] 2026-04-14T15:26:35.312Z [32minfo[39m [HTTP]  +696ms
[Nest] 2026-04-14T15:26:48.280Z [32minfo[39m [HTTP]  +13s
[Nest] 2026-04-14T15:26:49.076Z [32minfo[39m [HTTP]  +796ms
[Nest] 2026-04-14T15:27:03.461Z [32minfo[39m [HTTP]  +14s
[Nest] 2026-04-14T15:27:04.279Z [32minfo[39m [HTTP]  +818ms
[Nest] 2026-04-14T15:27:05.177Z [32minfo[39m [HTTP]  +898ms
[Nest] 2026-04-14T15:27:05.963Z [32minfo[39m [HTTP]  +786ms
[Nest] 2026-04-14T15:27:18.108Z [32minfo[39m [HTTP]  +12s
[Nest] 2026-04-14T15:27:18.875Z [32minfo[39m [HTTP]  +767ms
[Nest] 2026-04-14T15:27:33.318Z [32minfo[39m [HTTP]  +14s
[Nest] 2026-04-14T15:27:34.110Z [32minfo[39m [HTTP]  +792ms
[Nest] 2026-04-14T15:27:34.997Z [32minfo[39m [HTTP]  +887ms
[Nest] 2026-04-14T15:27:35.785Z [32minfo[39m [HTTP]  +788ms
[Nest] 2026-04-14T15:27:47.965Z [32minfo[39m [HTTP]  +12s
[Nest] 2026-04-14T15:27:48.605Z [32minfo[39m [HTTP]  +640ms
[Nest] 2026-04-14T15:28:03.245Z [32minfo[39m [HTTP]  +15s
[Nest] 2026-04-14T15:28:03.980Z [32minfo[39m [HTTP]  +735ms
[Nest] 2026-04-14T15:28:04.797Z [32minfo[39m [HTTP]  +817ms
[Nest] 2026-04-14T15:28:05.523Z [32minfo[39m [HTTP]  +726ms
[Nest] 2026-04-14T15:28:18.206Z [32minfo[39m [HTTP]  +13s
[Nest] 2026-04-14T15:28:18.989Z [32minfo[39m [HTTP]  +783ms
[Nest] 2026-04-14T15:28:33.298Z [32minfo[39m [HTTP]  +14s
[Nest] 2026-04-14T15:28:34.076Z [32minfo[39m [HTTP]  +778ms
[Nest] 2026-04-14T15:28:34.963Z [32minfo[39m [HTTP]  +887ms
[Nest] 2026-04-14T15:28:35.739Z [32minfo[39m [HTTP]  +776ms
[Nest] 2026-04-14T15:28:48.140Z [32minfo[39m [HTTP]  +12s
[Nest] 2026-04-14T15:28:48.763Z [32minfo[39m [HTTP]  +623ms
[Nest] 2026-04-14T15:29:03.134Z [32minfo[39m [HTTP]  +14s
[Nest] 2026-04-14T15:29:03.776Z [32minfo[39m [HTTP]  +642ms
[Nest] 2026-04-14T15:29:04.504Z [32minfo[39m [HTTP]  +728ms
[Nest] 2026-04-14T15:29:05.137Z [32minfo[39m [HTTP]  +633ms
[Nest] 2026-04-14T15:29:18.193Z [32minfo[39m [HTTP]  +13s
[Nest] 2026-04-14T15:29:18.992Z [32minfo[39m [HTTP]  +799ms
[Nest] 2026-04-14T15:29:23.396Z [32minfo[39m [HTTP]  +4s
[Nest] 2026-04-14T15:29:24.092Z [32minfo[39m [HTTP]  +696ms
[Nest] 2026-04-14T15:29:24.254Z [32minfo[39m [HTTP]  +162ms
[Nest] 2026-04-14T15:29:24.955Z [32minfo[39m [HTTP]  +701ms
[Nest] 2026-04-14T15:29:25.001Z [32minfo[39m [HTTP]  +46ms
[Nest] 2026-04-14T15:29:26.164Z [32minfo[39m [HTTP]  +1s
[Nest] 2026-04-14T15:29:26.618Z [32minfo[39m [HTTP]  +454ms
RolesService: resolving permissions for user=25390d0e-9744-4ec3-85f4-6e926f5d0a51 email=deybisasprilla@gmail.com storedRole=MANAGER effectiveRole=ADMIN debugRole=ADMIN
[Nest] 2026-04-14T15:29:27.402Z [32minfo[39m [HTTP]  +784ms
[Nest] 2026-04-14T15:29:27.421Z [32minfo[39m [HTTP]  +19ms
[Nest] 2026-04-14T15:29:28.306Z [32minfo[39m [HTTP]  +885ms
[Nest] 2026-04-14T15:29:28.578Z [32minfo[39m [HTTP]  +272ms
[Nest] 2026-04-14T15:29:28.830Z [32minfo[39m [HTTP]  +252ms
[Nest] 2026-04-14T15:29:29.018Z [32minfo[39m [HTTP]  +188ms
[Nest] 2026-04-14T15:29:29.080Z [32minfo[39m [HTTP]  +62ms
[Nest] 2026-04-14T15:29:29.251Z [32minfo[39m [HTTP]  +171ms
RolesService: resolving permissions for user=25390d0e-9744-4ec3-85f4-6e926f5d0a51 email=deybisasprilla@gmail.com storedRole=MANAGER effectiveRole=ADMIN debugRole=ADMIN
[Nest] 2026-04-14T15:29:29.608Z [32minfo[39m [HTTP]  +357ms
RolesService: resolving permissions for user=25390d0e-9744-4ec3-85f4-6e926f5d0a51 email=deybisasprilla@gmail.com storedRole=MANAGER effectiveRole=ADMIN debugRole=ADMIN
[Nest] 2026-04-14T15:29:29.711Z [32minfo[39m [HTTP]  +103ms
[Nest] 2026-04-14T15:29:30.159Z [32minfo[39m [HTTP]  +448ms
[Nest] 2026-04-14T15:29:30.834Z [32minfo[39m [HTTP]  +675ms
[Nest] 2026-04-14T15:29:38.318Z [32minfo[39m [HTTP]  +7s
[Nest] 2026-04-14T15:29:39.350Z [32minfo[39m [HTTP]  +1s
[Nest] 2026-04-14T15:29:40.018Z [32minfo[39m [HTTP]  +668ms
[Nest] 2026-04-14T15:29:41.060Z [32minfo[39m [HTTP]  +1s
[Nest] 2026-04-14T15:29:41.727Z [32minfo[39m [HTTP]  +667ms
[Nest] 2026-04-14T15:29:41.967Z [32minfo[39m [HTTP]  +240ms
[Nest] 2026-04-14T15:29:42.755Z [32minfo[39m [HTTP]  +788ms
[Nest] 2026-04-14T15:29:57.370Z [32minfo[39m [HTTP]  +15s
[Nest] 2026-04-14T15:29:58.068Z [32minfo[39m [HTTP]  +698ms
[Nest] 2026-04-14T15:29:58.875Z [32minfo[39m [HTTP]  +807ms
[Nest] 2026-04-14T15:29:59.597Z [32minfo[39m [HTTP]  +722ms
[Nest] 2026-04-14T15:30:12.410Z [32minfo[39m [HTTP]  +13s
[Nest] 2026-04-14T15:30:13.132Z [32minfo[39m [HTTP]  +722ms
[Nest] 2026-04-14T15:30:27.461Z [32minfo[39m [HTTP]  +14s
[Nest] 2026-04-14T15:30:28.263Z [32minfo[39m [HTTP]  +802ms
[Nest] 2026-04-14T15:30:29.139Z [32minfo[39m [HTTP]  +876ms
[Nest] 2026-04-14T15:30:29.917Z [32minfo[39m [HTTP]  +778ms
[Nest] 2026-04-14T15:30:42.192Z [32minfo[39m [HTTP]  +12s
[Nest] 2026-04-14T15:30:42.850Z [32minfo[39m [HTTP]  +658ms
[Nest] 2026-04-14T15:30:57.554Z [32minfo[39m [HTTP]  +15s
[Nest] 2026-04-14T15:30:58.362Z [32minfo[39m [HTTP]  +808ms
[Nest] 2026-04-14T15:30:59.261Z [32minfo[39m [HTTP]  +899ms
[Nest] 2026-04-14T15:31:00.052Z [32minfo[39m [HTTP]  +791ms
[Nest] 2026-04-14T15:31:12.289Z [32minfo[39m [HTTP]  +12s
[Nest] 2026-04-14T15:31:13.000Z [32minfo[39m [HTTP]  +711ms
[Nest] 2026-04-14T15:31:27.411Z [32minfo[39m [HTTP]  +14s
[Nest] 2026-04-14T15:31:28.140Z [32minfo[39m [HTTP]  +729ms
[Nest] 2026-04-14T15:31:28.931Z [32minfo[39m [HTTP]  +791ms
[Nest] 2026-04-14T15:31:29.646Z [32minfo[39m [HTTP]  +715ms
[Nest] 2026-04-14T15:31:42.344Z [32minfo[39m [HTTP]  +13s
[Nest] 2026-04-14T15:31:43.069Z [32minfo[39m [HTTP]  +725ms
[Nest] 2026-04-14T15:31:57.371Z [32minfo[39m [HTTP]  +14s
[Nest] 2026-04-14T15:31:58.082Z [32minfo[39m [HTTP]  +711ms
[Nest] 2026-04-14T15:31:58.883Z [32minfo[39m [HTTP]  +801ms
[Nest] 2026-04-14T15:31:59.592Z [32minfo[39m [HTTP]  +709ms
[Nest] 2026-04-14T15:32:12.443Z [32minfo[39m [HTTP]  +13s
[Nest] 2026-04-14T15:32:13.235Z [32minfo[39m [HTTP]  +792ms
[Nest] 2026-04-14T15:32:27.495Z [32minfo[39m [HTTP]  +14s
[Nest] 2026-04-14T15:32:28.218Z [32minfo[39m [HTTP]  +723ms
[Nest] 2026-04-14T15:32:29.050Z [32minfo[39m [HTTP]  +832ms
[Nest] 2026-04-14T15:32:29.768Z [32minfo[39m [HTTP]  +718ms
[Nest] 2026-04-14T15:32:42.269Z [32minfo[39m [HTTP]  +13s
[Nest] 2026-04-14T15:32:42.977Z [32minfo[39m [HTTP]  +708ms
[Nest] 2026-04-14T15:32:57.566Z [32minfo[39m [HTTP]  +15s
[Nest] 2026-04-14T15:32:58.344Z [32minfo[39m [HTTP]  +778ms
[Nest] 2026-04-14T15:32:59.243Z [32minfo[39m [HTTP]  +899ms
[Nest] 2026-04-14T15:33:00.022Z [32minfo[39m [HTTP]  +779ms
[Nest] 2026-04-14T15:33:12.380Z [32minfo[39m [HTTP]  +12s
[Nest] 2026-04-14T15:33:13.147Z [32minfo[39m [HTTP]  +766ms
[Nest] 2026-04-14T15:33:27.386Z [32minfo[39m [HTTP]  +14s
[Nest] 2026-04-14T15:33:28.030Z [32minfo[39m [HTTP]  +644ms
[Nest] 2026-04-14T15:33:28.767Z [32minfo[39m [HTTP]  +737ms
[Nest] 2026-04-14T15:33:29.411Z [32minfo[39m [HTTP]  +644ms
[Nest] 2026-04-14T15:33:42.415Z [32minfo[39m [HTTP]  +13s
[Nest] 2026-04-14T15:33:43.210Z [32minfo[39m [HTTP]  +795ms
[Nest] 2026-04-14T15:33:57.429Z [32minfo[39m [HTTP]  +14s
[Nest] 2026-04-14T15:33:58.151Z [32minfo[39m [HTTP]  +722ms
[Nest] 2026-04-14T15:33:58.970Z [32minfo[39m [HTTP]  +819ms
[Nest] 2026-04-14T15:33:59.696Z [32minfo[39m [HTTP]  +726ms
[Nest] 2026-04-14T15:34:12.528Z [32minfo[39m [HTTP]  +13s
[Nest] 2026-04-14T15:34:13.313Z [32minfo[39m [HTTP]  +785ms
[Nest] 2026-04-14T15:34:27.362Z [32minfo[39m [HTTP]  +14s
[Nest] 2026-04-14T15:34:28.082Z [32minfo[39m [HTTP]  +720ms
[Nest] 2026-04-14T15:34:28.876Z [32minfo[39m [HTTP]  +794ms
[Nest] 2026-04-14T15:34:29.572Z [32minfo[39m [HTTP]  +696ms
[Nest] 2026-04-14T15:34:42.189Z [32minfo[39m [HTTP]  +13s
[Nest] 2026-04-14T15:34:42.829Z [32minfo[39m [HTTP]  +640ms
[Nest] 2026-04-14T15:34:57.575Z [32minfo[39m [HTTP]  +15s
[Nest] 2026-04-14T15:34:58.358Z [32minfo[39m [HTTP]  +783ms
[Nest] 2026-04-14T15:34:59.257Z [32minfo[39m [HTTP]  +899ms
[Nest] 2026-04-14T15:35:00.033Z [32minfo[39m [HTTP]  +776ms
[Nest] 2026-04-14T15:35:12.330Z [32minfo[39m [HTTP]  +12s
[Nest] 2026-04-14T15:35:13.067Z [32minfo[39m [HTTP]  +737ms
[Nest] 2026-04-14T15:35:27.465Z [32minfo[39m [HTTP]  +14s
[Nest] 2026-04-14T15:35:28.183Z [32minfo[39m [HTTP]  +718ms
[Nest] 2026-04-14T15:35:29.012Z [32minfo[39m [HTTP]  +829ms
[Nest] 2026-04-14T15:35:29.727Z [32minfo[39m [HTTP]  +715ms
[Nest] 2026-04-14T15:35:42.223Z [32minfo[39m [HTTP]  +12s
[Nest] 2026-04-14T15:35:42.874Z [32minfo[39m [HTTP]  +651ms
[Nest] 2026-04-14T15:35:57.022Z [32minfo[39m [HTTP]  +14s
[Nest] 2026-04-14T15:35:57.681Z [32minfo[39m [HTTP]  +659ms
[Nest] 2026-04-14T15:35:58.425Z [32minfo[39m [HTTP]  +744ms
[Nest] 2026-04-14T15:35:59.064Z [32minfo[39m [HTTP]  +639ms
[Nest] 2026-04-14T15:36:12.476Z [32minfo[39m [HTTP]  +13s
[Nest] 2026-04-14T15:36:13.267Z [32minfo[39m [HTTP]  +791ms
[Nest] 2026-04-14T15:36:27.424Z [32minfo[39m [HTTP]  +14s
[Nest] 2026-04-14T15:36:28.150Z [32minfo[39m [HTTP]  +726ms
[Nest] 2026-04-14T15:36:28.976Z [32minfo[39m [HTTP]  +826ms
[Nest] 2026-04-14T15:36:29.692Z [32minfo[39m [HTTP]  +716ms
[Nest] 2026-04-14T15:36:42.160Z [32minfo[39m [HTTP]  +12s
[Nest] 2026-04-14T15:36:42.810Z [32minfo[39m [HTTP]  +650ms
[Nest] 2026-04-14T15:36:57.272Z [32minfo[39m [HTTP]  +14s
[Nest] 2026-04-14T15:36:57.924Z [32minfo[39m [HTTP]  +652ms
[Nest] 2026-04-14T15:36:58.683Z [32minfo[39m [HTTP]  +759ms
[Nest] 2026-04-14T15:36:58.744Z [32minfo[39m [HTTP]  +61ms
[Nest] 2026-04-14T15:36:58.968Z [32minfo[39m [HTTP]  +224ms
RolesService: resolving permissions for user=25390d0e-9744-4ec3-85f4-6e926f5d0a51 email=deybisasprilla@gmail.com storedRole=MANAGER effectiveRole=ADMIN debugRole=ADMIN
[Nest] 2026-04-14T15:36:59.260Z [32minfo[39m [HTTP]  +292ms
[Nest] 2026-04-14T15:36:59.677Z [32minfo[39m [HTTP]  +417ms
RolesService: resolving permissions for user=25390d0e-9744-4ec3-85f4-6e926f5d0a51 email=deybisasprilla@gmail.com storedRole=MANAGER effectiveRole=ADMIN debugRole=ADMIN
[Nest] 2026-04-14T15:36:59.716Z [32minfo[39m [HTTP]  +39ms
[Nest] 2026-04-14T15:37:06.548Z [32minfo[39m [HTTP]  +7s
[Nest] 2026-04-14T15:37:06.606Z [32minfo[39m [HTTP]  +58ms
RolesService: resolving permissions for user=25390d0e-9744-4ec3-85f4-6e926f5d0a51 email=deybisasprilla@gmail.com storedRole=MANAGER effectiveRole=ADMIN debugRole=ADMIN
[Nest] 2026-04-14T15:37:07.176Z [32minfo[39m [HTTP]  +570ms
RolesService: resolving permissions for user=25390d0e-9744-4ec3-85f4-6e926f5d0a51 email=deybisasprilla@gmail.com storedRole=MANAGER effectiveRole=ADMIN debugRole=ADMIN
[Nest] 2026-04-14T15:37:07.306Z [32minfo[39m [HTTP]  +130ms
[Nest] 2026-04-14T15:37:11.958Z [32minfo[39m [HTTP]  +5s
[Nest] 2026-04-14T15:37:12.434Z [32minfo[39m [HTTP]  +476ms
[Nest] 2026-04-14T15:37:12.698Z [32minfo[39m [HTTP]  +264ms
RolesService: resolving permissions for user=25390d0e-9744-4ec3-85f4-6e926f5d0a51 email=deybisasprilla@gmail.com storedRole=MANAGER effectiveRole=ADMIN debugRole=ADMIN
[Nest] 2026-04-14T15:37:13.059Z [32minfo[39m [HTTP]  +361ms
[Nest] 2026-04-14T15:37:13.214Z [32minfo[39m [HTTP]  +155ms
RolesService: resolving permissions for user=25390d0e-9744-4ec3-85f4-6e926f5d0a51 email=deybisasprilla@gmail.com storedRole=MANAGER effectiveRole=ADMIN debugRole=ADMIN
[Nest] 2026-04-14T15:37:13.360Z [32minfo[39m [HTTP]  +146ms
[Nest] 2026-04-14T15:37:14.552Z [32minfo[39m [HTTP]  +1s
[Nest] 2026-04-14T15:37:14.694Z [32minfo[39m [HTTP]  +142ms
RolesService: resolving permissions for user=25390d0e-9744-4ec3-85f4-6e926f5d0a51 email=deybisasprilla@gmail.com storedRole=MANAGER effectiveRole=ADMIN debugRole=ADMIN
[Nest] 2026-04-14T15:37:15.158Z [32minfo[39m [HTTP]  +464ms
RolesService: resolving permissions for user=25390d0e-9744-4ec3-85f4-6e926f5d0a51 email=deybisasprilla@gmail.com storedRole=MANAGER effectiveRole=ADMIN debugRole=ADMIN
[Nest] 2026-04-14T15:37:15.353Z [32minfo[39m [HTTP]  +195ms
[Nest] 2026-04-14T15:37:16.904Z [32minfo[39m [HTTP]  +2s
[Nest] 2026-04-14T15:37:17.046Z [32minfo[39m [HTTP]  +142ms
RolesService: resolving permissions for user=25390d0e-9744-4ec3-85f4-6e926f5d0a51 email=deybisasprilla@gmail.com storedRole=MANAGER effectiveRole=ADMIN debugRole=ADMIN
[Nest] 2026-04-14T15:37:17.527Z [32minfo[39m [HTTP]  +481ms
RolesService: resolving permissions for user=25390d0e-9744-4ec3-85f4-6e926f5d0a51 email=deybisasprilla@gmail.com storedRole=MANAGER effectiveRole=ADMIN debugRole=ADMIN
[Nest] 2026-04-14T15:37:17.698Z [32minfo[39m [HTTP]  +171ms
[Nest] 2026-04-14T15:37:19.225Z [32minfo[39m [HTTP]  +2s
[Nest] 2026-04-14T15:37:19.374Z [32minfo[39m [HTTP]  +149ms
[Nest] 2026-04-14T15:37:20.211Z [32minfo[39m [HTTP]  +837ms
[Nest] 2026-04-14T15:37:20.357Z [32minfo[39m [HTTP]  +146ms
RolesService: resolving permissions for user=25390d0e-9744-4ec3-85f4-6e926f5d0a51 email=deybisasprilla@gmail.com storedRole=MANAGER effectiveRole=ADMIN debugRole=ADMIN
[Nest] 2026-04-14T15:37:20.815Z [32minfo[39m [HTTP]  +458ms
RolesService: resolving permissions for user=25390d0e-9744-4ec3-85f4-6e926f5d0a51 email=deybisasprilla@gmail.com storedRole=MANAGER effectiveRole=ADMIN debugRole=ADMIN
[Nest] 2026-04-14T15:37:21.008Z [32minfo[39m [HTTP]  +193ms
[Nest] 2026-04-14T15:37:26.944Z [32minfo[39m [HTTP]  +6s
[Nest] 2026-04-14T15:37:27.021Z [32minfo[39m [HTTP]  +77ms
RolesService: resolving permissions for user=25390d0e-9744-4ec3-85f4-6e926f5d0a51 email=deybisasprilla@gmail.com storedRole=MANAGER effectiveRole=ADMIN debugRole=ADMIN
[Nest] 2026-04-14T15:37:27.809Z [32minfo[39m [HTTP]  +788ms
[Nest] 2026-04-14T15:37:28.687Z [32minfo[39m [HTTP]  +878ms
[Nest] 2026-04-14T15:37:29.468Z [32minfo[39m [HTTP]  +781ms
[Nest] 2026-04-14T15:37:30.334Z [32minfo[39m [HTTP]  +866ms
